<area shape="rect" href="$_logger_8hpp.html" title="Abstract base class &#39;Logger&#39;, base of the logging system." alt="" coords="559,155,644,181">
<area shape="rect" href="$_log_stream_8hpp.html" title="Abstract base class &#39;LogStream&#39;, representing an output log stream." alt="" coords="668,155,777,181">
<area shape="rect" href="$_null_logger_8hpp.html" title="Dummy logger." alt="" coords="579,80,685,107">
<area shape="rect" href="$types_8h.html" title="types.h" alt="" coords="629,229,693,256">
<area shape="rect" href="$defs_8h.html" title="Assimp build configuration setup. See the notes in the comment blocks to find out..." alt="" coords="511,453,567,480">
<area shape="rect" href="$vector3_8h.html" title="3D vector structure, including operators when compiling in C++" alt="" coords="625,379,697,405">
<area shape="rect" href="$vector2_8h.html" title="2D vector structure, including operators when compiling in C++" alt="" coords="721,379,793,405">
<area shape="rect" href="$color4_8h.html" title="RGBA color structure, including operators when compiling in C++." alt="" coords="484,379,551,405">
<area shape="rect" href="$matrix3x3_8h.html" title="Definition of a 3x3 matrix, including operators when compiling in C++." alt="" coords="321,379,409,405">
<area shape="rect" href="$matrix4x4_8h.html" title="4x4 matrix structure, including operators when compiling in C++" alt="" coords="536,304,624,331">
<area shape="rect" href="$quaternion_8h.html" title="Quaternion structure, including operators when compiling in C++." alt="" coords="749,304,840,331">
<area shape="rect" href="$vector2_8inl.html" title="Inline implementation of aiVector2t&lt;TReal&gt; operators." alt="" coords="864,304,944,331">
<area shape="rect" href="$vector3_8inl.html" title="Inline implementation of aiVector3t&lt;TReal&gt; operators." alt="" coords="968,304,1048,331">
<area shape="rect" href="$color4_8inl.html" title="Inline implementation of aiColor4t&lt;TReal&gt; operators." alt="" coords="1072,304,1144,331">
<area shape="rect" href="$assimp-4_81_80_2include_2assimp_2quaternion_8inl-source.html" title="quaternion.inl" alt="" coords="1168,304,1267,331">
<area shape="rect" href="$matrix3x3_8inl.html" title="Inline implementation of the 3x3 matrix operators." alt="" coords="1291,304,1387,331">
<area shape="rect" href="$matrix4x4_8inl.html" title="Inline implementation of the 4x4 matrix operators." alt="" coords="1411,304,1507,331">
<area shape="rect" href="$config_8h.html" title="Defines constants for configurable properties for the library." alt="" coords="483,528,595,555">
<area shape="rect" href="$pushpack1_8h-source.html" title="./Compiler/pushpack1.h" alt="" coords="697,453,855,480">
<area shape="rect" href="$poppack1_8h-source.html" title="./Compiler/poppack1.h" alt="" coords="879,453,1031,480">
