<area shape="rect" href="$bt_triangle_shape_ex_8h-source.html" title="C:/Users/New/Documents/Games_Technology/Year4_Semester1/ICT397/~My Work/Assignment2/ICT397Carre/CarreGameEngine/Dependencies/BulletPhysicsEngine/include/BulletCollision/Gimpact/btTriangleShapeEx.h" alt="" coords="2753,80,4044,107">
<area shape="rect" href="$bt_g_impact_bvh_8h-source.html" title="C:/Users/New/Documents/Games_Technology/Year4_Semester1/ICT397/~My Work/Assignment2/ICT397Carre/CarreGameEngine/Dependencies/BulletPhysicsEngine/include/BulletCollision/Gimpact/btGImpactBvh.h" alt="" coords="1407,229,2668,256">
<area shape="rect" href="$bt_g_impact_bvh_structs_8h-source.html" title="C:/Users/New/Documents/Games_Technology/Year4_Semester1/ICT397/~My Work/Assignment2/ICT397Carre/CarreGameEngine/Dependencies/BulletPhysicsEngine/include/BulletCollision/Gimpact/btGImpactBvhStructs.h" alt="" coords="2057,155,3361,181">
<area shape="rect" href="$bt_contact_processing_8h-source.html" title="C:/Users/New/Documents/Games_Technology/Year4_Semester1/ICT397/~My Work/Assignment2/ICT397Carre/CarreGameEngine/Dependencies/BulletPhysicsEngine/include/BulletCollision/Gimpact/btContactProcessing.h" alt="" coords="3448,229,4749,256">
<area shape="rect" href="$bt_contact_processing_structs_8h-source.html" title="C:/Users/New/Documents/Games_Technology/Year4_Semester1/ICT397/~My Work/Assignment2/ICT397Carre/CarreGameEngine/Dependencies/BulletPhysicsEngine/include/BulletCollision/Gimpact/btContactProcessingStructs.h" alt="" coords="3436,155,4780,181">
<area shape="rect" href="$bt_triangle_shape_ex_8cpp-source.html" title="C:/Users/New/Documents/Games_Technology/Year4_Semester1/ICT397/~My Work/Assignment2/ICT397Carre/CarreGameEngine/Dependencies/BulletPhysicsEngine/include/BulletCollision/Gimpact/btTriangleShapeEx.cpp" alt="" coords="4804,155,6108,181">
<area shape="rect" href="$bt_g_impact_quantized_bvh_8h.html" title="C:/Users/New/Documents/Games_Technology/Year4_Semester1/ICT397/~My Work/Assignment2/ICT397Carre/CarreGameEngine/Dependencies/BulletPhysicsEngine/include/BulletCollision/Gimpact/btGImpactQuantizedBvh.h" alt="" coords="1372,379,2692,405">
<area shape="rect" href="$bt_g_impact_quantized_bvh_structs_8h-source.html" title="C:/Users/New/Documents/Games_Technology/Year4_Semester1/ICT397/~My Work/Assignment2/ICT397Carre/CarreGameEngine/Dependencies/BulletPhysicsEngine/include/BulletCollision/Gimpact/btGImpactQuantizedBvhStructs.h" alt="" coords="1356,304,2719,331">
<area shape="rect" href="$bt_g_impact_bvh_8cpp-source.html" title="C:/Users/New/Documents/Games_Technology/Year4_Semester1/ICT397/~My Work/Assignment2/ICT397Carre/CarreGameEngine/Dependencies/BulletPhysicsEngine/include/BulletCollision/Gimpact/btGImpactBvh.cpp" alt="" coords="2743,304,4017,331">
<area shape="rect" href="$bt_g_impact_shape_8h.html" title="C:/Users/New/Documents/Games_Technology/Year4_Semester1/ICT397/~My Work/Assignment2/ICT397Carre/CarreGameEngine/Dependencies/BulletPhysicsEngine/include/BulletCollision/Gimpact/btGImpactShape.h" alt="" coords="1389,453,2667,480">
<area shape="rect" href="$bt_g_impact_quantized_bvh_8cpp-source.html" title="C:/Users/New/Documents/Games_Technology/Year4_Semester1/ICT397/~My Work/Assignment2/ICT397Carre/CarreGameEngine/Dependencies/BulletPhysicsEngine/include/BulletCollision/Gimpact/btGImpactQuantizedBvh.cpp" alt="" coords="2691,453,4027,480">
<area shape="rect" href="$bt_compound_from_gimpact_8h-source.html" title="C:/Users/New/Documents/Games_Technology/Year4_Semester1/ICT397/~My Work/Assignment2/ICT397Carre/CarreGameEngine/Dependencies/BulletPhysicsEngine/include/BulletCollision/Gimpact/btCompoundFromGimpact.h" alt="" coords="5,528,1339,555">
<area shape="rect" href="$bt_g_impact_collision_algorithm_8h-source.html" title="C:/Users/New/Documents/Games_Technology/Year4_Semester1/ICT397/~My Work/Assignment2/ICT397Carre/CarreGameEngine/Dependencies/BulletPhysicsEngine/include/BulletCollision/Gimpact/btGImpactCollisionAlgorithm.h" alt="" coords="1363,528,2707,555">
<area shape="rect" href="$bt_g_impact_shape_8cpp-source.html" title="C:/Users/New/Documents/Games_Technology/Year4_Semester1/ICT397/~My Work/Assignment2/ICT397Carre/CarreGameEngine/Dependencies/BulletPhysicsEngine/include/BulletCollision/Gimpact/btGImpactShape.cpp" alt="" coords="2731,528,4021,555">
<area shape="rect" href="$bt_g_impact_collision_algorithm_8cpp-source.html" title="C:/Users/New/Documents/Games_Technology/Year4_Semester1/ICT397/~My Work/Assignment2/ICT397Carre/CarreGameEngine/Dependencies/BulletPhysicsEngine/include/BulletCollision/Gimpact/btGImpactCollisionAlgorithm.cpp" alt="" coords="2369,603,3729,629">
<area shape="rect" href="$bt_contact_processing_8cpp-source.html" title="C:/Users/New/Documents/Games_Technology/Year4_Semester1/ICT397/~My Work/Assignment2/ICT397Carre/CarreGameEngine/Dependencies/BulletPhysicsEngine/include/BulletCollision/Gimpact/btContactProcessing.cpp" alt="" coords="4101,304,5416,331">
