<area shape="rect" href="$bt_g_impact_shape_8h.html" title="C:/Users/New/Documents/Games_Technology/Year4_Semester1/ICT397/~My Work/Assignment2/ICT397Carre/CarreGameEngine/Dependencies/BulletPhysicsEngine/include/BulletCollision/Gimpact/btGImpactShape.h" alt="" coords="1396,80,2673,107">
<area shape="rect" href="$bt_g_impact_quantized_bvh_8cpp-source.html" title="C:/Users/New/Documents/Games_Technology/Year4_Semester1/ICT397/~My Work/Assignment2/ICT397Carre/CarreGameEngine/Dependencies/BulletPhysicsEngine/include/BulletCollision/Gimpact/btGImpactQuantizedBvh.cpp" alt="" coords="2697,80,4033,107">
<area shape="rect" href="$bt_compound_from_gimpact_8h-source.html" title="C:/Users/New/Documents/Games_Technology/Year4_Semester1/ICT397/~My Work/Assignment2/ICT397Carre/CarreGameEngine/Dependencies/BulletPhysicsEngine/include/BulletCollision/Gimpact/btCompoundFromGimpact.h" alt="" coords="5,155,1339,181">
<area shape="rect" href="$bt_g_impact_collision_algorithm_8h-source.html" title="C:/Users/New/Documents/Games_Technology/Year4_Semester1/ICT397/~My Work/Assignment2/ICT397Carre/CarreGameEngine/Dependencies/BulletPhysicsEngine/include/BulletCollision/Gimpact/btGImpactCollisionAlgorithm.h" alt="" coords="1363,155,2707,181">
<area shape="rect" href="$bt_g_impact_shape_8cpp-source.html" title="C:/Users/New/Documents/Games_Technology/Year4_Semester1/ICT397/~My Work/Assignment2/ICT397Carre/CarreGameEngine/Dependencies/BulletPhysicsEngine/include/BulletCollision/Gimpact/btGImpactShape.cpp" alt="" coords="2731,155,4021,181">
<area shape="rect" href="$bt_g_impact_collision_algorithm_8cpp-source.html" title="C:/Users/New/Documents/Games_Technology/Year4_Semester1/ICT397/~My Work/Assignment2/ICT397Carre/CarreGameEngine/Dependencies/BulletPhysicsEngine/include/BulletCollision/Gimpact/btGImpactCollisionAlgorithm.cpp" alt="" coords="1355,229,2715,256">
