<area shape="rect" href="$bt_compound_from_gimpact_8h-source.html" title="C:/Users/New/Documents/Games_Technology/Year4_Semester1/ICT397/~My Work/Assignment2/ICT397Carre/CarreGameEngine/Dependencies/BulletPhysicsEngine/include/BulletCollision/Gimpact/btCompoundFromGimpact.h" alt="" coords="5,80,1339,107">
<area shape="rect" href="$bt_g_impact_collision_algorithm_8h-source.html" title="C:/Users/New/Documents/Games_Technology/Year4_Semester1/ICT397/~My Work/Assignment2/ICT397Carre/CarreGameEngine/Dependencies/BulletPhysicsEngine/include/BulletCollision/Gimpact/btGImpactCollisionAlgorithm.h" alt="" coords="1363,80,2707,107">
<area shape="rect" href="$bt_g_impact_shape_8cpp-source.html" title="C:/Users/New/Documents/Games_Technology/Year4_Semester1/ICT397/~My Work/Assignment2/ICT397Carre/CarreGameEngine/Dependencies/BulletPhysicsEngine/include/BulletCollision/Gimpact/btGImpactShape.cpp" alt="" coords="2731,80,4021,107">
<area shape="rect" href="$bt_g_impact_collision_algorithm_8cpp-source.html" title="C:/Users/New/Documents/Games_Technology/Year4_Semester1/ICT397/~My Work/Assignment2/ICT397Carre/CarreGameEngine/Dependencies/BulletPhysicsEngine/include/BulletCollision/Gimpact/btGImpactCollisionAlgorithm.cpp" alt="" coords="1355,155,2715,181">
