<area shape="rect" href="$bt_g_impact_bvh_8h-source.html" title="btGImpactBvh.h" alt="" coords="972,155,1084,181">
<area shape="rect" href="$bt_quantization_8h.html" title="btQuantization.h" alt="" coords="683,155,797,181">
<area shape="rect" href="$bt_g_impact_quantized_bvh_structs_8h-source.html" title="btGImpactQuantizedBvhStructs.h" alt="" coords="777,80,991,107">
<area shape="rect" href="$bt_aligned_object_array_8h-source.html" title="LinearMath/btAlignedObjectArray.h" alt="" coords="1285,901,1509,928">
<area shape="rect" href="$bt_box_collision_8h-source.html" title="btBoxCollision.h" alt="" coords="837,453,952,480">
<area shape="rect" href="$bt_triangle_shape_ex_8h-source.html" title="btTriangleShapeEx.h" alt="" coords="957,304,1099,331">
<area shape="rect" href="$bt_g_impact_bvh_structs_8h-source.html" title="btGImpactBvhStructs.h" alt="" coords="1092,229,1247,256">
<area shape="rect" href="$bt_scalar_8h-source.html" title="btScalar.h" alt="" coords="711,1200,791,1227">
<area shape="rect" href="$bt_aligned_allocator_8h-source.html" title="btAlignedAllocator.h" alt="" coords="849,1125,985,1152">
<area shape="rect" href="$bt_transform_8h-source.html" title="LinearMath/btTransform.h" alt="" coords="592,827,760,853">
<area shape="rect" href="$bt_matrix3x3_8h-source.html" title="btMatrix3x3.h" alt="" coords="541,901,640,928">
<area shape="rect" href="$bt_vector3_8h-source.html" title="btVector3.h" alt="" coords="529,1051,617,1077">
<area shape="rect" href="$bt_quaternion_8h-source.html" title="btQuaternion.h" alt="" coords="369,976,476,1003">
<area shape="rect" href="$bt_min_max_8h-source.html" title="btMinMax.h" alt="" coords="396,1125,484,1152">
<area shape="rect" href="$bt_quad_word_8h-source.html" title="btQuadWord.h" alt="" coords="388,1051,492,1077">
<area shape="rect" href="$bt_collision_shape_8h-source.html" title="BulletCollision/CollisionShapes/btCollisionShape.h" alt="" coords="744,752,1056,779">
<area shape="rect" href="$bt_triangle_shape_8h-source.html" title="BulletCollision/CollisionShapes/btTriangleShape.h" alt="" coords="312,379,619,405">
<area shape="rect" href="$bt_clip_polygon_8h.html" title="btClipPolygon.h" alt="" coords="1131,752,1243,779">
<area shape="rect" href="$bt_geometry_operations_8h.html" title="btGeometryOperations.h" alt="" coords="932,379,1095,405">
<area shape="rect" href="$bt_broadphase_proxy_8h-source.html" title="BulletCollision/BroadphaseCollision/btBroadphaseProxy.h" alt="" coords="955,976,1309,1003">
<area shape="rect" href="$bt_convex_shape_8h-source.html" title="btConvexShape.h" alt="" coords="468,677,591,704">
<area shape="rect" href="$bt_box_shape_8h-source.html" title="btBoxShape.h" alt="" coords="279,453,383,480">
<area shape="rect" href="$bt_collision_margin_8h-source.html" title="btCollisionMargin.h" alt="" coords="336,752,467,779">
<area shape="rect" href="$bt_polyhedral_convex_shape_8h-source.html" title="btPolyhedralConvexShape.h" alt="" coords="163,528,347,555">
<area shape="rect" href="$bt_convex_internal_shape_8h-source.html" title="btConvexInternalShape.h" alt="" coords="173,603,336,629">
<area shape="rect" href="$bt_aabb_util2_8h-source.html" title="LinearMath/btAabbUtil2.h" alt="" coords="144,752,312,779">
<area shape="rect" href="$bt_geometry_util_8h-source.html" title="LinearMath/btGeometryUtil.h" alt="" coords="1056,827,1243,853">
