<area shape="rect" href="$bt_collision_shape_8h-source.html" title="BulletCollision/CollisionShapes/btCollisionShape.h" alt="" coords="947,827,1259,853">
<area shape="rect" href="$bt_transform_8h-source.html" title="LinearMath/btTransform.h" alt="" coords="775,901,943,928">
<area shape="rect" href="$bt_matrix3x3_8h-source.html" title="btMatrix3x3.h" alt="" coords="415,976,513,1003">
<area shape="rect" href="$bt_vector3_8h-source.html" title="btVector3.h" alt="" coords="1464,1125,1552,1152">
<area shape="rect" href="$bt_triangle_shape_8h-source.html" title="BulletCollision/CollisionShapes/btTriangleShape.h" alt="" coords="363,453,669,480">
<area shape="rect" href="$bt_collision_margin_8h-source.html" title="btCollisionMargin.h" alt="" coords="144,827,275,853">
<area shape="rect" href="$bt_striding_mesh_interface_8h-source.html" title="BulletCollision/CollisionShapes/btStridingMeshInterface.h" alt="" coords="1124,677,1476,704">
<area shape="rect" href="$bt_concave_shape_8h-source.html" title="btConcaveShape.h" alt="" coords="1384,752,1512,779">
<area shape="rect" href="$bt_collision_world_8h-source.html" title="BulletCollision/CollisionDispatch/btCollisionWorld.h" alt="" coords="2201,528,2516,555">
<area shape="rect" href="$bt_aligned_object_array_8h-source.html" title="LinearMath/btAlignedObjectArray.h" alt="" coords="3517,827,3741,853">
<area shape="rect" href="$bt_tetrahedron_shape_8h-source.html" title="BulletCollision/CollisionShapes/btTetrahedronShape.h" alt="" coords="1149,528,1480,555">
<area shape="rect" href="$bt_g_impact_quantized_bvh_8h.html" title="btGImpactQuantizedBvh.h" alt="" coords="895,80,1065,107">
<area shape="rect" href="$bt_broadphase_proxy_8h-source.html" title="BulletCollision/BroadphaseCollision/btBroadphaseProxy.h" alt="" coords="2885,901,3240,928">
<area shape="rect" href="$bt_quaternion_8h-source.html" title="btQuaternion.h" alt="" coords="251,1051,357,1077">
<area shape="rect" href="$bt_scalar_8h-source.html" title="btScalar.h" alt="" coords="3012,1275,3092,1301">
<area shape="rect" href="$bt_min_max_8h-source.html" title="btMinMax.h" alt="" coords="597,1200,685,1227">
<area shape="rect" href="$bt_aligned_allocator_8h-source.html" title="btAlignedAllocator.h" alt="" coords="3037,1200,3173,1227">
<area shape="rect" href="$bt_quad_word_8h-source.html" title="btQuadWord.h" alt="" coords="500,1125,604,1152">
<area shape="rect" href="$bt_convex_shape_8h-source.html" title="btConvexShape.h" alt="" coords="483,752,605,779">
<area shape="rect" href="$bt_box_shape_8h-source.html" title="btBoxShape.h" alt="" coords="288,528,392,555">
<area shape="rect" href="$bt_polyhedral_convex_shape_8h-source.html" title="btPolyhedralConvexShape.h" alt="" coords="313,603,497,629">
<area shape="rect" href="$bt_convex_internal_shape_8h-source.html" title="btConvexInternalShape.h" alt="" coords="349,677,512,704">
<area shape="rect" href="$bt_aabb_util2_8h-source.html" title="LinearMath/btAabbUtil2.h" alt="" coords="451,827,619,853">
<area shape="rect" href="$bt_triangle_callback_8h-source.html" title="btTriangleCallback.h" alt="" coords="1333,827,1472,853">
<area shape="rect" href="$bt_collision_object_8h-source.html" title="btCollisionObject.h" alt="" coords="2299,752,2429,779">
<area shape="rect" href="$bt_collision_dispatcher_8h-source.html" title="btCollisionDispatcher.h" alt="" coords="3165,603,3320,629">
<area shape="rect" href="$bt_overlapping_pair_cache_8h-source.html" title="BulletCollision/BroadphaseCollision/btOverlappingPairCache.h" alt="" coords="2889,752,3268,779">
<area shape="rect" href="$bt_motion_state_8h-source.html" title="LinearMath/btMotionState.h" alt="" coords="1597,827,1779,853">
<area shape="rect" href="$bt_dispatcher_8h-source.html" title="BulletCollision/BroadphaseCollision/btDispatcher.h" alt="" coords="3768,976,4080,1003">
<area shape="rect" href="$bt_persistent_manifold_8h-source.html" title="BulletCollision/NarrowPhaseCollision/btPersistentManifold.h" alt="" coords="2331,827,2696,853">
<area shape="rect" href="$bt_manifold_result_8h-source.html" title="BulletCollision/CollisionDispatch/btManifoldResult.h" alt="" coords="2396,677,2713,704">
<area shape="rect" href="$bt_collision_create_func_8h-source.html" title="btCollisionCreateFunc.h" alt="" coords="3331,677,3491,704">
<area shape="rect" href="$bt_manifold_point_8h-source.html" title="btManifoldPoint.h" alt="" coords="2080,976,2200,1003">
<area shape="rect" href="$bt_discrete_collision_detector_interface_8h-source.html" title="BulletCollision/NarrowPhaseCollision/btDiscreteCollisionDetectorInterface.h" alt="" coords="1853,827,2307,853">
<area shape="rect" href="$bt_collision_object_wrapper_8h-source.html" title="BulletCollision/CollisionDispatch/btCollisionObjectWrapper.h" alt="" coords="3416,1051,3784,1077">
<area shape="rect" href="$bt_broadphase_interface_8h-source.html" title="btBroadphaseInterface.h" alt="" coords="3029,827,3189,853">
<area shape="rect" href="$bt_overlapping_pair_callback_8h-source.html" title="btOverlappingPairCallback.h" alt="" coords="2821,827,3005,853">
<area shape="rect" href="$bt_g_impact_bvh_8h-source.html" title="btGImpactBvh.h" alt="" coords="801,229,913,256">
<area shape="rect" href="$bt_quantization_8h.html" title="btQuantization.h" alt="" coords="987,229,1101,256">
<area shape="rect" href="$bt_g_impact_quantized_bvh_structs_8h-source.html" title="btGImpactQuantizedBvhStructs.h" alt="" coords="837,155,1051,181">
<area shape="rect" href="$bt_box_collision_8h-source.html" title="btBoxCollision.h" alt="" coords="751,453,865,480">
<area shape="rect" href="$bt_triangle_shape_ex_8h-source.html" title="btTriangleShapeEx.h" alt="" coords="795,379,936,405">
<area shape="rect" href="$bt_g_impact_bvh_structs_8h-source.html" title="btGImpactBvhStructs.h" alt="" coords="845,304,1000,331">
