<area shape="rect" href="$bt_g_impact_quantized_bvh_8h.html" title="C:/Users/New/Documents/Games_Technology/Year4_Semester1/ICT397/~My Work/Assignment2/ICT397Carre/CarreGameEngine/Dependencies/BulletPhysicsEngine/include/BulletCollision/Gimpact/btGImpactQuantizedBvh.h" alt="" coords="2040,155,3360,181">
<area shape="rect" href="$bt_g_impact_quantized_bvh_structs_8h-source.html" title="C:/Users/New/Documents/Games_Technology/Year4_Semester1/ICT397/~My Work/Assignment2/ICT397Carre/CarreGameEngine/Dependencies/BulletPhysicsEngine/include/BulletCollision/Gimpact/btGImpactQuantizedBvhStructs.h" alt="" coords="2379,80,3741,107">
<area shape="rect" href="$bt_g_impact_shape_8h.html" title="C:/Users/New/Documents/Games_Technology/Year4_Semester1/ICT397/~My Work/Assignment2/ICT397Carre/CarreGameEngine/Dependencies/BulletPhysicsEngine/include/BulletCollision/Gimpact/btGImpactShape.h" alt="" coords="1396,229,2673,256">
<area shape="rect" href="$bt_g_impact_quantized_bvh_8cpp-source.html" title="C:/Users/New/Documents/Games_Technology/Year4_Semester1/ICT397/~My Work/Assignment2/ICT397Carre/CarreGameEngine/Dependencies/BulletPhysicsEngine/include/BulletCollision/Gimpact/btGImpactQuantizedBvh.cpp" alt="" coords="2697,229,4033,256">
<area shape="rect" href="$bt_compound_from_gimpact_8h-source.html" title="C:/Users/New/Documents/Games_Technology/Year4_Semester1/ICT397/~My Work/Assignment2/ICT397Carre/CarreGameEngine/Dependencies/BulletPhysicsEngine/include/BulletCollision/Gimpact/btCompoundFromGimpact.h" alt="" coords="5,304,1339,331">
<area shape="rect" href="$bt_g_impact_collision_algorithm_8h-source.html" title="C:/Users/New/Documents/Games_Technology/Year4_Semester1/ICT397/~My Work/Assignment2/ICT397Carre/CarreGameEngine/Dependencies/BulletPhysicsEngine/include/BulletCollision/Gimpact/btGImpactCollisionAlgorithm.h" alt="" coords="1363,304,2707,331">
<area shape="rect" href="$bt_g_impact_shape_8cpp-source.html" title="C:/Users/New/Documents/Games_Technology/Year4_Semester1/ICT397/~My Work/Assignment2/ICT397Carre/CarreGameEngine/Dependencies/BulletPhysicsEngine/include/BulletCollision/Gimpact/btGImpactShape.cpp" alt="" coords="2731,304,4021,331">
<area shape="rect" href="$bt_g_impact_collision_algorithm_8cpp-source.html" title="C:/Users/New/Documents/Games_Technology/Year4_Semester1/ICT397/~My Work/Assignment2/ICT397Carre/CarreGameEngine/Dependencies/BulletPhysicsEngine/include/BulletCollision/Gimpact/btGImpactCollisionAlgorithm.cpp" alt="" coords="1355,379,2715,405">
