<area shape="rect" href="$classbt_aligned_object_array.html#d64affb4ed3f9db81f832cbac6b62527" title="btAlignedObjectArray::expand" alt="" coords="292,5,487,32">
<area shape="rect" href="$classbt_rigid_body.html#ac3284d52f4dd4628a0e0ffbc6e05908" title="btRigidBody::getInvInertiaTensorWorld" alt="" coords="269,56,509,83">
<area shape="rect" href="$classbt_rigid_body.html#ff8193d59d882da6de7236b2410d7e52" title="btRigidBody::getInvMass" alt="" coords="308,107,471,133">
<area shape="rect" href="$classbt_aligned_object_array.html#0bcdc850355c6742c66d50b16b102d9d" title="btAlignedObjectArray::reserve" alt="" coords="293,157,485,184">
<area shape="rect" href="$classbt_aligned_object_array.html#6a48cd9cb91d0cfa50ee1c70ef485190" title="btAlignedObjectArray::resize" alt="" coords="296,208,483,235">
<area shape="rect" href="$classbt_aligned_object_array.html#2cc58c74534181a7a10e5c6ab8b21227" title="btAlignedObjectArray::resizeNoInitialize" alt="" coords="264,259,515,285">
<area shape="rect" href="$group__gtc__matrix__access.html#g4409b9c0604f3ed3e6f116b6680eae44" title="glm::row" alt="" coords="355,309,424,336">
<area shape="rect" href="$classbt_aligned_object_array.html#6bdd14c7599ecb95e8d83dd5a715f9b7" title="return the number of elements in the array" alt="" coords="301,360,477,387">
<area shape="rect" href="$group__core__func__geometric.html#gd73a94d9c967e619e670156356e93b7e" title="glm::length" alt="" coords="563,309,648,336">
<area shape="rect" href="$group__core__func__common.html#gab4b95b47f2918ce6e7ac279a0ba27c1" title="glm::abs" alt="" coords="696,309,768,336">
