<area shape="rect" href="$classbt_hash_map.html" title="btHashMap\&lt; btHashString, int \&gt;" alt="" coords="2079,251,2287,277">
<area shape="rect" href="$classbt_aligned_object_array.html" title="btAlignedObjectArray\&lt; btHashString \&gt;" alt="" coords="1300,59,1543,85">
<area shape="rect" href="$classbt_aligned_allocator.html" title="btAlignedAllocator\&lt; btHashString, 16 \&gt;" alt="" coords="635,61,883,88">
<area shape="rect" href="$classbt_aligned_allocator.html" title="btAlignedAllocator\&lt; T, Alignment \&gt;" alt="" coords="5,479,229,505">
<area shape="rect" href="$classbt_aligned_allocator.html" title="btAlignedAllocator\&lt; T, 16 \&gt;" alt="" coords="416,512,595,539">
<area shape="rect" href="$classbt_aligned_allocator.html" title="btAlignedAllocator\&lt; int, 16 \&gt;" alt="" coords="665,147,852,173">
<area shape="rect" href="$classbt_aligned_allocator.html" title="btAlignedAllocator\&lt; Key, 16 \&gt;" alt="" coords="661,321,856,348">
<area shape="rect" href="$classbt_aligned_allocator.html" title="btAlignedAllocator\&lt; Value, 16 \&gt;" alt="" coords="927,243,1132,269">
<area shape="rect" href="$classbt_aligned_allocator.html" title="btAlignedAllocator\&lt; btChunk *, 16 \&gt;" alt="" coords="915,704,1144,731">
<area shape="rect" href="$classbt_aligned_allocator.html" title="btAlignedAllocator\&lt; btHashInt, 16 \&gt;" alt="" coords="645,363,872,389">
<area shape="rect" href="$classbt_aligned_allocator.html" title="btAlignedAllocator\&lt; char *, 16 \&gt;" alt="" coords="403,841,608,868">
<area shape="rect" href="$classbt_aligned_allocator.html" title="btAlignedAllocator\&lt; btHashPtr, 16 \&gt;" alt="" coords="644,432,873,459">
<area shape="rect" href="$classbt_aligned_allocator.html" title="btAlignedAllocator\&lt; btPointerUid, 16 \&gt;" alt="" coords="908,611,1151,637">
<area shape="rect" href="$classbt_aligned_allocator.html" title="btAlignedAllocator\&lt; short, 16 \&gt;" alt="" coords="405,737,605,764">
<area shape="rect" href="$classbt_aligned_allocator.html" title="btAlignedAllocator\&lt; short *, 16 \&gt;" alt="" coords="400,997,611,1024">
<area shape="rect" href="$structbt_hash_string.html" title="very basic hashable string implementation, compatible with btHashMap" alt="" coords="981,5,1077,32">
<area shape="rect" href="$classbt_aligned_object_array.html" title="btAlignedObjectArray\&lt; T \&gt;" alt="" coords="941,536,1117,563">
<area shape="rect" href="$classbt_aligned_object_array.html" title="btAlignedObjectArray\&lt; int \&gt;" alt="" coords="1331,228,1512,255">
<area shape="rect" href="$classbt_aligned_object_array.html" title="btAlignedObjectArray\&lt; Key \&gt;" alt="" coords="1325,433,1517,460">
<area shape="rect" href="$classbt_aligned_object_array.html" title="btAlignedObjectArray\&lt; Value \&gt;" alt="" coords="1321,383,1521,409">
<area shape="rect" href="$classbt_aligned_object_array.html" title="btAlignedObjectArray\&lt; btChunk * \&gt;" alt="" coords="1309,671,1533,697">
<area shape="rect" href="$classbt_aligned_object_array.html" title="btAlignedObjectArray\&lt; btHashInt \&gt;" alt="" coords="1309,484,1533,511">
<area shape="rect" href="$classbt_aligned_object_array.html" title="btAlignedObjectArray\&lt; char * \&gt;" alt="" coords="1320,819,1523,845">
<area shape="rect" href="$classbt_aligned_object_array.html" title="btAlignedObjectArray\&lt; btHashPtr \&gt;" alt="" coords="1308,539,1535,565">
<area shape="rect" href="$classbt_aligned_object_array.html" title="btAlignedObjectArray\&lt; btPointerUid \&gt;" alt="" coords="1301,605,1541,632">
<area shape="rect" href="$classbt_aligned_object_array.html" title="btAlignedObjectArray\&lt; short \&gt;" alt="" coords="1323,768,1520,795">
<area shape="rect" href="$classbt_aligned_object_array.html" title="btAlignedObjectArray\&lt; short * \&gt;" alt="" coords="1319,869,1524,896">
<area shape="rect" href="$classbt_hash_map.html" title="btHashMap\&lt; Key, Value \&gt;" alt="" coords="1672,392,1848,419">
<area shape="rect" href="$classbt_hash_map.html" title="btHashMap\&lt; btHashInt, int \&gt;" alt="" coords="2089,371,2276,397">
<area shape="rect" href="$classbt_hash_map.html" title="btHashMap\&lt; btHashPtr, btPointerUid \&gt;" alt="" coords="2059,541,2307,568">
