<area shape="rect" href="$classbt_compound_collision_algorithm.html" title="btCompoundCollisionAlgorithm supports collision between CompoundCollisionShapes and..." alt="" coords="1169,147,1367,173">
<area shape="rect" href="$classbt_activating_collision_algorithm.html" title="This class is not enabled yet (work&#45;in&#45;progress) to more aggressively activate objects..." alt="" coords="697,96,889,123">
<area shape="rect" href="$classbt_collision_algorithm.html" title="btCollisionAlgorithm" alt="" coords="312,76,448,103">
<area shape="rect" href="$classbt_aligned_object_array.html" title="btAlignedObjectArray\&lt; btCollisionAlgorithm * \&gt;" alt="" coords="648,45,939,72">
<area shape="rect" href="$classbt_dispatcher.html" title="btDispatcher" alt="" coords="7,76,100,103">
<area shape="rect" href="$classbt_aligned_object_array.html" title="btAlignedObjectArray\&lt; const btDbvtNode * \&gt;" alt="" coords="653,147,933,173">
<area shape="rect" href="$classbt_aligned_allocator.html" title="btAlignedAllocator\&lt; const btDbvtNode *, 16 \&gt;" alt="" coords="239,147,521,173">
<area shape="rect" href="$classbt_aligned_allocator.html" title="btAlignedAllocator\&lt; btCollisionAlgorithm *, 16 \&gt;" alt="" coords="232,5,528,32">
<area shape="rect" href="$classbt_aligned_object_array.html" title="btAlignedObjectArray\&lt; btPersistentManifold * \&gt;" alt="" coords="645,197,941,224">
<area shape="rect" href="$classbt_aligned_allocator.html" title="btAlignedAllocator\&lt; btPersistentManifold *, 16 \&gt;" alt="" coords="231,197,529,224">
<area shape="rect" href="$classbt_aligned_object_array.html" title="btAlignedObjectArray\&lt; btSimplePair \&gt;" alt="" coords="1147,223,1389,249">
<area shape="rect" href="$classbt_aligned_allocator.html" title="btAlignedAllocator\&lt; btSimplePair, 16 \&gt;" alt="" coords="671,248,916,275">
