<area shape="rect" href="$classbt_simulation_island_manager.html#ea0b5869eca2d034ac9c643e149a5e01" title="btSimulationIslandManager::buildIslands" alt="" coords="379,317,632,344">
<area shape="rect" href="$classbt_collision_world.html#43e878669b2e755992acc41fad1cda30" title="btCollisionWorld::getCollisionObjectArray" alt="" coords="681,76,940,103">
<area shape="rect" href="$classbt_union_find.html#b9c9ac633e6a3a43f90da29845b92bd3" title="btUnionFind::getElement" alt="" coords="729,127,892,153">
<area shape="rect" href="$classbt_union_find.html#89310eac5261eaa57051d1b4990605c8" title="btUnionFind::getNumElements" alt="" coords="712,177,909,204">
<area shape="rect" href="$classbt_dispatcher.html#0c94a046ac053c226d43211c5379c31f" title="btDispatcher::getNumManifolds" alt="" coords="709,380,912,407">
<area shape="rect" href="$classbt_aligned_object_array.html#d61e10166e2c00f487095d3482b9edd1" title="btAlignedObjectArray::push_back" alt="" coords="703,431,919,457">
<area shape="rect" href="$classbt_aligned_object_array.html#6a48cd9cb91d0cfa50ee1c70ef485190" title="btAlignedObjectArray::resize" alt="" coords="717,481,904,508">
<area shape="rect" href="$classbt_aligned_object_array.html#228f2a824ac397c1de311a9c2b775dc4" title="btAlignedObjectArray::quickSort" alt="" coords="989,140,1197,167">
<area shape="rect" href="$classbt_aligned_object_array.html#6bdd14c7599ecb95e8d83dd5a715f9b7" title="return the number of elements in the array" alt="" coords="1005,317,1181,344">
<area shape="rect" href="$classbt_dispatcher.html#6dc66e497da821c3646e1f89f7d53412" title="btDispatcher::getInternalManifoldPointer" alt="" coords="380,583,631,609">
<area shape="rect" href="$classbt_dispatcher.html#39b0732750f15f48d2e8faa2de18d4e0" title="btDispatcher::getManifoldByIndexInternal" alt="" coords="683,329,939,356">
<area shape="rect" href="$classbt_dispatcher.html#a3ac9c7d70da34e5647da1018880624d" title="btDispatcher::needsResponse" alt="" coords="713,279,908,305">
<area shape="rect" href="$classbt_union_find.html#8bf4647f84d20b033e0d0a7188f3b798" title="btUnionFind::sortIslands" alt="" coords="731,228,891,255">
