<area shape="rect" href="$class_bruteforce.html#f4877e16df806562170ba403dc67298f" title="Adds texture to mesh." alt="" coords="249,5,404,32">
<area shape="rect" href="$class_bruteforce.html#6ffaafd89058fdd7a2bdc946aa5aa24b" title="Gets the height of the terrain." alt="" coords="253,56,400,83">
<area shape="rect" href="$class_bruteforce.html#05513f5064029203a0096d14147ad721" title="Gets the colour at a specific height." alt="" coords="235,107,419,133">
<area shape="rect" href="$class_model.html#e8189e0eb940a7a994591ca71dafae5b" title="Gets the mesh batch." alt="" coords="251,157,403,184">
<area shape="rect" href="$class_model.html#3ba990a64ec154e543ffe4a529220cc4" title="Gets the textures." alt="" coords="259,208,395,235">
<area shape="rect" href="$class_mesh.html#95ffc7584eff5e065901637728e0f66a" title="Gets the textures of the mesh." alt="" coords="261,259,392,285">
<area shape="rect" href="$class_mesh.html#e6c2ecc1d274027b40cb75dad610eb93" title="Gets the vertices of the mesh." alt="" coords="261,309,392,336">
<area shape="rect" href="$class_model.html#76860d36c983eb38250588899775aab7" title="Sets the models scale." alt="" coords="268,360,385,387">
<area shape="rect" href="$class_bruteforce.html#2b337f6ef80b5722a09f2e0c381923ff" title="Checks if inbounds." alt="" coords="468,81,607,108">
