<area shape="rect" href="$classbt_collision_world.html#43e878669b2e755992acc41fad1cda30" title="btCollisionWorld::getCollisionObjectArray" alt="" coords="308,5,567,32">
<area shape="rect" href="$classbt_union_find.html#b9c9ac633e6a3a43f90da29845b92bd3" title="btUnionFind::getElement" alt="" coords="356,56,519,83">
<area shape="rect" href="$classbt_dispatcher.html#39b0732750f15f48d2e8faa2de18d4e0" title="btDispatcher::getManifoldByIndexInternal" alt="" coords="309,107,565,133">
<area shape="rect" href="$classbt_union_find.html#89310eac5261eaa57051d1b4990605c8" title="btUnionFind::getNumElements" alt="" coords="339,157,536,184">
<area shape="rect" href="$classbt_dispatcher.html#0c94a046ac053c226d43211c5379c31f" title="btDispatcher::getNumManifolds" alt="" coords="336,208,539,235">
<area shape="rect" href="$classbt_dispatcher.html#a3ac9c7d70da34e5647da1018880624d" title="btDispatcher::needsResponse" alt="" coords="340,259,535,285">
<area shape="rect" href="$classbt_aligned_object_array.html#d61e10166e2c00f487095d3482b9edd1" title="btAlignedObjectArray::push_back" alt="" coords="329,309,545,336">
<area shape="rect" href="$classbt_aligned_object_array.html#6a48cd9cb91d0cfa50ee1c70ef485190" title="btAlignedObjectArray::resize" alt="" coords="344,360,531,387">
<area shape="rect" href="$classbt_union_find.html#8bf4647f84d20b033e0d0a7188f3b798" title="btUnionFind::sortIslands" alt="" coords="357,411,517,437">
<area shape="rect" href="$classbt_aligned_object_array.html#228f2a824ac397c1de311a9c2b775dc4" title="btAlignedObjectArray::quickSort" alt="" coords="616,385,824,412">
<area shape="rect" href="$classbt_aligned_object_array.html#6bdd14c7599ecb95e8d83dd5a715f9b7" title="return the number of elements in the array" alt="" coords="632,436,808,463">
