<area shape="rect" href="$classbt_g_impact_compound_shape_1_1_compound_primitive_manager.html" title="compound primitive manager" alt="" coords="2077,40,2427,67">
<area shape="rect" href="$classbt_g_impact_shape_interface.html" title="Base class for gimpact shapes." alt="" coords="1347,49,1515,76">
<area shape="rect" href="$classbt_g_impact_quantized_bvh.html" title="Structure for containing Boxes." alt="" coords="947,48,1107,75">
<area shape="rect" href="$classbt_primitive_manager_base.html" title="Prototype Base class for primitive classification." alt="" coords="440,8,600,35">
<area shape="rect" href="$classbt_quantized_bvh_tree.html" title="Basic Box tree structure." alt="" coords="452,75,588,101">
<area shape="rect" href="$classbt_aligned_object_array.html" title="btAlignedObjectArray\&lt; btTransform \&gt;" alt="" coords="1313,101,1548,128">
<area shape="rect" href="$classbt_aligned_allocator.html" title="btAlignedAllocator\&lt; btTransform, 16 \&gt;" alt="" coords="655,123,895,149">
<area shape="rect" href="$classbt_aligned_allocator.html" title="btAlignedAllocator\&lt; T, Alignment \&gt;" alt="" coords="5,176,229,203">
<area shape="rect" href="$classbt_aligned_allocator.html" title="btAlignedAllocator\&lt; T, 16 \&gt;" alt="" coords="431,176,609,203">
<area shape="rect" href="$classbt_aligned_allocator.html" title="btAlignedAllocator\&lt; btCollisionShape *, 16 \&gt;" alt="" coords="636,228,913,255">
<area shape="rect" href="$classbt_aligned_object_array.html" title="btAlignedObjectArray\&lt; T \&gt;" alt="" coords="939,175,1115,201">
<area shape="rect" href="$classbt_aligned_object_array.html" title="btAlignedObjectArray\&lt; btCollisionShape * \&gt;" alt="" coords="1293,184,1568,211">
