<area shape="rect" href="$class_g_i_m___b_o_x___t_r_e_e___t_e_m_p_l_a_t_e___s_e_t.html" title="GIM_BOX_TREE_TEMPLATE_SET\&lt; _GIM_PRIMITIVE_MANAGER_PROTOTYPE, GIM_BOX_TREE \&gt;" alt="" coords="2101,63,2717,89">
<area shape="rect" href="$class_g_i_m___b_o_x___t_r_e_e.html" title="Basic Box tree structure." alt="" coords="1247,36,1367,63">
<area shape="rect" href="$classgim__array.html" title="gim_array\&lt; GIM_BOX_TREE_NODE \&gt;" alt="" coords="577,36,820,63">
<area shape="rect" href="$struct_g_i_m___b_o_x___t_r_e_e___n_o_d_e.html" title="Node Structure for trees." alt="" coords="196,8,359,35">
<area shape="rect" href="$class_g_i_m___a_a_b_b.html" title="Axis aligned box." alt="" coords="5,8,93,35">
<area shape="rect" href="$classgim__array.html" title="Very simple array container with fast access and simd memory." alt="" coords="223,59,332,85">
<area shape="rect" href="$class_g_i_m___b_o_x___t_r_e_e___t_e_m_p_l_a_t_e___s_e_t.html" title="Generic Box Tree Template." alt="" coords="952,87,1661,113">
