<area shape="rect" href="$classbt_aligned_object_array.html" title="btAlignedObjectArray\&lt; btCollisionObject * \&gt;" alt="" coords="784,8,1059,35">
<area shape="rect" href="$classbt_aligned_allocator.html" title="btAlignedAllocator\&lt; btCollisionObject *, 16 \&gt;" alt="" coords="363,8,643,35">
<area shape="rect" href="$classbt_union_find.html" title="UnionFind calculates connected subsets." alt="" coords="876,59,967,85">
<area shape="rect" href="$classbt_aligned_object_array.html" title="btAlignedObjectArray\&lt; btElement \&gt;" alt="" coords="389,59,616,85">
<area shape="rect" href="$classbt_aligned_allocator.html" title="btAlignedAllocator\&lt; btElement, 16 \&gt;" alt="" coords="5,59,237,85">
<area shape="rect" href="$classbt_aligned_object_array.html" title="btAlignedObjectArray\&lt; btPersistentManifold * \&gt;" alt="" coords="773,109,1069,136">
<area shape="rect" href="$classbt_aligned_allocator.html" title="btAlignedAllocator\&lt; btPersistentManifold *, 16 \&gt;" alt="" coords="353,109,652,136">
