<area shape="rect" href="$classbt_inverse_dynamics_1_1_multi_body_tree_1_1_init_cache.html#41e961d85dcd9e9f9aa9b18ac33289c9" title="btInverseDynamics::MultiBodyTree::InitCache::buildIndexSets" alt="" coords="388,5,764,32">
<area shape="rect" href="$classbt_inverse_dynamics_1_1_multi_body_tree_1_1_init_cache.html#6203870a6e9093f6c26280feaee27832" title="btInverseDynamics::MultiBodyTree::InitCache::numBodies" alt="" coords="879,31,1233,57">
<area shape="rect" href="$classbt_inverse_dynamics_1_1_multi_body_tree_1_1_multi_body_impl.html#72bf41dcbbf7d8b5d2a17bbaaeaa5029" title="initialize fixed data" alt="" coords="360,107,792,133">
<area shape="rect" href="$classbt_inverse_dynamics_1_1_multi_body_tree_1_1_multi_body_impl.html#b3b1f5f6819d8c5529b4d029ea775d10" title="btInverseDynamics::MultiBodyTree::MultiBodyImpl::clearAllUserForcesAndMoments" alt="" coords="323,157,829,184">
<area shape="rect" href="$classbt_inverse_dynamics_1_1_multi_body_tree_1_1_multi_body_impl.html#8e65f0c1da65e68e3a482862f3b866c7" title="btInverseDynamics::MultiBodyTree::MultiBodyImpl::generateIndexSets" alt="" coords="363,208,789,235">
<area shape="rect" href="$classbt_inverse_dynamics_1_1_multi_body_tree_1_1_init_cache.html#ee00442cb04aaf00db41cac11b046567" title="btInverseDynamics::MultiBodyTree::InitCache::getInertiaData" alt="" coords="391,259,761,285">
<area shape="rect" href="$classbt_inverse_dynamics_1_1_multi_body_tree_1_1_init_cache.html#b877d886f33dd223c33d6629d7531b2d" title="btInverseDynamics::MultiBodyTree::InitCache::getJointData" alt="" coords="395,309,757,336">
<area shape="rect" href="$classbt_inverse_dynamics_1_1_multi_body_tree_1_1_init_cache.html#e176197bd93ec8b395b9f9c0b538458c" title="btInverseDynamics::MultiBodyTree::InitCache::getParentIndexArray" alt="" coords="372,360,780,387">
<area shape="rect" href="$classbt_inverse_dynamics_1_1_multi_body_tree_1_1_init_cache.html#38d366cfeb082b06f72eff27befae30b" title="btInverseDynamics::MultiBodyTree::InitCache::numDoFs" alt="" coords="403,411,749,437">
