<area shape="rect" href="$structbt_collision_world_1_1_ray_result_callback.html#86c0f8b2333cc3460b37aa679f5c3b44" title="btCollisionWorld::RayResultCallback::addSingleResult" alt="" coords="299,5,635,32">
<area shape="rect" href="$classbt_convex_cast.html#baf0f25a8cccfcafdaabada83c8d2bfb" title="cast a convex against another convex object" alt="" coords="360,56,573,83">
<area shape="rect" href="$structbt_dbvt.html#8e316ee3bc9bd7b7354086c0c558cfb5" title="btDbvt::rayTest" alt="" coords="413,107,520,133">
<area shape="rect" href="$classbt_aligned_object_array.html#a8d21bd5fe47cfe0216990b78fef665e" title="btAlignedObjectArray::initializeFromBuffer" alt="" coords="684,56,945,83">
<area shape="rect" href="$classbt_aligned_object_array.html#6a48cd9cb91d0cfa50ee1c70ef485190" title="btAlignedObjectArray::resize" alt="" coords="721,107,908,133">
<area shape="rect" href="$classbt_aligned_object_array.html#6bdd14c7599ecb95e8d83dd5a715f9b7" title="return the number of elements in the array" alt="" coords="727,157,903,184">
