<area shape="rect" href="$classbt_overlapping_pair_cache.html" title="btOverlappingPairCache" alt="" coords="1341,56,1501,83">
<area shape="rect" href="$classbt_overlapping_pair_callback.html" title="The btOverlappingPairCallback class is an additional optional broadphase user callback..." alt="" coords="936,5,1107,32">
<area shape="rect" href="$classbt_aligned_object_array.html" title="btAlignedObjectArray\&lt; btBroadphasePair \&gt;" alt="" coords="1285,107,1557,133">
<area shape="rect" href="$classbt_aligned_allocator.html" title="btAlignedAllocator\&lt; btBroadphasePair, 16 \&gt;" alt="" coords="633,69,908,96">
<area shape="rect" href="$classbt_aligned_allocator.html" title="btAlignedAllocator\&lt; T, Alignment \&gt;" alt="" coords="5,96,229,123">
<area shape="rect" href="$classbt_aligned_allocator.html" title="btAlignedAllocator\&lt; T, 16 \&gt;" alt="" coords="428,123,607,149">
<area shape="rect" href="$classbt_aligned_object_array.html" title="btAlignedObjectArray\&lt; T \&gt;" alt="" coords="933,129,1109,156">
