<area shape="rect" href="$classbt_g_impact_mesh_shape_part.html#5deaf3963fd7b8c337a322a5d775b478" title="btGImpactMeshShapePart::getBulletTriangle" alt="" coords="373,5,651,32">
<area shape="rect" href="$classbt_g_impact_mesh_shape_part.html#9204e51eefb25e0733cef4791c937f28" title="call when reading child shapes" alt="" coords="372,56,652,83">
<area shape="rect" href="$classbt_triangle_shape_ex.html#8642843da440361eecf27d5a074d6231" title="class btTriangleShapeEx: public btTriangleShape" alt="" coords="371,107,653,133">
<area shape="rect" href="$classbt_g_impact_mesh_shape_part.html#0624b4e736275809ea259a7144ac0a48" title="btGImpactMeshShapePart::unlockChildShapes" alt="" coords="365,157,659,184">
<area shape="rect" href="$classbt_g_impact_quantized_bvh.html#8954b68cdc557ffab6c4c0361cea109a" title="btGImpactQuantizedBvh::getPrimitiveManager" alt="" coords="744,5,1029,32">
<area shape="rect" href="$classbt_g_impact_mesh_shape_part_1_1_trimesh_primitive_manager.html#48a013e72b76f832638a54326a7cc709" title="btGImpactMeshShapePart::TrimeshPrimitiveManager::lock" alt="" coords="707,56,1067,83">
<area shape="rect" href="$classbt_triangle_shape_ex.html#004b61bd84c01fde9edd25e0c538bd1d" title="btTriangleShapeEx::buildTriPlane" alt="" coords="781,107,992,133">
