<area shape="rect" href="$classbt_manifold_result.html#ebe32f0c202d988d0458e88d768602c6" title="btManifoldResult::addContactPoint" alt="" coords="407,56,628,83">
<area shape="rect" href="$group__core__func__geometric.html#gd21e00cab9f8b4eb6d1214a16dee06c7" title="glm::distance" alt="" coords="468,107,567,133">
<area shape="rect" href="$classbt_manifold_result.html#7a46d46b9a13c2896695e458c1d6df1f" title="btManifoldResult::setPersistentManifold" alt="" coords="392,157,643,184">
<area shape="rect" href="$classbt_manifold_result.html#162717dce3ef3a756ae55ec04a179ed5" title="User can override this material combiner by implementing gContactAddedCallback and..." alt="" coords="701,5,979,32">
<area shape="rect" href="$classbt_manifold_result.html#a4419fc3b0d13ccc2cbfd7739b047c04" title="in the future we can let the user override the methods to combine restitution and..." alt="" coords="692,56,988,83">
<area shape="rect" href="$group__core__func__geometric.html#gd73a94d9c967e619e670156356e93b7e" title="glm::length" alt="" coords="797,107,883,133">
<area shape="rect" href="$group__core__func__common.html#gab4b95b47f2918ce6e7ac279a0ba27c1" title="glm::abs" alt="" coords="1037,107,1109,133">
