<area shape="rect" href="$classbt_m_l_c_p_solver_interface.html" title="original version written by Erwin Coumans, October 2013" alt="" coords="1383,5,1535,32">
<area shape="rect" href="$classbt_aligned_object_array.html" title="btAlignedObjectArray\&lt; btSolverConstraint * \&gt;" alt="" coords="1317,56,1600,83">
<area shape="rect" href="$classbt_aligned_allocator.html" title="btAlignedAllocator\&lt; btSolverConstraint *, 16 \&gt;" alt="" coords="644,29,929,56">
<area shape="rect" href="$classbt_aligned_allocator.html" title="btAlignedAllocator\&lt; T, Alignment \&gt;" alt="" coords="5,96,229,123">
<area shape="rect" href="$classbt_aligned_allocator.html" title="btAlignedAllocator\&lt; T, 16 \&gt;" alt="" coords="439,96,617,123">
<area shape="rect" href="$classbt_aligned_allocator.html" title="btAlignedAllocator\&lt; int, 16 \&gt;" alt="" coords="693,152,880,179">
<area shape="rect" href="$classbt_aligned_object_array.html" title="btAlignedObjectArray\&lt; T \&gt;" alt="" coords="955,96,1131,123">
<area shape="rect" href="$classbt_aligned_object_array.html" title="btAlignedObjectArray\&lt; int \&gt;" alt="" coords="1368,116,1549,143">
