<area shape="rect" href="$classb3_aligned_object_array.html" title="b3AlignedObjectArray\&lt; char * \&gt;" alt="" coords="779,8,984,35">
<area shape="rect" href="$classb3_aligned_allocator.html" title="b3AlignedAllocator\&lt; char *, 16 \&gt;" alt="" coords="395,8,603,35">
<area shape="rect" href="$classb3_aligned_object_array.html" title="b3AlignedObjectArray\&lt; short \&gt;" alt="" coords="781,59,981,85">
<area shape="rect" href="$classb3_aligned_allocator.html" title="b3AlignedAllocator\&lt; short, 16 \&gt;" alt="" coords="397,59,600,85">
<area shape="rect" href="$classb3_aligned_object_array.html" title="b3AlignedObjectArray\&lt; short * \&gt;" alt="" coords="777,109,985,136">
<area shape="rect" href="$classb3_aligned_allocator.html" title="b3AlignedAllocator\&lt; short *, 16 \&gt;" alt="" coords="392,109,605,136">
<area shape="rect" href="$classb3_hash_map.html" title="b3HashMap\&lt; b3HashInt, int \&gt;" alt="" coords="784,261,979,288">
<area shape="rect" href="$classb3_aligned_object_array.html" title="b3AlignedObjectArray\&lt; b3HashInt \&gt;" alt="" coords="384,261,613,288">
<area shape="rect" href="$classb3_aligned_allocator.html" title="b3AlignedAllocator\&lt; b3HashInt, 16 \&gt;" alt="" coords="16,261,248,288">
<area shape="rect" href="$classb3_aligned_object_array.html" title="b3AlignedObjectArray\&lt; int \&gt;" alt="" coords="407,415,591,441">
<area shape="rect" href="$classb3_hash_map.html" title="b3HashMap\&lt; b3HashString, int \&gt;" alt="" coords="775,211,988,237">
<area shape="rect" href="$classb3_hash_map.html" title="b3HashMap\&lt; b3HashPtr, b3PointerUid \&gt;" alt="" coords="753,500,1009,527">
<area shape="rect" href="$classb3_aligned_allocator.html" title="b3AlignedAllocator\&lt; int, 16 \&gt;" alt="" coords="37,415,227,441">
<area shape="rect" href="$classb3_aligned_object_array.html" title="b3AlignedObjectArray\&lt; b3Chunk * \&gt;" alt="" coords="765,160,997,187">
<area shape="rect" href="$classb3_aligned_allocator.html" title="b3AlignedAllocator\&lt; b3Chunk *, 16 \&gt;" alt="" coords="381,160,616,187">
<area shape="rect" href="$classb3_aligned_object_array.html" title="b3AlignedObjectArray\&lt; b3HashString \&gt;" alt="" coords="375,211,623,237">
<area shape="rect" href="$structb3_hash_string.html" title="very basic hashable string implementation, compatible with b3HashMap" alt="" coords="83,160,181,187">
<area shape="rect" href="$classb3_aligned_allocator.html" title="b3AlignedAllocator\&lt; b3HashString, 16 \&gt;" alt="" coords="5,211,259,237">
<area shape="rect" href="$classb3_aligned_object_array.html" title="b3AlignedObjectArray\&lt; b3PointerUid \&gt;" alt="" coords="376,523,621,549">
<area shape="rect" href="$classb3_aligned_allocator.html" title="b3AlignedAllocator\&lt; b3PointerUid, 16 \&gt;" alt="" coords="8,523,256,549">
<area shape="rect" href="$classb3_aligned_object_array.html" title="b3AlignedObjectArray\&lt; b3HashPtr \&gt;" alt="" coords="383,573,615,600">
<area shape="rect" href="$classb3_aligned_allocator.html" title="b3AlignedAllocator\&lt; b3HashPtr, 16 \&gt;" alt="" coords="15,573,249,600">
