<area shape="rect" href="$classbt_hash_map.html" title="btHashMap\&lt; btHashString, int \&gt;" alt="" coords="821,75,1029,101">
<area shape="rect" href="$classbt_hash_map.html" title="btHashMap\&lt; btHashKey\&lt; btTriIndex \&gt;, btTriIndex \&gt;" alt="" coords="765,125,1085,152">
<area shape="rect" href="$classbt_hash_map.html" title="btHashMap\&lt; btHashPtr, btTriangleInfoMap * \&gt;" alt="" coords="781,176,1069,203">
<area shape="rect" href="$classbt_hash_map.html" title="btHashMap\&lt; btHashInt, int \&gt;" alt="" coords="832,227,1019,253">
<area shape="rect" href="$classbt_hash_map.html" title="btHashMap\&lt; btHashPtr, btCollisionObject * \&gt;" alt="" coords="784,277,1067,304">
<area shape="rect" href="$classbt_hash_map.html" title="btHashMap\&lt; btHashInt, btTriangleInfo \&gt;" alt="" coords="800,328,1051,355">
<area shape="rect" href="$classbt_hash_map.html" title="btHashMap\&lt; btHashPtr, btOptimizedBvh * \&gt;" alt="" coords="787,379,1064,405">
<area shape="rect" href="$classbt_hash_map.html" title="btHashMap\&lt; btHashString, btCollisionObject * \&gt;" alt="" coords="775,429,1076,456">
<area shape="rect" href="$classbt_hash_map.html" title="btHashMap\&lt; btHashString, btCollisionShape * \&gt;" alt="" coords="776,480,1075,507">
<area shape="rect" href="$classbt_hash_map.html" title="btHashMap\&lt; btHashPtr, void void **typedef void *typedef void *typedef void *typedef * \&gt;" alt="" coords="665,531,1185,557">
<area shape="rect" href="$classbt_hash_map.html" title="btHashMap\&lt; const btHashPtr, char * \&gt;" alt="" coords="801,581,1049,608">
<area shape="rect" href="$classbt_hash_map.html" title="btHashMap\&lt; btHashPtr, btCollisionShape * \&gt;" alt="" coords="784,632,1067,659">
<area shape="rect" href="$classbt_hash_map.html" title="btHashMap\&lt; btHashPtr, btPointerUid \&gt;" alt="" coords="801,683,1049,709">
<area shape="rect" href="$structbt_triangle_info_map.html" title="The btTriangleInfoMap stores edge angle information for some triangles. You can compute..." alt="" coords="1237,328,1360,355">
