<area shape="rect" href="$classbt_overlapping_pair_cache.html" title="btOverlappingPairCache" alt="" coords="1341,7,1501,33">
<area shape="rect" href="$classbt_overlapping_pair_callback.html" title="The btOverlappingPairCallback class is an additional optional broadphase user callback..." alt="" coords="936,5,1107,32">
<area shape="rect" href="$classbt_aligned_object_array.html" title="btAlignedObjectArray\&lt; btBroadphasePair \&gt;" alt="" coords="1285,59,1557,85">
<area shape="rect" href="$classbt_aligned_allocator.html" title="btAlignedAllocator\&lt; btBroadphasePair, 16 \&gt;" alt="" coords="633,60,908,87">
<area shape="rect" href="$classbt_aligned_allocator.html" title="btAlignedAllocator\&lt; T, Alignment \&gt;" alt="" coords="5,87,229,113">
<area shape="rect" href="$classbt_aligned_allocator.html" title="btAlignedAllocator\&lt; T, 16 \&gt;" alt="" coords="428,113,607,140">
<area shape="rect" href="$classbt_aligned_object_array.html" title="btAlignedObjectArray\&lt; T \&gt;" alt="" coords="933,120,1109,147">
