<area shape="rect" href="$classbt_inverse_dynamics_1_1_multi_body_tree_1_1_multi_body_impl.html#408ca0c5fe8fcd75b2b8672e96c2237a" title="btInverseDynamics::MultiBodyTree::MultiBodyImpl::calculateInverseDynamics" alt="" coords="491,5,960,32">
<area shape="rect" href="$classbt_inverse_dynamics_1_1_multi_body_tree.html#fa6df6ee25f28a4de404d82c6bbf78ff" title="btInverseDynamics::MultiBodyTree::calculateKinematics" alt="" coords="552,56,899,83">
<area shape="rect" href="$classbt_inverse_dynamics_1_1_multi_body_tree.html#843255f7b29f4c65dc1201d122373a13" title="Calculate position and velocity kinematics." alt="" coords="493,107,957,133">
<area shape="rect" href="$classbt_inverse_dynamics_1_1_multi_body_tree.html#4bc4655645713c44425ce3bcb01d63ca" title="Calculate position kinematics." alt="" coords="529,157,921,184">
<area shape="rect" href="$classbt_inverse_dynamics_1_1_multi_body_tree.html#20e281422ee7504a25357275c08d5690" title="btInverseDynamics::MultiBodyTree::calculateInverseDynamics" alt="" coords="1009,5,1388,32">
