<area shape="rect" href="$classgim__hash__table.html#93e5bf5c573a39e21e9bd0a4aec38e1a" title="Finds an avaliable hash table cell, and resizes the table if there isn&#39;t space..." alt="" coords="284,24,545,51">
<area shape="rect" href="$classgim__hash__table.html#95f93f63d75663f494388dc03423332f" title="Fast insertion in m_nodes array." alt="" coords="307,75,523,101">
<area shape="rect" href="$classgim__hash__table.html#cc2d3d29a0190232386fb155ec9e5d8f" title="Find the avaliable cell for the hashkey, and return an existing cell if it has the..." alt="" coords="1148,24,1377,51">
<area shape="rect" href="$classgim__hash__table.html#51905040dee4c41954f5de1634c090dd" title="Resize hash table indices." alt="" coords="595,49,792,76">
<area shape="rect" href="$classgim__hash__table.html#06933fdb198971dcd753564d1d6e9424" title="Clear all memory for the hash table." alt="" coords="848,24,1091,51">
<area shape="rect" href="$classgim__hash__table.html#a33115e75d8cc5c489fa6ce8b1a23654" title="Invalidates the keys (Assigning GIM_INVALID_HASH to all) Reorders the hash keys." alt="" coords="887,75,1052,101">
<area shape="rect" href="$classgim__hash__table.html#4d9347e131c0e17ac2d4966c092817f8" title="reserves the memory for the hash table." alt="" coords="841,125,1097,152">
