<area shape="rect" href="$classbt_simulation_island_manager_mt.html#77eadf262f5a0e63053e3efcc9ccfec9" title="btSimulationIslandManagerMt::addManifoldsToIslands" alt="" coords="396,56,727,83">
<area shape="rect" href="$classbt_dispatcher.html#0c94a046ac053c226d43211c5379c31f" title="btDispatcher::getNumManifolds" alt="" coords="804,107,1007,133">
<area shape="rect" href="$classbt_collision_world.html#43e878669b2e755992acc41fad1cda30" title="btCollisionWorld::getCollisionObjectArray" alt="" coords="432,157,691,184">
<area shape="rect" href="$classbt_dispatcher.html#6dc66e497da821c3646e1f89f7d53412" title="btDispatcher::getInternalManifoldPointer" alt="" coords="436,208,687,235">
<area shape="rect" href="$classbt_aligned_object_array.html#6bdd14c7599ecb95e8d83dd5a715f9b7" title="return the number of elements in the array" alt="" coords="473,259,649,285">
<area shape="rect" href="$classbt_dispatcher.html#39b0732750f15f48d2e8faa2de18d4e0" title="btDispatcher::getManifoldByIndexInternal" alt="" coords="777,5,1033,32">
<area shape="rect" href="$classbt_dispatcher.html#a3ac9c7d70da34e5647da1018880624d" title="btDispatcher::needsResponse" alt="" coords="808,56,1003,83">
