<area shape="rect" href="$classbt_m_l_c_p_solver_interface.html" title="original version written by Erwin Coumans, October 2013" alt="" coords="1072,5,1224,32">
<area shape="rect" href="$classbt_aligned_object_array.html" title="btAlignedObjectArray\&lt; int \&gt;" alt="" coords="1057,56,1239,83">
<area shape="rect" href="$classbt_aligned_allocator.html" title="btAlignedAllocator\&lt; int, 16 \&gt;" alt="" coords="560,25,747,52">
<area shape="rect" href="$classbt_aligned_allocator.html" title="btAlignedAllocator\&lt; T, Alignment \&gt;" alt="" coords="5,92,229,119">
<area shape="rect" href="$classbt_aligned_allocator.html" title="btAlignedAllocator\&lt; T, 16 \&gt;" alt="" coords="351,92,529,119">
<area shape="rect" href="$classbt_aligned_allocator.html" title="btAlignedAllocator\&lt; char, 16 \&gt;" alt="" coords="555,148,752,175">
<area shape="rect" href="$classbt_aligned_object_array.html" title="btAlignedObjectArray\&lt; T \&gt;" alt="" coords="776,92,952,119">
<area shape="rect" href="$classbt_aligned_object_array.html" title="btAlignedObjectArray\&lt; char \&gt;" alt="" coords="1052,107,1244,133">
