<area shape="rect" href="$classbt_i_debug_draw.html#9c9e46fa03d6296f8b3f57538db6be7f" title="btIDebugDraw::drawBox" alt="" coords="297,5,457,32">
<area shape="rect" href="$classbt_i_debug_draw.html#ec2ac4fe5ee1073a2eeb7f459a22dd87" title="btIDebugDraw::drawCapsule" alt="" coords="285,56,469,83">
<area shape="rect" href="$classbt_i_debug_draw.html#0059af5b0a43dd6b2d464f94938d4d14" title="btIDebugDraw::drawCone" alt="" coords="295,107,460,133">
<area shape="rect" href="$classbt_i_debug_draw.html#a0f2076c26f158ba5579a07a931fabd6" title="btIDebugDraw::drawCylinder" alt="" coords="285,157,469,184">
<area shape="rect" href="$classbt_i_debug_draw.html#07b08e255ab4607ab5aeb24399332aff" title="btIDebugDraw::drawLine" alt="" coords="297,208,457,235">
<area shape="rect" href="$classbt_i_debug_draw.html#012926f8d101863d8d9d1af6f2fca0a0" title="btIDebugDraw::drawPlane" alt="" coords="293,259,461,285">
<area shape="rect" href="$classbt_i_debug_draw.html#29033d7c4f7d8c1745301bc4b5253f3b" title="btIDebugDraw::drawSphere" alt="" coords="289,309,465,336">
<area shape="rect" href="$classbt_i_debug_draw.html#6faa8214eebc450104325b6833448b1e" title="btIDebugDraw::drawTransform" alt="" coords="281,360,473,387">
