<area shape="rect" href="$classbt_box2d_box2d_collision_algorithm.html" title="box&#45;box collision detection" alt="" coords="436,5,647,32">
<area shape="rect" href="$classbt_box_box_collision_algorithm.html" title="box&#45;box collision detection" alt="" coords="451,56,632,83">
<area shape="rect" href="$classbt_compound_collision_algorithm.html" title="btCompoundCollisionAlgorithm supports collision between CompoundCollisionShapes and..." alt="" coords="443,107,640,133">
<area shape="rect" href="$classbt_convex2d_convex2d_algorithm.html" title="btConvex2dConvex2dAlgorithm" alt="" coords="441,157,641,184">
<area shape="rect" href="$classbt_convex_convex_algorithm.html" title="btConvexConvexAlgorithm" alt="" coords="456,208,627,235">
<area shape="rect" href="$classbt_g_impact_collision_algorithm.html" title="Collision Algorithm for GImpact Shapes." alt="" coords="449,259,633,285">
<area shape="rect" href="$classbt_sphere_box_collision_algorithm.html" title="btSphereBoxCollisionAlgorithm" alt="" coords="441,309,641,336">
<area shape="rect" href="$classbt_sphere_sphere_collision_algorithm.html" title="btSphereSphereCollisionAlgorithm" alt="" coords="432,360,651,387">
<area shape="rect" href="$classbt_sphere_triangle_collision_algorithm.html" title="btSphereTriangleCollisionAlgorithm" alt="" coords="431,411,652,437">
<area shape="rect" href="$classbt_collision_algorithm.html" title="btCollisionAlgorithm" alt="" coords="5,208,141,235">
<area shape="rect" href="$classbt_compound_compound_collision_algorithm.html" title="btCompoundCompoundCollisionAlgorithm supports collision between two btCompoundCollisionShape..." alt="" coords="703,107,961,133">
