<area shape="rect" href="$classbt_collision_algorithm.html" title="btCollisionAlgorithm" alt="" coords="1508,9,1644,36">
<area shape="rect" href="$classbt_dispatcher.html" title="btDispatcher" alt="" coords="1140,5,1233,32">
<area shape="rect" href="$classbt_soft_body_triangle_callback.html" title="For each triangle in the concave mesh that overlaps with the AABB of a soft body..." alt="" coords="1487,103,1665,129">
<area shape="rect" href="$classbt_triangle_callback.html" title="btTriangleCallback" alt="" coords="1123,124,1251,151">
<area shape="rect" href="$classbt_hash_map.html" title="btHashMap\&lt; btHashKey\&lt; btTriIndex \&gt;, btTriIndex \&gt;" alt="" coords="1027,175,1347,201">
<area shape="rect" href="$classbt_aligned_object_array.html" title="btAlignedObjectArray\&lt; btHashKey\&lt; btTriIndex \&gt; \&gt;" alt="" coords="489,144,801,171">
<area shape="rect" href="$classbt_aligned_allocator.html" title="btAlignedAllocator\&lt; btHashKey\&lt; btTriIndex \&gt;, 16 \&gt;" alt="" coords="24,144,339,171">
<area shape="rect" href="$classbt_aligned_object_array.html" title="btAlignedObjectArray\&lt; btTriIndex \&gt;" alt="" coords="533,93,757,120">
<area shape="rect" href="$classbt_aligned_allocator.html" title="btAlignedAllocator\&lt; btTriIndex, 16 \&gt;" alt="" coords="68,93,295,120">
<area shape="rect" href="$classbt_aligned_object_array.html" title="btAlignedObjectArray\&lt; int \&gt;" alt="" coords="555,225,736,252">
<area shape="rect" href="$classbt_soft_body.html" title="btSoftBody" alt="" coords="1144,323,1229,349">
<area shape="rect" href="$classbt_aligned_allocator.html" title="btAlignedAllocator\&lt; int, 16 \&gt;" alt="" coords="88,225,275,252">
<area shape="rect" href="$classbt_aligned_object_array.html" title="btAlignedObjectArray\&lt; bool \&gt;" alt="" coords="549,347,741,373">
<area shape="rect" href="$classbt_aligned_allocator.html" title="btAlignedAllocator\&lt; bool, 16 \&gt;" alt="" coords="84,347,279,373">
<area shape="rect" href="$structbt_dbvt.html" title="btDbvt" alt="" coords="617,424,673,451">
<area shape="rect" href="$classbt_aligned_object_array.html" title="btAlignedObjectArray\&lt; Link \&gt;" alt="" coords="549,475,741,501">
<area shape="rect" href="$classbt_aligned_allocator.html" title="btAlignedAllocator\&lt; Link, 16 \&gt;" alt="" coords="84,475,279,501">
<area shape="rect" href="$classbt_aligned_object_array.html" title="btAlignedObjectArray\&lt; const class btCollisionObject * \&gt;" alt="" coords="472,296,819,323">
<area shape="rect" href="$classbt_aligned_allocator.html" title="btAlignedAllocator\&lt; const class btCollisionObject *, 16 \&gt;" alt="" coords="7,296,356,323">
<area shape="rect" href="$classbt_manifold_result.html" title="btManifoldResult is a helper class to manage contact results." alt="" coords="1128,73,1245,100">
