<area shape="rect" href="$classbt_activating_collision_algorithm.html" title="This class is not enabled yet (work&#45;in&#45;progress) to more aggressively activate objects..." alt="" coords="213,208,405,235">
<area shape="rect" href="$classbt_convex_plane_collision_algorithm.html" title="btConvexPlaneCollisionAlgorithm" alt="" coords="204,259,415,285">
<area shape="rect" href="$classbt_empty_algorithm.html" title="btEmptyAlgorithm" alt="" coords="247,309,372,336">
<area shape="rect" href="$classbt_soft_body_concave_collision_algorithm.html" title="btSoftBodyConcaveCollisionAlgorithm supports collision between soft body shapes and..." alt="" coords="191,360,428,387">
<area shape="rect" href="$classbt_soft_rigid_collision_algorithm.html" title="btSoftRigidCollisionAlgorithm provides collision detection between btSoftBody and..." alt="" coords="216,411,403,437">
<area shape="rect" href="$classbt_soft_soft_collision_algorithm.html" title="collision detection between two btSoftBody shapes" alt="" coords="219,461,400,488">
<area shape="rect" href="$classbt_box2d_box2d_collision_algorithm.html" title="box&#45;box collision detection" alt="" coords="484,5,695,32">
<area shape="rect" href="$classbt_box_box_collision_algorithm.html" title="box&#45;box collision detection" alt="" coords="499,56,680,83">
<area shape="rect" href="$classbt_compound_collision_algorithm.html" title="btCompoundCollisionAlgorithm supports collision between CompoundCollisionShapes and..." alt="" coords="491,107,688,133">
<area shape="rect" href="$classbt_convex2d_convex2d_algorithm.html" title="btConvex2dConvex2dAlgorithm" alt="" coords="489,157,689,184">
<area shape="rect" href="$classbt_convex_convex_algorithm.html" title="btConvexConvexAlgorithm" alt="" coords="504,208,675,235">
<area shape="rect" href="$classbt_g_impact_collision_algorithm.html" title="Collision Algorithm for GImpact Shapes." alt="" coords="497,259,681,285">
<area shape="rect" href="$classbt_sphere_box_collision_algorithm.html" title="btSphereBoxCollisionAlgorithm" alt="" coords="489,309,689,336">
<area shape="rect" href="$classbt_sphere_sphere_collision_algorithm.html" title="btSphereSphereCollisionAlgorithm" alt="" coords="480,360,699,387">
<area shape="rect" href="$classbt_sphere_triangle_collision_algorithm.html" title="btSphereTriangleCollisionAlgorithm" alt="" coords="479,411,700,437">
<area shape="rect" href="$classbt_compound_compound_collision_algorithm.html" title="btCompoundCompoundCollisionAlgorithm supports collision between two btCompoundCollisionShape..." alt="" coords="751,107,1009,133">
