<area shape="rect" href="$classbt_triangle_callback.html" title="btTriangleCallback" alt="" coords="2773,269,2901,296">
<area shape="rect" href="$classbt_hash_map.html" title="btHashMap\&lt; btHashKey\&lt; btTriIndex \&gt;, btTriIndex \&gt;" alt="" coords="2677,320,2997,347">
<area shape="rect" href="$classbt_aligned_object_array.html" title="btAlignedObjectArray\&lt; btHashKey\&lt; btTriIndex \&gt; \&gt;" alt="" coords="1684,139,1996,165">
<area shape="rect" href="$classbt_aligned_allocator.html" title="btAlignedAllocator\&lt; btHashKey\&lt; btTriIndex \&gt;, 16 \&gt;" alt="" coords="879,100,1193,127">
<area shape="rect" href="$classbt_aligned_allocator.html" title="btAlignedAllocator\&lt; T, Alignment \&gt;" alt="" coords="5,352,229,379">
<area shape="rect" href="$classbt_aligned_allocator.html" title="btAlignedAllocator\&lt; T, 16 \&gt;" alt="" coords="588,301,767,328">
<area shape="rect" href="$classbt_aligned_allocator.html" title="btAlignedAllocator\&lt; btTriIndex, 16 \&gt;" alt="" coords="923,5,1149,32">
<area shape="rect" href="$classbt_aligned_allocator.html" title="btAlignedAllocator\&lt; int, 16 \&gt;" alt="" coords="584,409,771,436">
<area shape="rect" href="$classbt_aligned_allocator.html" title="btAlignedAllocator\&lt; Key, 16 \&gt;" alt="" coords="1220,219,1415,245">
<area shape="rect" href="$classbt_aligned_allocator.html" title="btAlignedAllocator\&lt; Value, 16 \&gt;" alt="" coords="933,352,1139,379">
<area shape="rect" href="$classbt_aligned_allocator.html" title="btAlignedAllocator\&lt; bool, 16 \&gt;" alt="" coords="1220,609,1415,636">
<area shape="rect" href="$classbt_aligned_allocator.html" title="btAlignedAllocator\&lt; Link, 16 \&gt;" alt="" coords="939,653,1133,680">
<area shape="rect" href="$classbt_aligned_allocator.html" title="btAlignedAllocator\&lt; const class btCollisionObject *, 16 \&gt;" alt="" coords="503,500,852,527">
<area shape="rect" href="$classbt_aligned_object_array.html" title="btAlignedObjectArray\&lt; T \&gt;" alt="" coords="1229,299,1405,325">
<area shape="rect" href="$classbt_aligned_object_array.html" title="btAlignedObjectArray\&lt; btTriIndex \&gt;" alt="" coords="1728,88,1952,115">
<area shape="rect" href="$classbt_aligned_object_array.html" title="btAlignedObjectArray\&lt; int \&gt;" alt="" coords="1749,352,1931,379">
<area shape="rect" href="$classbt_aligned_object_array.html" title="btAlignedObjectArray\&lt; Key \&gt;" alt="" coords="1744,199,1936,225">
<area shape="rect" href="$classbt_aligned_object_array.html" title="btAlignedObjectArray\&lt; Value \&gt;" alt="" coords="1740,276,1940,303">
<area shape="rect" href="$classbt_aligned_object_array.html" title="btAlignedObjectArray\&lt; bool \&gt;" alt="" coords="1744,563,1936,589">
<area shape="rect" href="$classbt_aligned_object_array.html" title="btAlignedObjectArray\&lt; Link \&gt;" alt="" coords="1744,613,1936,640">
<area shape="rect" href="$classbt_aligned_object_array.html" title="btAlignedObjectArray\&lt; const class btCollisionObject * \&gt;" alt="" coords="1667,436,2013,463">
<area shape="rect" href="$classbt_hash_map.html" title="btHashMap\&lt; Key, Value \&gt;" alt="" coords="2221,264,2397,291">
<area shape="rect" href="$classbt_soft_body.html" title="btSoftBody" alt="" coords="2267,473,2352,500">
<area shape="rect" href="$structbt_dbvt.html" title="btDbvt" alt="" coords="1812,512,1868,539">
<area shape="rect" href="$classbt_manifold_result.html" title="btManifoldResult is a helper class to manage contact results." alt="" coords="2779,447,2896,473">
<area shape="rect" href="$classbt_dispatcher.html" title="btDispatcher" alt="" coords="2791,497,2884,524">
