<area shape="rect" href="$classbt_action_interface.html" title="Basic interface to allow actions such as vehicles and characters to be updated inside..." alt="" coords="932,7,1049,33">
<area shape="rect" href="$classbt_rigid_body.html" title="btRigidBody" alt="" coords="945,57,1036,84">
<area shape="rect" href="$classbt_aligned_object_array.html" title="btAlignedObjectArray\&lt; btTypedConstraint * \&gt;" alt="" coords="408,8,691,35">
<area shape="rect" href="$classbt_aligned_allocator.html" title="btAlignedAllocator\&lt; btTypedConstraint *, 16 \&gt;" alt="" coords="7,8,292,35">
<area shape="rect" href="$classbt_motion_state.html" title="btMotionState" alt="" coords="499,59,600,85">
<area shape="rect" href="$classbt_aligned_object_array.html" title="btAlignedObjectArray\&lt; btVector3 \&gt;" alt="" coords="879,113,1103,140">
<area shape="rect" href="$classbt_aligned_allocator.html" title="btAlignedAllocator\&lt; btVector3, 16 \&gt;" alt="" coords="436,113,663,140">
<area shape="rect" href="$structbt_vehicle_raycaster.html" title="btVehicleRaycaster is provides interface for between vehicle simulation and raycasting..." alt="" coords="924,164,1057,191">
<area shape="rect" href="$classbt_aligned_object_array.html" title="btAlignedObjectArray\&lt; btWheelInfo \&gt;" alt="" coords="873,215,1108,241">
<area shape="rect" href="$structbt_wheel_info.html" title="btWheelInfo contains information per wheel about friction and suspension." alt="" coords="505,189,593,216">
<area shape="rect" href="$classbt_aligned_allocator.html" title="btAlignedAllocator\&lt; btWheelInfo, 16 \&gt;" alt="" coords="429,240,669,267">
