<area shape="rect" href="$classbt_manifold_result.html#ebe32f0c202d988d0458e88d768602c6" title="btManifoldResult::addContactPoint" alt="" coords="372,31,593,57">
<area shape="rect" href="$classbt_gjk_pair_detector.html#1a812a6b875660bc66de1a60bf6a76ab" title="btGjkPairDetector::getCachedSeparatingAxis" alt="" coords="341,81,624,108">
<area shape="rect" href="$classbt_gjk_pair_detector.html#e27d863f35ce718af83c46a896e80fd6" title="btGjkPairDetector::getCachedSeparatingDistance" alt="" coords="329,132,636,159">
<area shape="rect" href="$classbt_gjk_pair_detector.html#42505a0ccc728c82595febe9af3a3bc8" title="btGjkPairDetector::getClosestPoints" alt="" coords="367,183,599,209">
<area shape="rect" href="$classbt_dispatcher.html#8c7798c84a4ec8da239b70797fa5abf2" title="btDispatcher::getNewManifold" alt="" coords="387,233,579,260">
<area shape="rect" href="$classbt_manifold_result.html#1c5ab928075fd6a12ebcf54e7e95b534" title="btManifoldResult::getPersistentManifold" alt="" coords="357,284,608,311">
<area shape="rect" href="$classbt_aligned_object_array.html#d61e10166e2c00f487095d3482b9edd1" title="btAlignedObjectArray::push_back" alt="" coords="375,335,591,361">
<area shape="rect" href="$classbt_manifold_result.html#dbcfd865252ac9dc8a3543f404e2dcf1" title="btManifoldResult::refreshContactPoints" alt="" coords="360,385,605,412">
<area shape="rect" href="$classbt_aligned_object_array.html#6a48cd9cb91d0cfa50ee1c70ef485190" title="btAlignedObjectArray::resize" alt="" coords="389,436,576,463">
<area shape="rect" href="$classbt_gjk_pair_detector.html#93e9752920c57c39faca247fc005750e" title="don&#39;t use setIgnoreMargin, it&#39;s for Bullet&#39;s internal use" alt="" coords="371,487,595,513">
<area shape="rect" href="$classbt_gjk_pair_detector.html#a1c126f716f8c80f355ad48a5234ca73" title="btGjkPairDetector::setMinkowskiA" alt="" coords="373,537,592,564">
<area shape="rect" href="$classbt_gjk_pair_detector.html#ee8fc2c182e482574ba9e819eea7b23a" title="btGjkPairDetector::setMinkowskiB" alt="" coords="373,588,592,615">
<area shape="rect" href="$classbt_manifold_result.html#7a46d46b9a13c2896695e458c1d6df1f" title="btManifoldResult::setPersistentManifold" alt="" coords="357,639,608,665">
<area shape="rect" href="$classbt_manifold_result.html#162717dce3ef3a756ae55ec04a179ed5" title="User can override this material combiner by implementing gContactAddedCallback and..." alt="" coords="696,5,973,32">
<area shape="rect" href="$classbt_manifold_result.html#a4419fc3b0d13ccc2cbfd7739b047c04" title="in the future we can let the user override the methods to combine restitution and..." alt="" coords="687,56,983,83">
