<area shape="rect" href="$classbt_aligned_object_array.html" title="btAlignedObjectArray\&lt; btQuaternion \&gt;" alt="" coords="461,44,704,71">
<area shape="rect" href="$classbt_quaternion.html" title="The btQuaternion implements quaternion to perform linear algebra rotations in combination..." alt="" coords="112,5,208,32">
<area shape="rect" href="$classbt_aligned_allocator.html" title="btAlignedAllocator\&lt; btQuaternion, 16 \&gt;" alt="" coords="37,56,283,83">
<area shape="rect" href="$classbt_aligned_object_array.html" title="btAlignedObjectArray\&lt; btVector3 \&gt;" alt="" coords="471,119,695,145">
<area shape="rect" href="$classbt_aligned_allocator.html" title="btAlignedAllocator\&lt; btVector3, 16 \&gt;" alt="" coords="47,119,273,145">
<area shape="rect" href="$classbt_aligned_object_array.html" title="btAlignedObjectArray\&lt; btMatrix3x3 \&gt;" alt="" coords="465,169,700,196">
<area shape="rect" href="$classbt_aligned_allocator.html" title="btAlignedAllocator\&lt; btMatrix3x3, 16 \&gt;" alt="" coords="40,169,280,196">
<area shape="rect" href="$classbt_aligned_object_array.html" title="btAlignedObjectArray\&lt; btMultiBody * \&gt;" alt="" coords="460,220,705,247">
<area shape="rect" href="$classbt_aligned_allocator.html" title="btAlignedAllocator\&lt; btMultiBody *, 16 \&gt;" alt="" coords="35,220,285,247">
<area shape="rect" href="$classbt_aligned_object_array.html" title="btAlignedObjectArray\&lt; btMultiBodyConstraint * \&gt;" alt="" coords="431,279,735,305">
<area shape="rect" href="$classbt_aligned_allocator.html" title="btAlignedAllocator\&lt; btMultiBodyConstraint *, 16 \&gt;" alt="" coords="5,279,315,305">
