<area shape="rect" href="$classbt_collision_algorithm.html" title="btCollisionAlgorithm" alt="" coords="3159,119,3295,145">
<area shape="rect" href="$classbt_dispatcher.html" title="btDispatcher" alt="" coords="2791,115,2884,141">
<area shape="rect" href="$classbt_soft_body_triangle_callback.html" title="For each triangle in the concave mesh that overlaps with the AABB of a soft body..." alt="" coords="3137,212,3316,239">
<area shape="rect" href="$classbt_triangle_callback.html" title="btTriangleCallback" alt="" coords="2773,233,2901,260">
<area shape="rect" href="$classbt_hash_map.html" title="btHashMap\&lt; btHashKey\&lt; btTriIndex \&gt;, btTriIndex \&gt;" alt="" coords="2677,284,2997,311">
<area shape="rect" href="$classbt_aligned_object_array.html" title="btAlignedObjectArray\&lt; btHashKey\&lt; btTriIndex \&gt; \&gt;" alt="" coords="1684,136,1996,163">
<area shape="rect" href="$classbt_aligned_allocator.html" title="btAlignedAllocator\&lt; btHashKey\&lt; btTriIndex \&gt;, 16 \&gt;" alt="" coords="879,12,1193,39">
<area shape="rect" href="$classbt_aligned_allocator.html" title="btAlignedAllocator\&lt; T, Alignment \&gt;" alt="" coords="5,392,229,419">
<area shape="rect" href="$classbt_aligned_allocator.html" title="btAlignedAllocator\&lt; T, 16 \&gt;" alt="" coords="588,339,767,365">
<area shape="rect" href="$classbt_aligned_allocator.html" title="btAlignedAllocator\&lt; btTriIndex, 16 \&gt;" alt="" coords="923,111,1149,137">
<area shape="rect" href="$classbt_aligned_allocator.html" title="btAlignedAllocator\&lt; int, 16 \&gt;" alt="" coords="584,447,771,473">
<area shape="rect" href="$classbt_aligned_allocator.html" title="btAlignedAllocator\&lt; Key, 16 \&gt;" alt="" coords="1220,163,1415,189">
<area shape="rect" href="$classbt_aligned_allocator.html" title="btAlignedAllocator\&lt; Value, 16 \&gt;" alt="" coords="933,392,1139,419">
<area shape="rect" href="$classbt_aligned_allocator.html" title="btAlignedAllocator\&lt; bool, 16 \&gt;" alt="" coords="1220,677,1415,704">
<area shape="rect" href="$classbt_aligned_allocator.html" title="btAlignedAllocator\&lt; Link, 16 \&gt;" alt="" coords="939,612,1133,639">
<area shape="rect" href="$classbt_aligned_allocator.html" title="btAlignedAllocator\&lt; const class btCollisionObject *, 16 \&gt;" alt="" coords="503,504,852,531">
<area shape="rect" href="$classbt_aligned_object_array.html" title="btAlignedObjectArray\&lt; T \&gt;" alt="" coords="1229,332,1405,359">
<area shape="rect" href="$classbt_aligned_object_array.html" title="btAlignedObjectArray\&lt; btTriIndex \&gt;" alt="" coords="1728,187,1952,213">
<area shape="rect" href="$classbt_aligned_object_array.html" title="btAlignedObjectArray\&lt; int \&gt;" alt="" coords="1749,391,1931,417">
<area shape="rect" href="$classbt_aligned_object_array.html" title="btAlignedObjectArray\&lt; Key \&gt;" alt="" coords="1744,237,1936,264">
<area shape="rect" href="$classbt_aligned_object_array.html" title="btAlignedObjectArray\&lt; Value \&gt;" alt="" coords="1740,288,1940,315">
<area shape="rect" href="$classbt_aligned_object_array.html" title="btAlignedObjectArray\&lt; bool \&gt;" alt="" coords="1744,652,1936,679">
<area shape="rect" href="$classbt_aligned_object_array.html" title="btAlignedObjectArray\&lt; Link \&gt;" alt="" coords="1744,601,1936,628">
<area shape="rect" href="$classbt_aligned_object_array.html" title="btAlignedObjectArray\&lt; const class btCollisionObject * \&gt;" alt="" coords="1667,473,2013,500">
<area shape="rect" href="$classbt_hash_map.html" title="btHashMap\&lt; Key, Value \&gt;" alt="" coords="2221,284,2397,311">
<area shape="rect" href="$classbt_soft_body.html" title="btSoftBody" alt="" coords="2267,512,2352,539">
<area shape="rect" href="$structbt_dbvt.html" title="btDbvt" alt="" coords="1812,551,1868,577">
<area shape="rect" href="$classbt_manifold_result.html" title="btManifoldResult is a helper class to manage contact results." alt="" coords="2779,183,2896,209">
