<area shape="rect" href="$classbt_g_impact_shape_interface.html" title="Base class for gimpact shapes." alt="" coords="877,104,1045,131">
<area shape="rect" href="$classbt_g_impact_mesh_shape_part.html" title="This class manages a sub part of a mesh supplied by the btStridingMeshInterface interface..." alt="" coords="1177,56,1351,83">
<area shape="rect" href="$classbt_g_impact_quantized_bvh.html" title="Structure for containing Boxes." alt="" coords="340,104,500,131">
<area shape="rect" href="$classbt_primitive_manager_base.html" title="Prototype Base class for primitive classification." alt="" coords="7,56,167,83">
<area shape="rect" href="$classbt_g_impact_mesh_shape_part_1_1_trimesh_primitive_manager.html" title="Trimesh primitive manager." alt="" coords="525,40,853,67">
<area shape="rect" href="$classbt_quantized_bvh_tree.html" title="Basic Box tree structure." alt="" coords="19,123,155,149">
<area shape="rect" href="$classbt_aligned_object_array.html" title="btAlignedObjectArray\&lt; btGImpactMeshShapePart * \&gt;" alt="" coords="1547,56,1877,83">
<area shape="rect" href="$classbt_aligned_allocator.html" title="btAlignedAllocator\&lt; btGImpactMeshShapePart *, 16 \&gt;" alt="" coords="1097,5,1431,32">
