<area shape="rect" href="$classb3_hash_map.html" title="b3HashMap\&lt; b3HashPtr, bParse::bStructHandle * \&gt;" alt="" coords="772,47,1095,73">
<area shape="rect" href="$classb3_hash_map.html" title="b3HashMap\&lt; b3HashString, int \&gt;" alt="" coords="827,97,1040,124">
<area shape="rect" href="$classb3_hash_map.html" title="b3HashMap\&lt; b3HashPtr, b3PointerUid \&gt;" alt="" coords="805,148,1061,175">
<area shape="rect" href="$classb3_hash_map.html" title="b3HashMap\&lt; const b3HashPtr, char * \&gt;" alt="" coords="807,199,1060,225">
<area shape="rect" href="$classb3_hash_map.html" title="b3HashMap\&lt; b3HashInt, int \&gt;" alt="" coords="836,249,1031,276">
<area shape="rect" href="$classb3_hash_map.html" title="b3HashMap\&lt; b3HashPtr, void void **typedef void *typedef void *typedef void *typedef * \&gt;" alt="" coords="669,300,1197,327">
<area shape="rect" href="$classb3_hash_map.html" title="b3HashMap\&lt; b3HashPtr, bParse::bChunkInd \&gt;" alt="" coords="787,351,1080,377">
