<area shape="rect" href="$group__core__func__trigonometric.html#gcb63bdf23d5e084a5b6a2ed0ae395e64" title="glm::degrees" alt="" coords="235,56,331,83">
<area shape="rect" href="$group__gtc__matrix__transform.html#g1a75da872120125437265872423e0b14" title="glm::rotate" alt="" coords="241,107,324,133">
<area shape="rect" href="$group__gtc__quaternion.html#g5c243b588291c790bf1b5ec3f0f08d1b" title="glm::axis" alt="" coords="395,5,469,32">
<area shape="rect" href="$group__core__func__trigonometric.html#gfef15df90786cd24fe786cc0ff2cbc98" title="glm::cos" alt="" coords="396,56,468,83">
<area shape="rect" href="$group__core__func__geometric.html#g0feb2bb89ee2743677ad2cb84544bd83" title="glm::normalize" alt="" coords="379,107,485,133">
<area shape="rect" href="$group__core__func__trigonometric.html#g87953103f3ac701b8440a7d904fa2e4d" title="glm::radians" alt="" coords="387,157,477,184">
<area shape="rect" href="$group__core__func__trigonometric.html#gd4d4eda735d915be9af695fe2b4cded2" title="glm::sin" alt="" coords="399,208,465,235">
<area shape="rect" href="$group__gtx__integer.html#g457e9efca8339bf918d319e9c55f7c8f" title="glm::sqrt" alt="" coords="533,5,605,32">
