<area shape="rect" href="$classbt_simulation_island_manager.html" title="SimulationIslandManager creates and handles simulation islands, using btUnionFind..." alt="" coords="2084,89,2260,116">
<area shape="rect" href="$classbt_aligned_object_array.html" title="btAlignedObjectArray\&lt; btCollisionObject * \&gt;" alt="" coords="1453,28,1728,55">
<area shape="rect" href="$classbt_aligned_allocator.html" title="btAlignedAllocator\&lt; btCollisionObject *, 16 \&gt;" alt="" coords="637,5,917,32">
<area shape="rect" href="$classbt_aligned_allocator.html" title="btAlignedAllocator\&lt; T, Alignment \&gt;" alt="" coords="5,136,229,163">
<area shape="rect" href="$classbt_aligned_allocator.html" title="btAlignedAllocator\&lt; T, 16 \&gt;" alt="" coords="433,89,612,116">
<area shape="rect" href="$classbt_aligned_allocator.html" title="btAlignedAllocator\&lt; btElement, 16 \&gt;" alt="" coords="661,169,893,196">
<area shape="rect" href="$classbt_aligned_allocator.html" title="btAlignedAllocator\&lt; btPersistentManifold *, 16 \&gt;" alt="" coords="943,233,1241,260">
<area shape="rect" href="$classbt_aligned_object_array.html" title="btAlignedObjectArray\&lt; T \&gt;" alt="" coords="1004,83,1180,109">
<area shape="rect" href="$classbt_aligned_object_array.html" title="btAlignedObjectArray\&lt; btElement \&gt;" alt="" coords="1477,89,1704,116">
<area shape="rect" href="$classbt_aligned_object_array.html" title="btAlignedObjectArray\&lt; btPersistentManifold * \&gt;" alt="" coords="1443,143,1739,169">
<area shape="rect" href="$classbt_union_find.html" title="UnionFind calculates connected subsets." alt="" coords="1864,89,1955,116">
