<area shape="rect" href="$classbt_aligned_object_array.html#12123db01dda7758f0df5e3bba10cc0a" title="clear the array, deallocated memory. Generally it is better to use array.resize(0)..." alt="" coords="480,5,659,32">
<area shape="rect" href="$classbt_dispatcher.html#70380f4805e189f34a56fcbf3eab5aaf" title="btDispatcher::freeCollisionAlgorithm" alt="" coords="780,56,1007,83">
<area shape="rect" href="$classbt_collision_algorithm.html#224203965d0115e088db5f8aa8bd11a5" title="btCollisionAlgorithm::getAllContactManifolds" alt="" coords="431,360,708,387">
<area shape="rect" href="$classbt_aligned_object_array.html#a8d21bd5fe47cfe0216990b78fef665e" title="btAlignedObjectArray::initializeFromBuffer" alt="" coords="439,411,700,437">
<area shape="rect" href="$classbt_compound_collision_algorithm.html#173ce993461795e0572dd2924c54cdc0" title="btCompoundCollisionAlgorithm::processCollision" alt="" coords="419,157,720,184">
<area shape="rect" href="$classbt_manifold_result.html#dbcfd865252ac9dc8a3543f404e2dcf1" title="btManifoldResult::refreshContactPoints" alt="" coords="771,107,1016,133">
<area shape="rect" href="$classbt_aligned_object_array.html#6a48cd9cb91d0cfa50ee1c70ef485190" title="btAlignedObjectArray::resize" alt="" coords="800,208,987,235">
<area shape="rect" href="$classbt_manifold_result.html#7a46d46b9a13c2896695e458c1d6df1f" title="btManifoldResult::setPersistentManifold" alt="" coords="768,259,1019,285">
<area shape="rect" href="$classbt_aligned_object_array.html#6bdd14c7599ecb95e8d83dd5a715f9b7" title="return the number of elements in the array" alt="" coords="805,309,981,336">
<area shape="rect" href="$classbt_aligned_object_array.html#d61e10166e2c00f487095d3482b9edd1" title="btAlignedObjectArray::push_back" alt="" coords="461,461,677,488">
<area shape="rect" href="$classbt_collision_algorithm.html#4d5041a3d8c597142aad10ed2a3b811c" title="btCollisionAlgorithm::~btCollisionAlgorithm" alt="" coords="436,512,703,539">
<area shape="rect" href="$structbt_dbvt.html#572bdff5a0c682f71e382c5db02c2c93" title="btDbvt::collideTVNoStackAlloc" alt="" coords="795,157,992,184">
