<area shape="rect" href="$classbt_g_impact_compound_shape.html" title="btGImpactCompoundShape allows to handle multiple btCollisionShape objects at once..." alt="" coords="1900,120,2079,147">
<area shape="rect" href="$classbt_primitive_manager_base.html" title="Prototype Base class for primitive classification." alt="" coords="440,28,600,55">
<area shape="rect" href="$classbt_g_impact_quantized_bvh.html" title="Structure for containing Boxes." alt="" coords="1033,89,1193,116">
<area shape="rect" href="$classbt_g_impact_shape_interface.html" title="Base class for gimpact shapes." alt="" coords="1520,120,1688,147">
<area shape="rect" href="$classbt_quantized_bvh_tree.html" title="Basic Box tree structure." alt="" coords="452,95,588,121">
<area shape="rect" href="$classbt_aligned_object_array.html" title="btAlignedObjectArray\&lt; btTransform \&gt;" alt="" coords="1487,171,1721,197">
<area shape="rect" href="$classbt_aligned_allocator.html" title="btAlignedAllocator\&lt; btTransform, 16 \&gt;" alt="" coords="655,147,895,173">
<area shape="rect" href="$classbt_aligned_allocator.html" title="btAlignedAllocator\&lt; T, Alignment \&gt;" alt="" coords="5,213,229,240">
<area shape="rect" href="$classbt_aligned_allocator.html" title="btAlignedAllocator\&lt; T, 16 \&gt;" alt="" coords="431,213,609,240">
<area shape="rect" href="$classbt_aligned_allocator.html" title="btAlignedAllocator\&lt; btCollisionShape *, 16 \&gt;" alt="" coords="636,269,913,296">
<area shape="rect" href="$classbt_aligned_object_array.html" title="btAlignedObjectArray\&lt; T \&gt;" alt="" coords="1025,213,1201,240">
<area shape="rect" href="$classbt_aligned_object_array.html" title="btAlignedObjectArray\&lt; btCollisionShape * \&gt;" alt="" coords="1467,225,1741,252">
