<area shape="rect" href="$classbt_aligned_object_array.html" title="btAlignedObjectArray\&lt; int \&gt;" alt="" coords="1629,52,1811,79">
<area shape="rect" href="$classbt_aligned_allocator.html" title="btAlignedAllocator\&lt; int, 16 \&gt;" alt="" coords="883,5,1069,32">
<area shape="rect" href="$classbt_aligned_allocator.html" title="btAlignedAllocator\&lt; T, Alignment \&gt;" alt="" coords="5,165,229,192">
<area shape="rect" href="$classbt_aligned_allocator.html" title="btAlignedAllocator\&lt; T, 16 \&gt;" alt="" coords="588,165,767,192">
<area shape="rect" href="$classbt_aligned_allocator.html" title="btAlignedAllocator\&lt; bool, 16 \&gt;" alt="" coords="879,75,1073,101">
<area shape="rect" href="$classbt_aligned_allocator.html" title="btAlignedAllocator\&lt; Link, 16 \&gt;" alt="" coords="1100,256,1295,283">
<area shape="rect" href="$classbt_aligned_allocator.html" title="btAlignedAllocator\&lt; const class btCollisionObject *, 16 \&gt;" alt="" coords="503,313,852,340">
<area shape="rect" href="$classbt_aligned_object_array.html" title="btAlignedObjectArray\&lt; T \&gt;" alt="" coords="1109,165,1285,192">
<area shape="rect" href="$classbt_aligned_object_array.html" title="btAlignedObjectArray\&lt; bool \&gt;" alt="" coords="1624,103,1816,129">
<area shape="rect" href="$classbt_aligned_object_array.html" title="btAlignedObjectArray\&lt; Link \&gt;" alt="" coords="1624,229,1816,256">
<area shape="rect" href="$classbt_aligned_object_array.html" title="btAlignedObjectArray\&lt; const class btCollisionObject * \&gt;" alt="" coords="1547,280,1893,307">
<area shape="rect" href="$structbt_dbvt.html" title="btDbvt" alt="" coords="1692,179,1748,205">
