<area shape="rect" href="$classb3_quaternion.html#497ec9be887735d3655eb5f64bfb45bb" title="Set the quaternion using Euler angles." alt="" coords="249,5,404,32">
<area shape="rect" href="$classb3_quaternion.html#78e3817a97a72fd1e32d4d17e40be362" title="Set the quaternion using euler angles." alt="" coords="239,56,415,83">
<area shape="rect" href="$classb3_quaternion.html#96d3f4aedcb4b645115ab5a7897fa0d1" title="Normalize the quaternion Such that x^2 + y^2 + z^2 +w^2 = 1." alt="" coords="464,56,627,83">
<area shape="rect" href="$classb3_quaternion.html#d008f8dd2f6dbd5ac86f3b02a10ef4a6" title="Return the length of the quaternion." alt="" coords="675,56,816,83">
<area shape="rect" href="$classb3_quaternion.html#a8d3d563ea89e36794d63bd289934509" title="Return the length squared of the quaternion." alt="" coords="865,56,1012,83">
<area shape="rect" href="$classb3_quaternion.html#747537c86fc2d63a6fc43db811952634" title="Return the dot product between this quaternion and another." alt="" coords="1063,56,1185,83">
