<area shape="rect" href="$classbt_manifold_result.html#ebe32f0c202d988d0458e88d768602c6" title="btManifoldResult::addContactPoint" alt="" coords="769,31,991,57">
<area shape="rect" href="$classbt_convex_plane_collision_algorithm.html#79f8384fcdc2145be9fca0057edc8b69" title="btConvexPlaneCollisionAlgorithm::collideSingleContact" alt="" coords="369,68,705,95">
<area shape="rect" href="$group__core__func__geometric.html#gd21e00cab9f8b4eb6d1214a16dee06c7" title="glm::distance" alt="" coords="831,119,929,145">
<area shape="rect" href="$classbt_manifold_result.html#7a46d46b9a13c2896695e458c1d6df1f" title="btManifoldResult::setPersistentManifold" alt="" coords="755,169,1005,196">
<area shape="rect" href="$classbt_manifold_result.html#1c5ab928075fd6a12ebcf54e7e95b534" title="btManifoldResult::getPersistentManifold" alt="" coords="412,220,663,247">
<area shape="rect" href="$classbt_manifold_result.html#dbcfd865252ac9dc8a3543f404e2dcf1" title="btManifoldResult::refreshContactPoints" alt="" coords="415,271,660,297">
<area shape="rect" href="$classbt_manifold_result.html#162717dce3ef3a756ae55ec04a179ed5" title="User can override this material combiner by implementing gContactAddedCallback and..." alt="" coords="1064,56,1341,83">
<area shape="rect" href="$classbt_manifold_result.html#a4419fc3b0d13ccc2cbfd7739b047c04" title="in the future we can let the user override the methods to combine restitution and..." alt="" coords="1055,5,1351,32">
<area shape="rect" href="$group__core__func__geometric.html#gd73a94d9c967e619e670156356e93b7e" title="glm::length" alt="" coords="1160,119,1245,145">
<area shape="rect" href="$group__core__func__common.html#gab4b95b47f2918ce6e7ac279a0ba27c1" title="glm::abs" alt="" coords="1400,119,1472,145">
