<area shape="rect" href="$classbt_activating_collision_algorithm.html" title="This class is not enabled yet (work&#45;in&#45;progress) to more aggressively activate objects..." alt="" coords="1409,249,1601,276">
<area shape="rect" href="$classbt_collision_algorithm.html" title="btCollisionAlgorithm" alt="" coords="1001,231,1137,257">
<area shape="rect" href="$classbt_aligned_object_array.html" title="btAlignedObjectArray\&lt; btCollisionAlgorithm * \&gt;" alt="" coords="1360,199,1651,225">
<area shape="rect" href="$classbt_dispatcher.html" title="btDispatcher" alt="" coords="495,231,588,257">
<area shape="rect" href="$classbt_aligned_object_array.html" title="btAlignedObjectArray\&lt; const btDbvtNode * \&gt;" alt="" coords="1365,32,1645,59">
<area shape="rect" href="$classbt_aligned_allocator.html" title="btAlignedAllocator\&lt; const btDbvtNode *, 16 \&gt;" alt="" coords="665,5,948,32">
<area shape="rect" href="$classbt_aligned_allocator.html" title="btAlignedAllocator\&lt; T, Alignment \&gt;" alt="" coords="5,119,229,145">
<area shape="rect" href="$classbt_aligned_allocator.html" title="btAlignedAllocator\&lt; T, 16 \&gt;" alt="" coords="452,91,631,117">
<area shape="rect" href="$classbt_aligned_allocator.html" title="btAlignedAllocator\&lt; btCollisionAlgorithm *, 16 \&gt;" alt="" coords="659,284,955,311">
<area shape="rect" href="$classbt_aligned_allocator.html" title="btAlignedAllocator\&lt; btPersistentManifold *, 16 \&gt;" alt="" coords="657,164,956,191">
<area shape="rect" href="$classbt_aligned_object_array.html" title="btAlignedObjectArray\&lt; T \&gt;" alt="" coords="981,80,1157,107">
<area shape="rect" href="$classbt_aligned_object_array.html" title="btAlignedObjectArray\&lt; btPersistentManifold * \&gt;" alt="" coords="1357,148,1653,175">
