<area shape="rect" href="$classbt_convex_penetration_depth_solver.html#6330f083a2847efc4444e94160f0c622" title="btConvexPenetrationDepthSolver::calcPenDepth" alt="" coords="347,5,645,32">
<area shape="rect" href="$group__core__func__geometric.html#gd21e00cab9f8b4eb6d1214a16dee06c7" title="glm::distance" alt="" coords="447,56,545,83">
<area shape="rect" href="$group__gtx__norm.html#g205e08f24b9e35f9f892b563f2b8dd94" title="glm::distance2" alt="" coords="443,107,549,133">
<area shape="rect" href="$group__gtc__quaternion.html#g4ce8bce2b7dc8206a31cfb8e7b779b76" title="glm::dot" alt="" coords="703,157,769,184">
<area shape="rect" href="$group__gtc__quaternion.html#g286560b01bedb4e046ffb71de22464f4" title="glm::length" alt="" coords="453,208,539,235">
<area shape="rect" href="$group__core__func__geometric.html#gd73a94d9c967e619e670156356e93b7e" title="glm::length" alt="" coords="693,56,779,83">
<area shape="rect" href="$group__core__func__common.html#gab4b95b47f2918ce6e7ac279a0ba27c1" title="glm::abs" alt="" coords="827,56,899,83">
<area shape="rect" href="$group__core__func__exponential.html#gfe49b7b63045b6ab94bffbcd7e7a7bc8" title="glm::sqrt" alt="" coords="700,208,772,235">
