<area shape="rect" href="$classbt_triangle_callback.html" title="btTriangleCallback" alt="" coords="1123,72,1251,99">
<area shape="rect" href="$classbt_hash_map.html" title="btHashMap\&lt; btHashKey\&lt; btTriIndex \&gt;, btTriIndex \&gt;" alt="" coords="1027,123,1347,149">
<area shape="rect" href="$classbt_aligned_object_array.html" title="btAlignedObjectArray\&lt; btHashKey\&lt; btTriIndex \&gt; \&gt;" alt="" coords="489,61,801,88">
<area shape="rect" href="$classbt_aligned_allocator.html" title="btAlignedAllocator\&lt; btHashKey\&lt; btTriIndex \&gt;, 16 \&gt;" alt="" coords="24,61,339,88">
<area shape="rect" href="$classbt_aligned_object_array.html" title="btAlignedObjectArray\&lt; btTriIndex \&gt;" alt="" coords="533,11,757,37">
<area shape="rect" href="$classbt_aligned_allocator.html" title="btAlignedAllocator\&lt; btTriIndex, 16 \&gt;" alt="" coords="68,11,295,37">
<area shape="rect" href="$classbt_aligned_object_array.html" title="btAlignedObjectArray\&lt; int \&gt;" alt="" coords="555,143,736,169">
<area shape="rect" href="$classbt_soft_body.html" title="btSoftBody" alt="" coords="1144,216,1229,243">
<area shape="rect" href="$classbt_aligned_allocator.html" title="btAlignedAllocator\&lt; int, 16 \&gt;" alt="" coords="88,143,275,169">
<area shape="rect" href="$classbt_aligned_object_array.html" title="btAlignedObjectArray\&lt; bool \&gt;" alt="" coords="549,264,741,291">
<area shape="rect" href="$classbt_aligned_allocator.html" title="btAlignedAllocator\&lt; bool, 16 \&gt;" alt="" coords="84,264,279,291">
<area shape="rect" href="$structbt_dbvt.html" title="btDbvt" alt="" coords="617,341,673,368">
<area shape="rect" href="$classbt_aligned_object_array.html" title="btAlignedObjectArray\&lt; Link \&gt;" alt="" coords="549,392,741,419">
<area shape="rect" href="$classbt_aligned_allocator.html" title="btAlignedAllocator\&lt; Link, 16 \&gt;" alt="" coords="84,392,279,419">
<area shape="rect" href="$classbt_aligned_object_array.html" title="btAlignedObjectArray\&lt; const class btCollisionObject * \&gt;" alt="" coords="472,213,819,240">
<area shape="rect" href="$classbt_aligned_allocator.html" title="btAlignedAllocator\&lt; const class btCollisionObject *, 16 \&gt;" alt="" coords="7,213,356,240">
<area shape="rect" href="$classbt_manifold_result.html" title="btManifoldResult is a helper class to manage contact results." alt="" coords="1128,267,1245,293">
<area shape="rect" href="$classbt_dispatcher.html" title="btDispatcher" alt="" coords="1140,317,1233,344">
