<area shape="rect" href="$classbt_m_l_c_p_solver.html#b36b9b3bf2bbbd1de7db27ba109e0a8a" title="btMLCPSolver::createMLCPFast" alt="" coords="351,208,559,235">
<area shape="rect" href="$classbt_aligned_object_array.html#6a48cd9cb91d0cfa50ee1c70ef485190" title="btAlignedObjectArray::resize" alt="" coords="643,309,829,336">
<area shape="rect" href="$classbt_aligned_object_array.html#6bdd14c7599ecb95e8d83dd5a715f9b7" title="return the number of elements in the array" alt="" coords="648,360,824,387">
<area shape="rect" href="$classbt_aligned_object_array.html#d61e10166e2c00f487095d3482b9edd1" title="btAlignedObjectArray::push_back" alt="" coords="347,411,563,437">
<area shape="rect" href="$classbt_aligned_object_array.html#d64affb4ed3f9db81f832cbac6b62527" title="btAlignedObjectArray::expand" alt="" coords="639,5,833,32">
<area shape="rect" href="$classbt_rigid_body.html#ac3284d52f4dd4628a0e0ffbc6e05908" title="btRigidBody::getInvInertiaTensorWorld" alt="" coords="616,56,856,83">
<area shape="rect" href="$classbt_rigid_body.html#ff8193d59d882da6de7236b2410d7e52" title="btRigidBody::getInvMass" alt="" coords="655,107,817,133">
<area shape="rect" href="$classbt_aligned_object_array.html#0bcdc850355c6742c66d50b16b102d9d" title="btAlignedObjectArray::reserve" alt="" coords="640,157,832,184">
<area shape="rect" href="$classbt_aligned_object_array.html#2cc58c74534181a7a10e5c6ab8b21227" title="btAlignedObjectArray::resizeNoInitialize" alt="" coords="611,208,861,235">
<area shape="rect" href="$group__gtc__matrix__access.html#g4409b9c0604f3ed3e6f116b6680eae44" title="glm::row" alt="" coords="701,259,771,285">
<area shape="rect" href="$group__core__func__geometric.html#gd73a94d9c967e619e670156356e93b7e" title="glm::length" alt="" coords="909,259,995,285">
<area shape="rect" href="$group__core__func__common.html#gab4b95b47f2918ce6e7ac279a0ba27c1" title="glm::abs" alt="" coords="1043,259,1115,285">
