<area shape="rect" href="$classbt_g_impact_shape_interface.html#1712a4613e20aa9249514dcd97f0a086" title="use this function for perfofm refit in bounding boxes" alt="" coords="307,157,573,184">
<area shape="rect" href="$classbt_g_impact_quantized_bvh.html#2f061fbf0c6d8a81438861be4add7968" title="this rebuild the entire set" alt="" coords="649,56,865,83">
<area shape="rect" href="$classbt_g_impact_quantized_bvh.html#f2309fdcd1f0cb289a64c64864c29459" title="btGImpactQuantizedBvh::getGlobalBox" alt="" coords="633,107,881,133">
<area shape="rect" href="$classbt_g_impact_quantized_bvh.html#5ffe3a11330ab3bce0d6eaffb9b3f689" title="node count" alt="" coords="632,157,883,184">
<area shape="rect" href="$classbt_g_impact_shape_interface.html#e5de49e788c97a954ab9f2bde16adf60" title="call when reading child shapes" alt="" coords="621,208,893,235">
<area shape="rect" href="$classbt_g_impact_quantized_bvh.html#71665f5245b8f7de1c54f107ef262cd0" title="this attemps to refit the box set." alt="" coords="653,259,861,285">
<area shape="rect" href="$classbt_quantized_bvh_tree.html#a2229fd3e3e2004cdf8151437535e936" title="stackless build tree" alt="" coords="981,5,1181,32">
<area shape="rect" href="$classbt_primitive_manager_base.html#c826409d978724f266d4e3453118de4e" title="btPrimitiveManagerBase::get_primitive_box" alt="" coords="947,56,1216,83">
<area shape="rect" href="$classbt_primitive_manager_base.html#9799cc93c1cf51471d22c5295f276ae8" title="btPrimitiveManagerBase::get_primitive_count" alt="" coords="941,107,1221,133">
<area shape="rect" href="$classbt_quantized_bvh_tree.html#8f8b4acde8a974cb57d9d19b37009100" title="node count" alt="" coords="968,157,1195,184">
