<area shape="rect" href="$classgim__hash__table.html#51905040dee4c41954f5de1634c090dd" title="Resize hash table indices." alt="" coords="320,107,517,133">
<area shape="rect" href="$classgim__hash__table.html#efe21c907c69c8077ec0886aaa778f6f" title="gim_hash_table::gim_hash_table" alt="" coords="313,157,524,184">
<area shape="rect" href="$classgim__hash__table.html#93e5bf5c573a39e21e9bd0a4aec38e1a" title="Finds an avaliable hash table cell, and resizes the table if there isn&#39;t space..." alt="" coords="603,81,864,108">
<area shape="rect" href="$classgim__hash__table.html#ba33eeb9b5aa00b0d8a002c549b71ed3" title="If the container reaches the." alt="" coords="575,132,892,159">
<area shape="rect" href="$classgim__hash__table.html#4339a279d721d1e687b8d8063332bac8" title="insert an element in hash table" alt="" coords="967,31,1196,57">
<area shape="rect" href="$classgim__hash__table.html#6ebfb7415bd946855ec5730651f7c191" title="insert an element in hash table." alt="" coords="943,81,1220,108">
<area shape="rect" href="$classgim__hash__table.html#ff0e9bdb5bd6aacf9272db6789c514f7" title="Insert an element into the hash." alt="" coords="1528,56,1680,83">
<area shape="rect" href="$classgim__hash__table.html#be9a629ec7dfe612065ed9d161adc7e8" title="Insert an element into the hash,But if this container is a sorted array, this inserts..." alt="" coords="1271,31,1479,57">
<area shape="rect" href="$classgim__hash__table.html#83987136757654921c71b183de8ec55e" title="Insert an element into the hash, and could overrite an existing object with the same..." alt="" coords="1273,81,1476,108">
<area shape="rect" href="$classgim__hash__table.html#3eacaf88e1b18815c0b89d368d77a93a" title="Insert in position ordered." alt="" coords="980,132,1183,159">
<area shape="rect" href="$classgim__hash__table.html#66d18cb60b0628a9aa759304395f4825" title="Insert an element in an ordered array." alt="" coords="1273,132,1476,159">
