<area shape="rect" href="$classgim__hash__table.html#ba33eeb9b5aa00b0d8a002c549b71ed3" title="If the container reaches the." alt="" coords="260,56,577,83">
<area shape="rect" href="$classgim__hash__table.html#51905040dee4c41954f5de1634c090dd" title="Resize hash table indices." alt="" coords="627,56,824,83">
<area shape="rect" href="$classgim__hash__table.html#06933fdb198971dcd753564d1d6e9424" title="Clear all memory for the hash table." alt="" coords="880,5,1123,32">
<area shape="rect" href="$classgim__hash__table.html#a33115e75d8cc5c489fa6ce8b1a23654" title="Invalidates the keys (Assigning GIM_INVALID_HASH to all) Reorders the hash keys." alt="" coords="919,56,1084,83">
<area shape="rect" href="$classgim__hash__table.html#4d9347e131c0e17ac2d4966c092817f8" title="reserves the memory for the hash table." alt="" coords="873,107,1129,133">
<area shape="rect" href="$classgim__hash__table.html#cc2d3d29a0190232386fb155ec9e5d8f" title="Find the avaliable cell for the hashkey, and return an existing cell if it has the..." alt="" coords="1180,56,1409,83">
