<area shape="rect" href="$classbt_g_impact_compound_shape_1_1_compound_primitive_manager.html" title="compound primitive manager" alt="" coords="1517,33,1867,60">
<area shape="rect" href="$classbt_g_impact_shape_interface.html" title="Base class for gimpact shapes." alt="" coords="787,43,955,69">
<area shape="rect" href="$classbt_g_impact_quantized_bvh.html" title="Structure for containing Boxes." alt="" coords="399,43,559,69">
<area shape="rect" href="$classbt_primitive_manager_base.html" title="Prototype Base class for primitive classification." alt="" coords="7,8,167,35">
<area shape="rect" href="$classbt_quantized_bvh_tree.html" title="Basic Box tree structure." alt="" coords="19,75,155,101">
<area shape="rect" href="$classbt_aligned_object_array.html" title="btAlignedObjectArray\&lt; btTransform \&gt;" alt="" coords="753,93,988,120">
<area shape="rect" href="$classbt_aligned_allocator.html" title="btAlignedAllocator\&lt; btTransform, 16 \&gt;" alt="" coords="359,93,599,120">
<area shape="rect" href="$classbt_aligned_object_array.html" title="btAlignedObjectArray\&lt; btCollisionShape * \&gt;" alt="" coords="733,144,1008,171">
<area shape="rect" href="$classbt_aligned_allocator.html" title="btAlignedAllocator\&lt; btCollisionShape *, 16 \&gt;" alt="" coords="340,144,617,171">
