<area shape="rect" href="$types_8h.html" title="C:/Users/New/Documents/Games_Technology/Year4_Semester1/ICT397/~My Work/Assignment2/ICT397Carre/CarreGameEngine/Dependencies/assimp&#45;4.1.0/include/assimp/types.h" alt="" coords="6833,229,7908,256">
<area shape="rect" href="$vector3_8h.html" title="3D vector structure, including operators when compiling in C++" alt="" coords="6272,80,7355,107">
<area shape="rect" href="$matrix4x4_8h.html" title="4x4 matrix structure, including operators when compiling in C++" alt="" coords="6264,155,7363,181">
<area shape="rect" href="$vector2_8h.html" title="2D vector structure, including operators when compiling in C++" alt="" coords="7387,155,8469,181">
<area shape="rect" href="$color4_8h.html" title="RGBA color structure, including operators when compiling in C++." alt="" coords="8493,155,9571,181">
<area shape="rect" href="$matrix3x3_8h.html" title="Definition of a 3x3 matrix, including operators when compiling in C++." alt="" coords="7895,80,8993,107">
<area shape="rect" href="$version_8h.html" title="Functions to query the version of the Assimp runtime, check compile flags, ..." alt="" coords="9017,80,10100,107">
<area shape="rect" href="$anim_8h.html" title="Defines the data structures in which the imported animations are returned." alt="" coords="5972,304,7044,331">
<area shape="rect" href="$scene_8h.html" title="Defines the data structures in which the imported scene is returned." alt="" coords="7123,379,8200,405">
<area shape="rect" href="$_dependencies_2assimp-4_81_80_2include_2assimp_2_camera_8h-source.html" title="C:/Users/New/Documents/Games_Technology/Year4_Semester1/ICT397/~My Work/Assignment2/ICT397Carre/CarreGameEngine/Dependencies/assimp&#45;4.1.0/include/assimp/camera.h" alt="" coords="7119,304,8204,331">
<area shape="rect" href="$cexport_8h.html" title="Defines the C&#45;API for the Assimp export interface." alt="" coords="175,304,1260,331">
<area shape="rect" href="$cfileio_8h.html" title="Defines generic C routines to access memory&#45;mapped files." alt="" coords="2665,304,3740,331">
<area shape="rect" href="$cimport_8h.html" title="Defines the C&#45;API to the Open Asset Import Library." alt="" coords="3764,304,4849,331">
<area shape="rect" href="$_logger_8hpp.html" title="Abstract base class &#39;Logger&#39;, base of the logging system." alt="" coords="1444,304,2540,331">
<area shape="rect" href="$_log_stream_8hpp.html" title="Abstract base class &#39;LogStream&#39;, representing an output log stream." alt="" coords="2328,379,3448,405">
<area shape="rect" href="$_importer_8hpp.html" title="Defines the C++&#45;API to the Open Asset Import Library." alt="" coords="4733,379,5837,405">
<area shape="rect" href="$_i_o_stream_8hpp.html" title="File I/O wrappers for C++." alt="" coords="11537,304,12649,331">
<area shape="rect" href="$_i_o_system_8hpp.html" title="File system wrapper for C++. Inherit this class to supply custom file handling logic..." alt="" coords="12673,304,13788,331">
<area shape="rect" href="$light_8h.html" title="Defines the aiLight data structure." alt="" coords="9335,304,10401,331">
<area shape="rect" href="$material_8h.html" title="Defines the material system of the library." alt="" coords="10425,304,11513,331">
<area shape="rect" href="$_dependencies_2assimp-4_81_80_2include_2assimp_2_mesh_8h-source.html" title="C:/Users/New/Documents/Games_Technology/Year4_Semester1/ICT397/~My Work/Assignment2/ICT397Carre/CarreGameEngine/Dependencies/assimp&#45;4.1.0/include/assimp/mesh.h" alt="" coords="4873,304,5948,331">
<area shape="rect" href="$postprocess_8h.html" title="Definitions for import post processing steps." alt="" coords="14148,379,15263,405">
<area shape="rect" href="$_progress_handler_8hpp.html" title="Abstract base class &#39;ProgressHandler&#39;." alt="" coords="13812,304,14964,331">
<area shape="rect" href="$texture_8h.html" title="Defines texture helper structures for the library." alt="" coords="8228,304,9311,331">
<area shape="rect" href="$_scene_combiner_8h-source.html" title="C:/Users/New/Documents/Games_Technology/Year4_Semester1/ICT397/~My Work/Assignment2/ICT397Carre/CarreGameEngine/Dependencies/assimp&#45;4.1.0/include/assimp/SceneCombiner.h" alt="" coords="15039,304,16175,331">
<area shape="rect" href="$_model_8h-source.html" title="C:/Users/New/Documents/Games_Technology/Year4_Semester1/ICT397/~My Work/Assignment2/ICT397Carre/CarreGameEngine/CarreGameEngine/AssetFactory/Model.h" alt="" coords="7155,453,8168,480">
<area shape="rect" href="$_dynamic_object_8h-source.html" title="C:/Users/New/Documents/Games_Technology/Year4_Semester1/ICT397/~My Work/Assignment2/ICT397Carre/CarreGameEngine/CarreGameEngine/Animation/DynamicObject.h" alt="" coords="1841,603,2889,629">
<area shape="rect" href="$_open_gl_8h-source.html" title="C:/Users/New/Documents/Games_Technology/Year4_Semester1/ICT397/~My Work/Assignment2/ICT397Carre/CarreGameEngine/CarreGameEngine/Renderer/OpenGl.h" alt="" coords="2913,603,3911,629">
<area shape="rect" href="$_game_world_8h-source.html" title="C:/Users/New/Documents/Games_Technology/Year4_Semester1/ICT397/~My Work/Assignment2/ICT397Carre/CarreGameEngine/CarreGameEngine/headers/GameWorld.h" alt="" coords="6608,677,7624,704">
<area shape="rect" href="$_game_control_engine_8h-source.html" title="C:/Users/New/Documents/Games_Technology/Year4_Semester1/ICT397/~My Work/Assignment2/ICT397Carre/CarreGameEngine/CarreGameEngine/headers/GameControlEngine.h" alt="" coords="7129,752,8193,779">
<area shape="rect" href="$_terrain_8h-source.html" title="C:/Users/New/Documents/Games_Technology/Year4_Semester1/ICT397/~My Work/Assignment2/ICT397Carre/CarreGameEngine/CarreGameEngine/AssetFactory/Terrain.h" alt="" coords="5000,528,6019,555">
<area shape="rect" href="$_entity_8h-source.html" title="C:/Users/New/Documents/Games_Technology/Year4_Semester1/ICT397/~My Work/Assignment2/ICT397Carre/CarreGameEngine/CarreGameEngine/AssetFactory/Entity.h" alt="" coords="6063,528,7076,555">
<area shape="rect" href="$_i_game_asset_8h-source.html" title="C:/Users/New/Documents/Games_Technology/Year4_Semester1/ICT397/~My Work/Assignment2/ICT397Carre/CarreGameEngine/CarreGameEngine/AssetFactory/IGameAsset.h" alt="" coords="8181,528,9232,555">
<area shape="rect" href="$_object_8h-source.html" title="C:/Users/New/Documents/Games_Technology/Year4_Semester1/ICT397/~My Work/Assignment2/ICT397Carre/CarreGameEngine/CarreGameEngine/AssetFactory/Object.h" alt="" coords="8193,603,9209,629">
<area shape="rect" href="$_n_p_c_8h-source.html" title="C:/Users/New/Documents/Games_Technology/Year4_Semester1/ICT397/~My Work/Assignment2/ICT397Carre/CarreGameEngine/CarreGameEngine/AssetFactory/NPC.h" alt="" coords="9335,603,10340,629">
<area shape="rect" href="$_model_8cpp-source.html" title="C:/Users/New/Documents/Games_Technology/Year4_Semester1/ICT397/~My Work/Assignment2/ICT397Carre/CarreGameEngine/CarreGameEngine/AssetFactory/Model.cpp" alt="" coords="9307,528,10333,555">
<area shape="rect" href="$_player_8h-source.html" title="C:/Users/New/Documents/Games_Technology/Year4_Semester1/ICT397/~My Work/Assignment2/ICT397Carre/CarreGameEngine/CarreGameEngine/AssetFactory/Player.h" alt="" coords="7153,603,8169,629">
<area shape="rect" href="$_dynamic_object_8cpp-source.html" title="C:/Users/New/Documents/Games_Technology/Year4_Semester1/ICT397/~My Work/Assignment2/ICT397Carre/CarreGameEngine/CarreGameEngine/Animation/DynamicObject.cpp" alt="" coords="2403,677,3464,704">
<area shape="rect" href="$_game_world_8cpp-source.html" title="C:/Users/New/Documents/Games_Technology/Year4_Semester1/ICT397/~My Work/Assignment2/ICT397Carre/CarreGameEngine/CarreGameEngine/src/GameWorld.cpp" alt="" coords="3984,752,4987,779">
<area shape="rect" href="$_open_gl_8cpp-source.html" title="C:/Users/New/Documents/Games_Technology/Year4_Semester1/ICT397/~My Work/Assignment2/ICT397Carre/CarreGameEngine/CarreGameEngine/Renderer/OpenGl.cpp" alt="" coords="3488,677,4499,704">
<area shape="rect" href="$_bruteforce_8h-source.html" title="C:/Users/New/Documents/Games_Technology/Year4_Semester1/ICT397/~My Work/Assignment2/ICT397Carre/CarreGameEngine/CarreGameEngine/AssetFactory/Bruteforce.h" alt="" coords="4991,603,6028,629">
<area shape="rect" href="$_terrain_8cpp-source.html" title="C:/Users/New/Documents/Games_Technology/Year4_Semester1/ICT397/~My Work/Assignment2/ICT397Carre/CarreGameEngine/CarreGameEngine/AssetFactory/Terrain.cpp" alt="" coords="3935,603,4967,629">
<area shape="rect" href="$_entity_8cpp-source.html" title="C:/Users/New/Documents/Games_Technology/Year4_Semester1/ICT397/~My Work/Assignment2/ICT397Carre/CarreGameEngine/CarreGameEngine/AssetFactory/Entity.cpp" alt="" coords="6052,603,7079,629">
<area shape="rect" href="$_game_asset_factory_8h-source.html" title="C:/Users/New/Documents/Games_Technology/Year4_Semester1/ICT397/~My Work/Assignment2/ICT397Carre/CarreGameEngine/CarreGameEngine/AssetFactory/GameAssetFactory.h" alt="" coords="8225,677,9316,704">
<area shape="rect" href="$_exporter_8hpp.html" title="Defines the CPP&#45;API for the Assimp export interface." alt="" coords="5,379,1112,405">
<area shape="rect" href="$_default_logger_8hpp.html" title="C:/Users/New/Documents/Games_Technology/Year4_Semester1/ICT397/~My Work/Assignment2/ICT397Carre/CarreGameEngine/Dependencies/assimp&#45;4.1.0/include/assimp/DefaultLogger.hpp" alt="" coords="1723,453,2859,480">
<area shape="rect" href="$_null_logger_8hpp.html" title="Dummy logger." alt="" coords="1136,379,2253,405">
<area shape="rect" href="$_default_i_o_stream_8h-source.html" title="C:/Users/New/Documents/Games_Technology/Year4_Semester1/ICT397/~My Work/Assignment2/ICT397Carre/CarreGameEngine/Dependencies/assimp&#45;4.1.0/include/assimp/DefaultIOStream.h" alt="" coords="11511,379,12649,405">
<area shape="rect" href="$_default_i_o_system_8h-source.html" title="C:/Users/New/Documents/Games_Technology/Year4_Semester1/ICT397/~My Work/Assignment2/ICT397Carre/CarreGameEngine/Dependencies/assimp&#45;4.1.0/include/assimp/DefaultIOSystem.h" alt="" coords="12673,379,13815,405">
