<area shape="rect" href="$gim__box__collision_8h.html" title="gim_box_collision.h" alt="" coords="496,80,632,107">
<area shape="rect" href="$gim__clip__polygon_8h-source.html" title="gim_clip_polygon.h" alt="" coords="656,80,787,107">
<area shape="rect" href="$gim__basic__geometry__operations_8h.html" title="gim_basic_geometry_operations.h" alt="" coords="347,155,565,181">
<area shape="rect" href="$bt_transform_8h-source.html" title="LinearMath/btTransform.h" alt="" coords="589,155,757,181">
<area shape="rect" href="$gim__linear__math_8h.html" title="gim_linear_math.h" alt="" coords="392,229,520,256">
<area shape="rect" href="$gim__math_8h.html" title="gim_math.h" alt="" coords="375,379,463,405">
<area shape="rect" href="$gim__geom__types_8h.html" title="gim_geom_types.h" alt="" coords="403,304,533,331">
<area shape="rect" href="$bt_scalar_8h-source.html" title="LinearMath/btScalar.h" alt="" coords="501,528,648,555">
<area shape="rect" href="$bt_matrix3x3_8h-source.html" title="btMatrix3x3.h" alt="" coords="624,229,723,256">
<area shape="rect" href="$bt_vector3_8h-source.html" title="btVector3.h" alt="" coords="539,379,627,405">
<area shape="rect" href="$bt_quaternion_8h-source.html" title="btQuaternion.h" alt="" coords="620,304,727,331">
<area shape="rect" href="$bt_min_max_8h-source.html" title="btMinMax.h" alt="" coords="667,453,755,480">
<area shape="rect" href="$bt_aligned_allocator_8h-source.html" title="btAlignedAllocator.h" alt="" coords="507,453,643,480">
<area shape="rect" href="$bt_quad_word_8h-source.html" title="btQuadWord.h" alt="" coords="659,379,763,405">
