<area shape="rect" href="$gim__geometry_8h.html" title="gim_geometry.h" alt="" coords="437,80,552,107">
<area shape="rect" href="$gim__radixsort_8h.html" title="gim_radixsort.h" alt="" coords="576,80,685,107">
<area shape="rect" href="$gim__array_8h.html" title="gim_array.h" alt="" coords="709,80,797,107">
<area shape="rect" href="$gim__basic__geometry__operations_8h.html" title="gim_basic_geometry_operations.h" alt="" coords="417,304,636,331">
<area shape="rect" href="$gim__box__collision_8h.html" title="gim_box_collision.h" alt="" coords="481,229,617,256">
<area shape="rect" href="$gim__tri__collision_8h.html" title="gim_tri_collision.h" alt="" coords="532,155,657,181">
<area shape="rect" href="$gim__linear__math_8h.html" title="gim_linear_math.h" alt="" coords="463,379,591,405">
<area shape="rect" href="$gim__math_8h.html" title="gim_math.h" alt="" coords="563,528,651,555">
<area shape="rect" href="$gim__geom__types_8h.html" title="gim_geom_types.h" alt="" coords="541,453,672,480">
<area shape="rect" href="$gim__memory_8h.html" title="gim_memory.h" alt="" coords="691,155,797,181">
