<area shape="rect" href="$gim__bitset_8h.html" title="C:/Users/New/Documents/Games_Technology/Year4_Semester1/ICT397/~My Work/Assignment2/ICT397Carre/CarreGameEngine/Dependencies/BulletPhysicsEngine/include/BulletCollision/Gimpact/gim_bitset.h" alt="" coords="5,80,1245,107">
<area shape="rect" href="$gim__box__set_8h.html" title="C:/Users/New/Documents/Games_Technology/Year4_Semester1/ICT397/~My Work/Assignment2/ICT397Carre/CarreGameEngine/Dependencies/BulletPhysicsEngine/include/BulletCollision/Gimpact/gim_box_set.h" alt="" coords="1269,80,2525,107">
<area shape="rect" href="$gim__contact_8h.html" title="C:/Users/New/Documents/Games_Technology/Year4_Semester1/ICT397/~My Work/Assignment2/ICT397Carre/CarreGameEngine/Dependencies/BulletPhysicsEngine/include/BulletCollision/Gimpact/gim_contact.h" alt="" coords="2556,80,3807,107">
<area shape="rect" href="$gim__box__set_8cpp-source.html" title="C:/Users/New/Documents/Games_Technology/Year4_Semester1/ICT397/~My Work/Assignment2/ICT397Carre/CarreGameEngine/Dependencies/BulletPhysicsEngine/include/BulletCollision/Gimpact/gim_box_set.cpp" alt="" coords="1259,155,2528,181">
<area shape="rect" href="$gim__contact_8cpp-source.html" title="C:/Users/New/Documents/Games_Technology/Year4_Semester1/ICT397/~My Work/Assignment2/ICT397Carre/CarreGameEngine/Dependencies/BulletPhysicsEngine/include/BulletCollision/Gimpact/gim_contact.cpp" alt="" coords="2552,155,3819,181">
