<area shape="rect" href="$gim__geometry_8h.html" title="gim_geometry.h" alt="" coords="437,80,552,107">
<area shape="rect" href="$gim__radixsort_8h.html" title="gim_radixsort.h" alt="" coords="576,80,685,107">
<area shape="rect" href="$gim__array_8h.html" title="gim_array.h" alt="" coords="709,80,797,107">
<area shape="rect" href="$gim__basic__geometry__operations_8h.html" title="gim_basic_geometry_operations.h" alt="" coords="499,304,717,331">
<area shape="rect" href="$gim__clip__polygon_8h-source.html" title="gim_clip_polygon.h" alt="" coords="280,229,411,256">
<area shape="rect" href="$gim__box__collision_8h.html" title="gim_box_collision.h" alt="" coords="435,229,571,256">
<area shape="rect" href="$gim__tri__collision_8h.html" title="gim_tri_collision.h" alt="" coords="383,155,508,181">
<area shape="rect" href="$gim__linear__math_8h.html" title="gim_linear_math.h" alt="" coords="544,379,672,405">
<area shape="rect" href="$gim__math_8h.html" title="gim_math.h" alt="" coords="611,528,699,555">
<area shape="rect" href="$gim__geom__types_8h.html" title="gim_geom_types.h" alt="" coords="589,453,720,480">
<area shape="rect" href="$bt_scalar_8h-source.html" title="LinearMath/btScalar.h" alt="" coords="371,677,517,704">
<area shape="rect" href="$bt_transform_8h-source.html" title="LinearMath/btTransform.h" alt="" coords="307,304,475,331">
<area shape="rect" href="$bt_matrix3x3_8h-source.html" title="btMatrix3x3.h" alt="" coords="341,379,440,405">
<area shape="rect" href="$bt_vector3_8h-source.html" title="btVector3.h" alt="" coords="400,528,488,555">
<area shape="rect" href="$bt_quaternion_8h-source.html" title="btQuaternion.h" alt="" coords="231,453,337,480">
<area shape="rect" href="$bt_min_max_8h-source.html" title="btMinMax.h" alt="" coords="319,603,407,629">
<area shape="rect" href="$bt_aligned_allocator_8h-source.html" title="btAlignedAllocator.h" alt="" coords="481,603,617,629">
<area shape="rect" href="$bt_quad_word_8h-source.html" title="btQuadWord.h" alt="" coords="232,528,336,555">
<area shape="rect" href="$gim__memory_8h.html" title="gim_memory.h" alt="" coords="648,155,755,181">
