<area shape="rect" href="$gim__box__set_8h.html" title="C:/Users/New/Documents/Games_Technology/Year4_Semester1/ICT397/~My Work/Assignment1/ICT397Carre/CarreGameEngine/Dependencies/BulletPhysicsEngine/include/BulletCollision/Gimpact/gim_box_set.h" alt="" coords="5,155,1261,181">
<area shape="rect" href="$gim__tri__collision_8h.html" title="C:/Users/New/Documents/Games_Technology/Year4_Semester1/ICT397/~My Work/Assignment1/ICT397Carre/CarreGameEngine/Dependencies/BulletPhysicsEngine/include/BulletCollision/Gimpact/gim_tri_collision.h" alt="" coords="655,80,1929,107">
<area shape="rect" href="$gim__geometry_8h.html" title="C:/Users/New/Documents/Games_Technology/Year4_Semester1/ICT397/~My Work/Assignment1/ICT397Carre/CarreGameEngine/Dependencies/BulletPhysicsEngine/include/BulletCollision/Gimpact/gim_geometry.h" alt="" coords="1317,155,2581,181">
<area shape="rect" href="$gim__contact_8h.html" title="C:/Users/New/Documents/Games_Technology/Year4_Semester1/ICT397/~My Work/Assignment1/ICT397Carre/CarreGameEngine/Dependencies/BulletPhysicsEngine/include/BulletCollision/Gimpact/gim_contact.h" alt="" coords="1324,229,2575,256">
