<area shape="rect" href="$gim__memory_8h.html" title="C:/Users/New/Documents/Games_Technology/Year4_Semester1/ICT397/~My Work/Assignment1/ICT397Carre/CarreGameEngine/Dependencies/BulletPhysicsEngine/include/BulletCollision/Gimpact/gim_memory.h" alt="" coords="1992,304,3248,331">
<area shape="rect" href="$gim__linear__math_8h.html" title="C:/Users/New/Documents/Games_Technology/Year4_Semester1/ICT397/~My Work/Assignment1/ICT397Carre/CarreGameEngine/Dependencies/BulletPhysicsEngine/include/BulletCollision/Gimpact/gim_linear_math.h" alt="" coords="795,155,2069,181">
<area shape="rect" href="$gim__geom__types_8h.html" title="C:/Users/New/Documents/Games_Technology/Year4_Semester1/ICT397/~My Work/Assignment1/ICT397Carre/CarreGameEngine/Dependencies/BulletPhysicsEngine/include/BulletCollision/Gimpact/gim_geom_types.h" alt="" coords="792,80,2072,107">
<area shape="rect" href="$gim__array_8h.html" title="C:/Users/New/Documents/Games_Technology/Year4_Semester1/ICT397/~My Work/Assignment1/ICT397Carre/CarreGameEngine/Dependencies/BulletPhysicsEngine/include/BulletCollision/Gimpact/gim_array.h" alt="" coords="3273,379,4511,405">
<area shape="rect" href="$gim__radixsort_8h.html" title="C:/Users/New/Documents/Games_Technology/Year4_Semester1/ICT397/~My Work/Assignment1/ICT397Carre/CarreGameEngine/Dependencies/BulletPhysicsEngine/include/BulletCollision/Gimpact/gim_radixsort.h" alt="" coords="1991,379,3249,405">
<area shape="rect" href="$gim__bitset_8h.html" title="C:/Users/New/Documents/Games_Technology/Year4_Semester1/ICT397/~My Work/Assignment1/ICT397Carre/CarreGameEngine/Dependencies/BulletPhysicsEngine/include/BulletCollision/Gimpact/gim_bitset.h" alt="" coords="2656,453,3896,480">
<area shape="rect" href="$gim__box__set_8h.html" title="C:/Users/New/Documents/Games_Technology/Year4_Semester1/ICT397/~My Work/Assignment1/ICT397Carre/CarreGameEngine/Dependencies/BulletPhysicsEngine/include/BulletCollision/Gimpact/gim_box_set.h" alt="" coords="1325,453,2581,480">
<area shape="rect" href="$gim__contact_8h.html" title="C:/Users/New/Documents/Games_Technology/Year4_Semester1/ICT397/~My Work/Assignment1/ICT397Carre/CarreGameEngine/Dependencies/BulletPhysicsEngine/include/BulletCollision/Gimpact/gim_contact.h" alt="" coords="1993,528,3244,555">
<area shape="rect" href="$gim__basic__geometry__operations_8h.html" title="C:/Users/New/Documents/Games_Technology/Year4_Semester1/ICT397/~My Work/Assignment1/ICT397Carre/CarreGameEngine/Dependencies/BulletPhysicsEngine/include/BulletCollision/Gimpact/gim_basic_geometry_operations.h" alt="" coords="595,229,1963,256">
<area shape="rect" href="$gim__box__collision_8h.html" title="C:/Users/New/Documents/Games_Technology/Year4_Semester1/ICT397/~My Work/Assignment1/ICT397Carre/CarreGameEngine/Dependencies/BulletPhysicsEngine/include/BulletCollision/Gimpact/gim_box_collision.h" alt="" coords="637,304,1920,331">
<area shape="rect" href="$gim__geometry_8h.html" title="C:/Users/New/Documents/Games_Technology/Year4_Semester1/ICT397/~My Work/Assignment1/ICT397Carre/CarreGameEngine/Dependencies/BulletPhysicsEngine/include/BulletCollision/Gimpact/gim_geometry.h" alt="" coords="5,453,1269,480">
<area shape="rect" href="$gim__tri__collision_8h.html" title="C:/Users/New/Documents/Games_Technology/Year4_Semester1/ICT397/~My Work/Assignment1/ICT397Carre/CarreGameEngine/Dependencies/BulletPhysicsEngine/include/BulletCollision/Gimpact/gim_tri_collision.h" alt="" coords="641,379,1916,405">
