<area shape="rect" href="$gim__linear__math_8h.html" title="C:/Users/New/Documents/Games_Technology/Year4_Semester1/ICT397/~My Work/Assignment1/ICT397Carre/CarreGameEngine/Dependencies/BulletPhysicsEngine/include/BulletCollision/Gimpact/gim_linear_math.h" alt="" coords="1024,80,2299,107">
<area shape="rect" href="$gim__basic__geometry__operations_8h.html" title="C:/Users/New/Documents/Games_Technology/Year4_Semester1/ICT397/~My Work/Assignment1/ICT397Carre/CarreGameEngine/Dependencies/BulletPhysicsEngine/include/BulletCollision/Gimpact/gim_basic_geometry_operations.h" alt="" coords="977,155,2345,181">
<area shape="rect" href="$gim__box__collision_8h.html" title="C:/Users/New/Documents/Games_Technology/Year4_Semester1/ICT397/~My Work/Assignment1/ICT397Carre/CarreGameEngine/Dependencies/BulletPhysicsEngine/include/BulletCollision/Gimpact/gim_box_collision.h" alt="" coords="657,229,1940,256">
<area shape="rect" href="$gim__geometry_8h.html" title="C:/Users/New/Documents/Games_Technology/Year4_Semester1/ICT397/~My Work/Assignment1/ICT397Carre/CarreGameEngine/Dependencies/BulletPhysicsEngine/include/BulletCollision/Gimpact/gim_geometry.h" alt="" coords="1319,379,2583,405">
<area shape="rect" href="$gim__box__set_8h.html" title="C:/Users/New/Documents/Games_Technology/Year4_Semester1/ICT397/~My Work/Assignment1/ICT397Carre/CarreGameEngine/Dependencies/BulletPhysicsEngine/include/BulletCollision/Gimpact/gim_box_set.h" alt="" coords="5,379,1261,405">
<area shape="rect" href="$gim__tri__collision_8h.html" title="C:/Users/New/Documents/Games_Technology/Year4_Semester1/ICT397/~My Work/Assignment1/ICT397Carre/CarreGameEngine/Dependencies/BulletPhysicsEngine/include/BulletCollision/Gimpact/gim_tri_collision.h" alt="" coords="639,304,1913,331">
<area shape="rect" href="$gim__contact_8h.html" title="C:/Users/New/Documents/Games_Technology/Year4_Semester1/ICT397/~My Work/Assignment1/ICT397Carre/CarreGameEngine/Dependencies/BulletPhysicsEngine/include/BulletCollision/Gimpact/gim_contact.h" alt="" coords="1325,453,2576,480">
