<area shape="rect" href="$gim__basic__geometry__operations_8h.html" title="gim_basic_geometry_operations.h" alt="" coords="429,80,648,107">
<area shape="rect" href="$bt_transform_8h-source.html" title="LinearMath/btTransform.h" alt="" coords="672,80,840,107">
<area shape="rect" href="$gim__linear__math_8h.html" title="gim_linear_math.h" alt="" coords="475,155,603,181">
<area shape="rect" href="$gim__math_8h.html" title="gim_math.h" alt="" coords="457,304,545,331">
<area shape="rect" href="$gim__geom__types_8h.html" title="gim_geom_types.h" alt="" coords="485,229,616,256">
<area shape="rect" href="$bt_scalar_8h-source.html" title="LinearMath/btScalar.h" alt="" coords="584,453,731,480">
<area shape="rect" href="$bt_matrix3x3_8h-source.html" title="btMatrix3x3.h" alt="" coords="707,155,805,181">
<area shape="rect" href="$bt_vector3_8h-source.html" title="btVector3.h" alt="" coords="621,304,709,331">
<area shape="rect" href="$bt_quaternion_8h-source.html" title="btQuaternion.h" alt="" coords="703,229,809,256">
<area shape="rect" href="$bt_min_max_8h-source.html" title="btMinMax.h" alt="" coords="749,379,837,405">
<area shape="rect" href="$bt_aligned_allocator_8h-source.html" title="btAlignedAllocator.h" alt="" coords="589,379,725,405">
<area shape="rect" href="$bt_quad_word_8h-source.html" title="btQuadWord.h" alt="" coords="741,304,845,331">
