<area shape="rect" href="$gim__box__collision_8h.html" title="C:/Users/New/Documents/Games_Technology/Year4_Semester1/ICT397/~My Work/Assignment1/ICT397Carre/CarreGameEngine/Dependencies/BulletPhysicsEngine/include/BulletCollision/Gimpact/gim_box_collision.h" alt="" coords="657,80,1940,107">
<area shape="rect" href="$gim__geometry_8h.html" title="C:/Users/New/Documents/Games_Technology/Year4_Semester1/ICT397/~My Work/Assignment1/ICT397Carre/CarreGameEngine/Dependencies/BulletPhysicsEngine/include/BulletCollision/Gimpact/gim_geometry.h" alt="" coords="1319,229,2583,256">
<area shape="rect" href="$gim__box__set_8h.html" title="C:/Users/New/Documents/Games_Technology/Year4_Semester1/ICT397/~My Work/Assignment1/ICT397Carre/CarreGameEngine/Dependencies/BulletPhysicsEngine/include/BulletCollision/Gimpact/gim_box_set.h" alt="" coords="5,229,1261,256">
<area shape="rect" href="$gim__tri__collision_8h.html" title="C:/Users/New/Documents/Games_Technology/Year4_Semester1/ICT397/~My Work/Assignment1/ICT397Carre/CarreGameEngine/Dependencies/BulletPhysicsEngine/include/BulletCollision/Gimpact/gim_tri_collision.h" alt="" coords="639,155,1913,181">
<area shape="rect" href="$gim__contact_8h.html" title="C:/Users/New/Documents/Games_Technology/Year4_Semester1/ICT397/~My Work/Assignment1/ICT397Carre/CarreGameEngine/Dependencies/BulletPhysicsEngine/include/BulletCollision/Gimpact/gim_contact.h" alt="" coords="1325,304,2576,331">
