<area shape="rect" href="$gim__array_8h.html" title="gim_array.h" alt="" coords="421,80,509,107">
<area shape="rect" href="$gim__radixsort_8h.html" title="gim_radixsort.h" alt="" coords="533,80,643,107">
<area shape="rect" href="$gim__box__collision_8h.html" title="gim_box_collision.h" alt="" coords="612,155,748,181">
<area shape="rect" href="$gim__tri__collision_8h.html" title="gim_tri_collision.h" alt="" coords="717,80,843,107">
<area shape="rect" href="$gim__memory_8h.html" title="gim_memory.h" alt="" coords="424,155,531,181">
<area shape="rect" href="$gim__math_8h.html" title="gim_math.h" alt="" coords="524,453,612,480">
<area shape="rect" href="$bt_scalar_8h-source.html" title="LinearMath/btScalar.h" alt="" coords="667,603,813,629">
<area shape="rect" href="$gim__basic__geometry__operations_8h.html" title="gim_basic_geometry_operations.h" alt="" coords="547,229,765,256">
<area shape="rect" href="$bt_transform_8h-source.html" title="LinearMath/btTransform.h" alt="" coords="789,229,957,256">
<area shape="rect" href="$gim__linear__math_8h.html" title="gim_linear_math.h" alt="" coords="592,304,720,331">
<area shape="rect" href="$gim__geom__types_8h.html" title="gim_geom_types.h" alt="" coords="603,379,733,405">
<area shape="rect" href="$bt_matrix3x3_8h-source.html" title="btMatrix3x3.h" alt="" coords="821,304,920,331">
<area shape="rect" href="$bt_vector3_8h-source.html" title="btVector3.h" alt="" coords="715,453,803,480">
<area shape="rect" href="$bt_quaternion_8h-source.html" title="btQuaternion.h" alt="" coords="812,379,919,405">
<area shape="rect" href="$bt_min_max_8h-source.html" title="btMinMax.h" alt="" coords="832,528,920,555">
<area shape="rect" href="$bt_aligned_allocator_8h-source.html" title="btAlignedAllocator.h" alt="" coords="672,528,808,555">
<area shape="rect" href="$bt_quad_word_8h-source.html" title="btQuadWord.h" alt="" coords="827,453,931,480">
<area shape="rect" href="$gim__clip__polygon_8h-source.html" title="gim_clip_polygon.h" alt="" coords="772,155,903,181">
