<area shape="rect" href="$_definitions_8h-source.html" title="C:/Users/New/Documents/Games_Technology/Year4_Semester1/ICT397/~My Work/Assignment2/ICT397Carre/CarreGameEngine/CarreGameEngine/Animation/Definitions.h" alt="" coords="2143,80,3161,107">
<area shape="rect" href="$_g_l_f_w_manager_8h-source.html" title="C:/Users/New/Documents/Games_Technology/Year4_Semester1/ICT397/~My Work/Assignment2/ICT397Carre/CarreGameEngine/CarreGameEngine/headers/GLFWManager.h" alt="" coords="3187,80,4221,107">
<area shape="rect" href="$_dynamic_object_8h-source.html" title="C:/Users/New/Documents/Games_Technology/Year4_Semester1/ICT397/~My Work/Assignment2/ICT397Carre/CarreGameEngine/CarreGameEngine/Animation/DynamicObject.h" alt="" coords="1060,155,2108,181">
<area shape="rect" href="$_g_l_s_l_program_8h-source.html" title="C:/Users/New/Documents/Games_Technology/Year4_Semester1/ICT397/~My Work/Assignment2/ICT397Carre/CarreGameEngine/CarreGameEngine/Animation/GLSLProgram.h" alt="" coords="2132,155,3172,181">
<area shape="rect" href="$_dynamic_object_8cpp-source.html" title="C:/Users/New/Documents/Games_Technology/Year4_Semester1/ICT397/~My Work/Assignment2/ICT397Carre/CarreGameEngine/CarreGameEngine/Animation/DynamicObject.cpp" alt="" coords="5,229,1067,256">
<area shape="rect" href="$_game_world_8cpp-source.html" title="C:/Users/New/Documents/Games_Technology/Year4_Semester1/ICT397/~My Work/Assignment2/ICT397Carre/CarreGameEngine/CarreGameEngine/src/GameWorld.cpp" alt="" coords="1091,229,2093,256">
<area shape="rect" href="$_g_l_s_l_program_8cpp-source.html" title="C:/Users/New/Documents/Games_Technology/Year4_Semester1/ICT397/~My Work/Assignment2/ICT397Carre/CarreGameEngine/CarreGameEngine/Animation/GLSLProgram.cpp" alt="" coords="2124,229,3180,256">
<area shape="rect" href="$_g_l_f_w_manager_8cpp-source.html" title="C:/Users/New/Documents/Games_Technology/Year4_Semester1/ICT397/~My Work/Assignment2/ICT397Carre/CarreGameEngine/CarreGameEngine/src/GLFWManager.cpp" alt="" coords="3196,155,4217,181">
