<area shape="rect" href="$classbt_gjk_pair_detector.html#bc29953dd7aee59e9ca887963c26c8c2" title="btGjkPairDetector::getClosestPointsNonVirtual" alt="" coords="267,5,557,32">
<area shape="rect" href="$group__gtc__quaternion.html#g105dc7d1f84cc6cf4ba6e3634c671688" title="glm::inverse" alt="" coords="123,132,213,159">
<area shape="rect" href="$group__gtc__quaternion.html#g286560b01bedb4e046ffb71de22464f4" title="glm::length" alt="" coords="125,183,211,209">
<area shape="rect" href="$group__gtc__quaternion.html#gd53916e67eedc8bb259548504b713350" title="glm::mix" alt="" coords="132,245,204,272">
<area shape="rect" href="$group__gtc__quaternion.html#ga75cee4315cd8e7f15eaac3ea944106a" title="Returns the slurp interpolation between two quaternions." alt="" coords="373,360,451,387">
<area shape="rect" href="$classbt_inverse_dynamics_1_1_multi_body_tree.html#d1f6d18e60ec7be3ec03b5aa9b8875b6" title="btInverseDynamics::MultiBodyTree::addBody" alt="" coords="272,56,552,83">
<area shape="rect" href="$classbt_continuous_convex_collision.html#fc75a57bddfeded52781bbd65ee16f37" title="cast a convex against another convex object" alt="" coords="263,107,561,133">
<area shape="rect" href="$class_physics_engine.html#f951fe2e462f4b487b653199298a1bb3" title="Create a heightfield terrain shape." alt="" coords="267,157,557,184">
<area shape="rect" href="$class_bruteforce.html#adf9803b858d6d43bc887d7a3506fb2a" title="Loads the heightfield data." alt="" coords="324,208,500,235">
<area shape="rect" href="$group__gtc__quaternion.html#g396b587a47d7e611895b2c95892a2e17" title="glm::normalize" alt="" coords="359,259,465,285">
<area shape="rect" href="$struct_vector2.html#34d1ee65e90865a7078dbc7e80e3c7e8" title="Calculates a normalized version of the vector." alt="" coords="343,309,481,336">
