<area shape="rect" href="$group__gtc__packing.html#gc29411d6c0f6ed0fe9f0396dfe92e0e8" title="glm::packSnorm1x16" alt="" coords="151,5,295,32">
<area shape="rect" href="$group__gtc__packing.html#g26b6cd7a35c46c4b6a342f3b97b47423" title="glm::packSnorm1x8" alt="" coords="155,56,291,83">
<area shape="rect" href="$group__core__func__packing.html#g0c8005de240d6c4ca3d16c7bee25c622" title="glm::packSnorm2x16" alt="" coords="151,107,295,133">
<area shape="rect" href="$group__gtc__packing.html#g05d08a82923166ec7cd5d0e6154c9953" title="glm::packSnorm2x8" alt="" coords="155,157,291,184">
<area shape="rect" href="$group__gtc__packing.html#g0d4157cec37c0312216a7be1cc92df54" title="glm::packSnorm3x10_1x2" alt="" coords="137,208,308,235">
<area shape="rect" href="$group__gtc__packing.html#g9b237d7c66b7a71964e6d1f4dc06539f" title="glm::packSnorm4x16" alt="" coords="151,259,295,285">
<area shape="rect" href="$group__core__func__packing.html#gfcf25acc0d361c6c696a433aa5dfd16b" title="glm::packSnorm4x8" alt="" coords="155,309,291,336">
<area shape="rect" href="$group__gtc__packing.html#g60c7d915f5653559ae02c2f79a8c5c1d" title="glm::packUnorm1x16" alt="" coords="151,360,295,387">
<area shape="rect" href="$group__gtc__packing.html#g2f9963e5d762b10085b280d3662017ba" title="glm::packUnorm1x8" alt="" coords="155,411,291,437">
<area shape="rect" href="$group__core__func__packing.html#g0659ddaf09727551c7bf51655d2a65cf" title="glm::packUnorm2x16" alt="" coords="151,461,295,488">
<area shape="rect" href="$group__gtc__packing.html#g833288fc0d4a79f19d0db75a6843bfe6" title="glm::packUnorm2x8" alt="" coords="155,512,291,539">
<area shape="rect" href="$group__gtc__packing.html#g2cf2d11b40bd48639110456fd74c2e33" title="glm::packUnorm3x10_1x2" alt="" coords="137,563,308,589">
<area shape="rect" href="$group__gtc__packing.html#gc561f06c908b7302537a8ef29fcb409e" title="glm::packUnorm4x16" alt="" coords="151,613,295,640">
<area shape="rect" href="$group__core__func__packing.html#g834ee9a9e73dcb0a7c1fc88143f3edb8" title="glm::packUnorm4x8" alt="" coords="155,664,291,691">
<area shape="rect" href="$group__core__func__common.html#ge07e5945cc0443ab91a28da0aa2ba864" title="glm::roundEven" alt="" coords="168,715,277,741">
