<area shape="rect" href="$group__gtx__intersect.html#g1aa5d241478d1493ff4d8c22b8d9e293" title="glm::intersectLineTriangle" alt="" coords="137,5,305,32">
<area shape="rect" href="$group__gtx__intersect.html#gbf48f0fca6a10a8edb001b3d546de5fe" title="glm::intersectRayTriangle" alt="" coords="137,56,305,83">
<area shape="rect" href="$group__gtx__handed__coordinate__space.html#g5613515e0fdb693d30e9e8db0aa17176" title="glm::leftHanded" alt="" coords="165,107,277,133">
<area shape="rect" href="$group__gtc__matrix__transform.html#g7f4f81d4b0d7b492112eb4d5b184d9be" title="glm::lookAt" alt="" coords="177,157,265,184">
<area shape="rect" href="$group__gtx__mixed__product.html#g996c1d98418ba8e1208e273404158883" title="Mixed product of 3 vectors (from GLM_GTX_mixed_product extension)." alt="" coords="156,208,287,235">
<area shape="rect" href="$group__gtx__rotate__vector.html#g6388a91274507ab81224d8f5d434875e" title="glm::orientation" alt="" coords="167,259,276,285">
<area shape="rect" href="$group__gtx__vector__angle.html#gc56a6bdc5d430b476514d64cb185b772" title="glm::orientedAngle" alt="" coords="157,309,285,336">
<area shape="rect" href="$group__gtx__handed__coordinate__space.html#g65f766ab3c8924b90eabc0e1ecf014d1" title="glm::rightHanded" alt="" coords="161,360,281,387">
<area shape="rect" href="$group__gtx__quaternion.html#gf7a15242ef69e5c997df231b28b92cef" title="glm::rotation" alt="" coords="175,411,268,437">
<area shape="rect" href="$group__gtx__normal.html#g008775be02f71e8673a58e34acbb9a69" title="glm::triangleNormal" alt="" coords="155,461,288,488">
