<area shape="rect" href="$group__gtx__matrix__interpolation.html#g16474d44af6a32a07c50df2409526d95" title="glm::axisAngle" alt="" coords="200,107,307,133">
<area shape="rect" href="$group__gtx__matrix__interpolation.html#gf7c0106d03d55a7b670a6261b107f22b" title="glm::axisAngleMatrix" alt="" coords="181,233,325,260">
<area shape="rect" href="$group__gtx__matrix__interpolation.html#gf559937fe5cea133f5e7f3c228255960" title="glm::extractMatrixRotation" alt="" coords="167,284,340,311">
<area shape="rect" href="$group__core__func__common.html#gab4b95b47f2918ce6e7ac279a0ba27c1" title="glm::abs" alt="" coords="407,5,479,32">
<area shape="rect" href="$group__core__func__trigonometric.html#gd945cb7263cb202d93ea76aa5d419078" title="glm::acos" alt="" coords="404,56,481,83">
<area shape="rect" href="$group__gtc__constants.html#g136c74927d8ab624f3c008bcd8c4445b" title="glm::epsilon" alt="" coords="397,107,488,133">
<area shape="rect" href="$group__core__func__exponential.html#gfe49b7b63045b6ab94bffbcd7e7a7bc8" title="glm::sqrt" alt="" coords="407,157,479,184">
<area shape="rect" href="$group__core__func__trigonometric.html#gfef15df90786cd24fe786cc0ff2cbc98" title="glm::cos" alt="" coords="407,208,479,235">
<area shape="rect" href="$group__core__func__geometric.html#g0feb2bb89ee2743677ad2cb84544bd83" title="glm::normalize" alt="" coords="389,259,496,285">
<area shape="rect" href="$group__core__func__trigonometric.html#gd4d4eda735d915be9af695fe2b4cded2" title="glm::sin" alt="" coords="409,309,476,336">
