<area shape="rect" href="$group__core__func__trigonometric.html#gd945cb7263cb202d93ea76aa5d419078" title="glm::acos" alt="" coords="208,5,285,32">
<area shape="rect" href="$group__core__func__vector__relational.html#gabd60ec747e12c78e2d5c6e6c2ede230" title="glm::all" alt="" coords="215,56,279,83">
<area shape="rect" href="$group__core__func__common.html#g8b4808983e20c4c74b20e0a025787ab4" title="glm::clamp" alt="" coords="204,107,289,133">
<area shape="rect" href="$group__core__func__trigonometric.html#gcb63bdf23d5e084a5b6a2ed0ae395e64" title="glm::degrees" alt="" coords="199,157,295,184">
<area shape="rect" href="$group__core__func__geometric.html#gc64a3b29d01336161a668d328cac97eb" title="glm::dot" alt="" coords="213,208,280,235">
<area shape="rect" href="$group__gtc__epsilon.html#g7051ff93341ffb11d864e88d4bc0e3d8" title="glm::epsilonEqual" alt="" coords="185,259,308,285">
<area shape="rect" href="$group__gtc__matrix__transform.html#g1a75da872120125437265872423e0b14" title="glm::rotate" alt="" coords="205,360,288,387">
<area shape="rect" href="$group__core__func__common.html#g4e4d7b280fec55e5dfeb1367a1a2597d" title="glm::max" alt="" coords="373,81,448,108">
<area shape="rect" href="$group__core__func__common.html#g7c4425eacc9498bb2ab8a7cfd662cd69" title="glm::min" alt="" coords="375,132,447,159">
<area shape="rect" href="$group__core__func__common.html#gab4b95b47f2918ce6e7ac279a0ba27c1" title="glm::abs" alt="" coords="375,233,447,260">
<area shape="rect" href="$group__gtc__quaternion.html#g5c243b588291c790bf1b5ec3f0f08d1b" title="glm::axis" alt="" coords="373,284,448,311">
<area shape="rect" href="$group__core__func__trigonometric.html#gfef15df90786cd24fe786cc0ff2cbc98" title="glm::cos" alt="" coords="375,335,447,361">
<area shape="rect" href="$group__core__func__geometric.html#g0feb2bb89ee2743677ad2cb84544bd83" title="glm::normalize" alt="" coords="357,385,464,412">
<area shape="rect" href="$group__core__func__trigonometric.html#g87953103f3ac701b8440a7d904fa2e4d" title="glm::radians" alt="" coords="365,436,456,463">
<area shape="rect" href="$group__core__func__trigonometric.html#gd4d4eda735d915be9af695fe2b4cded2" title="glm::sin" alt="" coords="377,487,444,513">
<area shape="rect" href="$group__gtx__integer.html#g457e9efca8339bf918d319e9c55f7c8f" title="glm::sqrt" alt="" coords="512,284,584,311">
