<area shape="rect" href="$group__gtc__quaternion.html#g96dbce7a48d76fa63e65c4ba949a3bc4" title="glm::angleAxis" alt="" coords="160,5,267,32">
<area shape="rect" href="$group__gtx__matrix__interpolation.html#gf7c0106d03d55a7b670a6261b107f22b" title="glm::axisAngleMatrix" alt="" coords="141,56,285,83">
<area shape="rect" href="$group__gtc__random.html#gb633996dfedab1a7f45bb5cfa1b14443" title="glm::circularRand" alt="" coords="152,107,275,133">
<area shape="rect" href="$group__gtx__polar__coordinates.html#g3bd21c0f1b1d99a2f8e9cfc85bca488e" title="glm::euclidean" alt="" coords="161,157,265,184">
<area shape="rect" href="$group__gtx__euler__angles.html#g5fb8269b6795f95dec7ca7bbe61805f6" title="glm::eulerAngleX" alt="" coords="155,208,272,235">
<area shape="rect" href="$group__gtx__euler__angles.html#g6a2dc9bf80aecdffb3e5ab3bcede6647" title="glm::eulerAngleXY" alt="" coords="149,360,277,387">
<area shape="rect" href="$group__gtx__euler__angles.html#g558b0e0fd3c1f6a414d184a22c968b79" title="glm::eulerAngleY" alt="" coords="153,309,273,336">
<area shape="rect" href="$group__gtx__euler__angles.html#gd26afd5add0e121296d3b44dea32f32e" title="glm::eulerAngleYX" alt="" coords="149,411,277,437">
<area shape="rect" href="$group__gtx__euler__angles.html#g7ba74fb9419dd90256b682855e904159" title="glm::eulerAngleYXZ" alt="" coords="147,461,280,488">
<area shape="rect" href="$group__gtx__euler__angles.html#ge77e2c08c118ecd34ffc8ca425d2cf77" title="glm::eulerAngleZ" alt="" coords="155,259,272,285">
<area shape="rect" href="$group__gtx__quaternion.html#gd4ec8f59911f01bb4c298839017ba91f" title="glm::exp" alt="" coords="177,512,249,539">
<area shape="rect" href="$class_player.html#0de705c108e85cf8609ac827319fe11b" title="Moves the player backward." alt="" coords="137,563,289,589">
<area shape="rect" href="$class_player.html#afa223a6906cf925ac0f9ae1ad197cde" title="Moves the player forward." alt="" coords="143,613,284,640">
<area shape="rect" href="$group__gtx__euler__angles.html#g026f776506cd9c5b144c6d4b410a079b" title="glm::orientate2" alt="" coords="160,664,267,691">
<area shape="rect" href="$group__gtx__euler__angles.html#gce794db535af3056d97f4f62e7ed7509" title="glm::orientate3" alt="" coords="160,715,267,741">
<area shape="rect" href="$group__gtc__matrix__transform.html#gc9db4ea8ecdcb00f1d06d29603b5df52" title="glm::perspectiveFov" alt="" coords="145,765,281,792">
<area shape="rect" href="$group__gtx__quaternion.html#g49e7cd8958d474290778760d171a44d2" title="glm::pow" alt="" coords="177,816,249,843">
<area shape="rect" href="$group__gtc__quaternion.html#gca43bc964b553c2bde6a60499c1f2b50" title="glm::rotate" alt="" coords="172,867,255,893">
<area shape="rect" href="$group__gtx__rotate__normalized__axis.html#g9fc93bb16dd6719fc660a506cb833fb0" title="glm::rotateNormalizedAxis" alt="" coords="127,917,300,944">
<area shape="rect" href="$group__gtx__rotate__vector.html#g29ccc284b661dc52c457959f8cbf8af6" title="glm::rotateX" alt="" coords="168,968,259,995">
<area shape="rect" href="$group__gtx__rotate__vector.html#g8e792cb7fbd2ad57a4eafcccc62c523c" title="glm::rotateY" alt="" coords="168,1019,259,1045">
<area shape="rect" href="$group__gtx__rotate__vector.html#g67b56c3da73e7da777810b2a82bab4f8" title="glm::rotateZ" alt="" coords="168,1069,259,1096">
<area shape="rect" href="$group__gtc__reciprocal.html#gef67dab7093a4d0ccc9c06ca05ddafd4" title="glm::sec" alt="" coords="177,1120,249,1147">
<area shape="rect" href="$group__gtc__random.html#g02f5a6b98ae4e494eef340bcdd38ed35" title="glm::sphericalRand" alt="" coords="148,1171,279,1197">
<area shape="rect" href="$group__gtx__euler__angles.html#ga254d26a7a42b65101f4eee88d5b153f" title="glm::yawPitchRoll" alt="" coords="151,1221,276,1248">
<area shape="rect" href="$group__gtx__quaternion.html#gf7a15242ef69e5c997df231b28b92cef" title="glm::rotation" alt="" coords="367,5,460,32">
<area shape="rect" href="$group__gtx__matrix__interpolation.html#gc618bbef632f87be5c570aa5afe63f30" title="glm::interpolate" alt="" coords="359,56,468,83">
<area shape="rect" href="$group__gtx__euler__angles.html#g9b63e52fda0b7773c50bbf3c310bdcf2" title="glm::eulerAngleXZ" alt="" coords="351,233,476,260">
<area shape="rect" href="$group__gtx__euler__angles.html#g3709f9eb45b49ecf41d42bec91c031fa" title="glm::eulerAngleZX" alt="" coords="351,183,476,209">
<area shape="rect" href="$group__gtx__euler__angles.html#g9ac024a16439421d2a3c7c17b6df31b5" title="glm::eulerAngleYZ" alt="" coords="349,335,477,361">
<area shape="rect" href="$group__gtx__euler__angles.html#gfcd7d34bef520fd8bee6d4d865a8162a" title="glm::eulerAngleZY" alt="" coords="349,284,477,311">
<area shape="rect" href="$group__core__func__exponential.html#g0e7e69c5497cbbfe4afe08ee5449c553" title="glm::exp" alt="" coords="377,537,449,564">
<area shape="rect" href="$group__core__func__exponential.html#g85f6efedaa47799e8f406481baca2171" title="glm::exp2" alt="" coords="375,487,452,513">
<area shape="rect" href="$group__gtx__fast__exponential.html#g399b134d7015729817135440eb047d5a" title="glm::fastPow" alt="" coords="539,563,635,589">
<area shape="rect" href="$group__gtx__quaternion.html#ge94a070898e8be560a5dcf8e15854b2d" title="glm::intermediate" alt="" coords="527,512,647,539">
<area shape="rect" href="$group__core__func__exponential.html#gfdaffc3606f4ee7f415cd64ada108356" title="glm::pow" alt="" coords="377,816,449,843">
<area shape="rect" href="$group__gtx__norm.html#g2f42190c8743abab279d0a8f5a321692" title="glm::lxNorm" alt="" coords="541,816,632,843">
<area shape="rect" href="$group__gtx__euler__angles.html#g114ce533cc2f140cb17ca5a44214d973" title="glm::orientate3" alt="" coords="360,1247,467,1273">
<area shape="rect" href="$group__gtx__euler__angles.html#g98f6c8d3b6b97ff0ae2f64544142cb7f" title="glm::orientate4" alt="" coords="360,1196,467,1223">
