<area shape="rect" href="$group__core__func__exponential.html#g0e7e69c5497cbbfe4afe08ee5449c553" title="glm::exp" alt="" coords="185,56,257,83">
<area shape="rect" href="$group__core__func__matrix.html#g4b56decdc6560a13b616c6312bdcc17e" title="glm::inverse" alt="" coords="176,107,267,133">
<area shape="rect" href="$group__core__func__exponential.html#gce8148db3949f9260f6f883f8dbae808" title="glm::log" alt="" coords="188,157,255,184">
<area shape="rect" href="$group__gtx__quaternion.html#gd4ec8f59911f01bb4c298839017ba91f" title="glm::exp" alt="" coords="315,56,387,83">
<area shape="rect" href="$group__core__func__trigonometric.html#gfef15df90786cd24fe786cc0ff2cbc98" title="glm::cos" alt="" coords="441,5,513,32">
<area shape="rect" href="$group__core__func__geometric.html#gd73a94d9c967e619e670156356e93b7e" title="glm::length" alt="" coords="435,107,520,133">
<area shape="rect" href="$group__core__func__trigonometric.html#gd4d4eda735d915be9af695fe2b4cded2" title="glm::sin" alt="" coords="444,56,511,83">
<area shape="rect" href="$group__core__func__common.html#gab4b95b47f2918ce6e7ac279a0ba27c1" title="glm::abs" alt="" coords="573,107,645,133">
<area shape="rect" href="$group__gtx__quaternion.html#gbed81c73a777fce84fe442bbc17c13ce" title="glm::log" alt="" coords="317,157,384,184">
<area shape="rect" href="$group__core__func__trigonometric.html#gb89f4e2a1ea1426dc87ab3a06901b68a" title="glm::atan" alt="" coords="440,157,515,184">
<area shape="rect" href="$group__core__func__exponential.html#gfe49b7b63045b6ab94bffbcd7e7a7bc8" title="glm::sqrt" alt="" coords="441,208,513,235">
<area shape="rect" href="$group__gtx__compatibility.html#ga7c3a1b05bab87aa5a7cbc9efadfbc52" title="Arc tangent. Returns an angle whose tangent is y/x. The signs of x and y are used..." alt="" coords="568,157,651,184">
