<area shape="rect" href="$group__core__func__trigonometric.html#gd945cb7263cb202d93ea76aa5d419078" title="glm::acos" alt="" coords="175,5,252,32">
<area shape="rect" href="$group__core__func__vector__relational.html#gabd60ec747e12c78e2d5c6e6c2ede230" title="glm::all" alt="" coords="181,56,245,83">
<area shape="rect" href="$group__core__func__geometric.html#g9a325364ff3650c4a85c33704c646e76" title="glm::cross" alt="" coords="172,107,255,133">
<area shape="rect" href="$group__core__func__trigonometric.html#gcb63bdf23d5e084a5b6a2ed0ae395e64" title="glm::degrees" alt="" coords="165,157,261,184">
<area shape="rect" href="$group__core__func__geometric.html#gc64a3b29d01336161a668d328cac97eb" title="glm::dot" alt="" coords="180,208,247,235">
<area shape="rect" href="$group__gtc__matrix__transform.html#g1a75da872120125437265872423e0b14" title="glm::rotate" alt="" coords="172,259,255,285">
<area shape="rect" href="$group__gtc__quaternion.html#g5c243b588291c790bf1b5ec3f0f08d1b" title="glm::axis" alt="" coords="325,157,400,184">
<area shape="rect" href="$group__core__func__trigonometric.html#gfef15df90786cd24fe786cc0ff2cbc98" title="glm::cos" alt="" coords="327,208,399,235">
<area shape="rect" href="$group__core__func__geometric.html#g0feb2bb89ee2743677ad2cb84544bd83" title="glm::normalize" alt="" coords="309,259,416,285">
<area shape="rect" href="$group__core__func__trigonometric.html#g87953103f3ac701b8440a7d904fa2e4d" title="glm::radians" alt="" coords="317,309,408,336">
<area shape="rect" href="$group__core__func__trigonometric.html#gd4d4eda735d915be9af695fe2b4cded2" title="glm::sin" alt="" coords="329,360,396,387">
<area shape="rect" href="$group__gtx__integer.html#g457e9efca8339bf918d319e9c55f7c8f" title="glm::sqrt" alt="" coords="464,157,536,184">
