<area shape="rect" href="$group__gtc__quaternion.html#g96dbce7a48d76fa63e65c4ba949a3bc4" title="glm::angleAxis" alt="" coords="157,5,264,32">
<area shape="rect" href="$group__gtx__matrix__interpolation.html#gf7c0106d03d55a7b670a6261b107f22b" title="glm::axisAngleMatrix" alt="" coords="139,56,283,83">
<area shape="rect" href="$group__gtc__random.html#gb633996dfedab1a7f45bb5cfa1b14443" title="glm::circularRand" alt="" coords="149,107,272,133">
<area shape="rect" href="$group__gtc__reciprocal.html#gdadd7293102fe18951a4acb4df1455a8" title="glm::csc" alt="" coords="175,157,247,184">
<area shape="rect" href="$group__gtx__polar__coordinates.html#g3bd21c0f1b1d99a2f8e9cfc85bca488e" title="glm::euclidean" alt="" coords="159,208,263,235">
<area shape="rect" href="$group__gtx__euler__angles.html#g5fb8269b6795f95dec7ca7bbe61805f6" title="glm::eulerAngleX" alt="" coords="152,259,269,285">
<area shape="rect" href="$group__gtx__euler__angles.html#g6a2dc9bf80aecdffb3e5ab3bcede6647" title="glm::eulerAngleXY" alt="" coords="147,411,275,437">
<area shape="rect" href="$group__gtx__euler__angles.html#g558b0e0fd3c1f6a414d184a22c968b79" title="glm::eulerAngleY" alt="" coords="151,360,271,387">
<area shape="rect" href="$group__gtx__euler__angles.html#gd26afd5add0e121296d3b44dea32f32e" title="glm::eulerAngleYX" alt="" coords="147,461,275,488">
<area shape="rect" href="$group__gtx__euler__angles.html#g7ba74fb9419dd90256b682855e904159" title="glm::eulerAngleYXZ" alt="" coords="144,512,277,539">
<area shape="rect" href="$group__gtx__euler__angles.html#ge77e2c08c118ecd34ffc8ca425d2cf77" title="glm::eulerAngleZ" alt="" coords="152,309,269,336">
<area shape="rect" href="$group__gtx__quaternion.html#gd4ec8f59911f01bb4c298839017ba91f" title="glm::exp" alt="" coords="175,563,247,589">
<area shape="rect" href="$group__gtc__quaternion.html#gd53916e67eedc8bb259548504b713350" title="glm::mix" alt="" coords="175,664,247,691">
<area shape="rect" href="$group__gtc__quaternion.html#ga75cee4315cd8e7f15eaac3ea944106a" title="Returns the slurp interpolation between two quaternions." alt="" coords="372,652,449,679">
<area shape="rect" href="$class_player.html#0de705c108e85cf8609ac827319fe11b" title="Moves the player backward." alt="" coords="135,715,287,741">
<area shape="rect" href="$class_player.html#afa223a6906cf925ac0f9ae1ad197cde" title="Moves the player forward." alt="" coords="140,765,281,792">
<area shape="rect" href="$group__gtx__euler__angles.html#g026f776506cd9c5b144c6d4b410a079b" title="glm::orientate2" alt="" coords="157,816,264,843">
<area shape="rect" href="$group__gtx__euler__angles.html#gce794db535af3056d97f4f62e7ed7509" title="glm::orientate3" alt="" coords="157,867,264,893">
<area shape="rect" href="$group__gtc__matrix__transform.html#gc9db4ea8ecdcb00f1d06d29603b5df52" title="glm::perspectiveFov" alt="" coords="143,917,279,944">
<area shape="rect" href="$group__gtx__quaternion.html#g49e7cd8958d474290778760d171a44d2" title="glm::pow" alt="" coords="175,968,247,995">
<area shape="rect" href="$group__gtc__quaternion.html#gca43bc964b553c2bde6a60499c1f2b50" title="glm::rotate" alt="" coords="169,1019,252,1045">
<area shape="rect" href="$group__gtx__rotate__normalized__axis.html#g9fc93bb16dd6719fc660a506cb833fb0" title="glm::rotateNormalizedAxis" alt="" coords="124,1069,297,1096">
<area shape="rect" href="$group__gtx__rotate__vector.html#g29ccc284b661dc52c457959f8cbf8af6" title="glm::rotateX" alt="" coords="165,1120,256,1147">
<area shape="rect" href="$group__gtx__rotate__vector.html#g8e792cb7fbd2ad57a4eafcccc62c523c" title="glm::rotateY" alt="" coords="165,1171,256,1197">
<area shape="rect" href="$group__gtx__rotate__vector.html#g67b56c3da73e7da777810b2a82bab4f8" title="glm::rotateZ" alt="" coords="165,1221,256,1248">
<area shape="rect" href="$group__gtx__quaternion.html#g1d83d29dc8f5870d70d2833c64be777c" title="glm::shortMix" alt="" coords="161,1272,260,1299">
<area shape="rect" href="$group__gtc__random.html#g02f5a6b98ae4e494eef340bcdd38ed35" title="glm::sphericalRand" alt="" coords="145,1323,276,1349">
<area shape="rect" href="$group__gtx__euler__angles.html#ga254d26a7a42b65101f4eee88d5b153f" title="glm::yawPitchRoll" alt="" coords="148,1373,273,1400">
<area shape="rect" href="$group__gtx__quaternion.html#gf7a15242ef69e5c997df231b28b92cef" title="glm::rotation" alt="" coords="364,5,457,32">
<area shape="rect" href="$group__gtx__matrix__interpolation.html#gc618bbef632f87be5c570aa5afe63f30" title="glm::interpolate" alt="" coords="356,56,465,83">
<area shape="rect" href="$group__gtx__euler__angles.html#g9b63e52fda0b7773c50bbf3c310bdcf2" title="glm::eulerAngleXZ" alt="" coords="348,233,473,260">
<area shape="rect" href="$group__gtx__euler__angles.html#g3709f9eb45b49ecf41d42bec91c031fa" title="glm::eulerAngleZX" alt="" coords="348,284,473,311">
<area shape="rect" href="$group__gtx__euler__angles.html#g9ac024a16439421d2a3c7c17b6df31b5" title="glm::eulerAngleYZ" alt="" coords="347,335,475,361">
<area shape="rect" href="$group__gtx__euler__angles.html#gfcd7d34bef520fd8bee6d4d865a8162a" title="glm::eulerAngleZY" alt="" coords="347,385,475,412">
<area shape="rect" href="$group__core__func__exponential.html#g0e7e69c5497cbbfe4afe08ee5449c553" title="glm::exp" alt="" coords="375,525,447,552">
<area shape="rect" href="$group__core__func__exponential.html#g85f6efedaa47799e8f406481baca2171" title="glm::exp2" alt="" coords="372,576,449,603">
<area shape="rect" href="$group__gtx__fast__exponential.html#g399b134d7015729817135440eb047d5a" title="glm::fastPow" alt="" coords="536,551,632,577">
<area shape="rect" href="$group__gtx__quaternion.html#ge94a070898e8be560a5dcf8e15854b2d" title="glm::intermediate" alt="" coords="524,500,644,527">
<area shape="rect" href="$group__core__func__exponential.html#gfdaffc3606f4ee7f415cd64ada108356" title="glm::pow" alt="" coords="375,968,447,995">
<area shape="rect" href="$group__gtx__norm.html#g2f42190c8743abab279d0a8f5a321692" title="glm::lxNorm" alt="" coords="539,968,629,995">
<area shape="rect" href="$group__gtx__euler__angles.html#g114ce533cc2f140cb17ca5a44214d973" title="glm::orientate3" alt="" coords="357,1348,464,1375">
<area shape="rect" href="$group__gtx__euler__angles.html#g98f6c8d3b6b97ff0ae2f64544142cb7f" title="glm::orientate4" alt="" coords="357,1399,464,1425">
