<area shape="rect" href="$group__gtc__quaternion.html#g96dbce7a48d76fa63e65c4ba949a3bc4" title="glm::angleAxis" alt="" coords="148,56,255,83">
<area shape="rect" href="$group__core__func__geometric.html#g9a325364ff3650c4a85c33704c646e76" title="glm::cross" alt="" coords="160,107,243,133">
<area shape="rect" href="$group__core__func__geometric.html#gc64a3b29d01336161a668d328cac97eb" title="glm::dot" alt="" coords="168,157,235,184">
<area shape="rect" href="$group__gtx__norm.html#g6f970aba05e1299ed89d2ec3a410b7a9" title="glm::length2" alt="" coords="156,208,247,235">
<area shape="rect" href="$group__core__func__geometric.html#g0feb2bb89ee2743677ad2cb84544bd83" title="glm::normalize" alt="" coords="148,259,255,285">
<area shape="rect" href="$group__core__func__exponential.html#gfe49b7b63045b6ab94bffbcd7e7a7bc8" title="glm::sqrt" alt="" coords="165,309,237,336">
<area shape="rect" href="$group__core__func__trigonometric.html#gfef15df90786cd24fe786cc0ff2cbc98" title="glm::cos" alt="" coords="315,5,387,32">
<area shape="rect" href="$group__core__func__trigonometric.html#g87953103f3ac701b8440a7d904fa2e4d" title="glm::radians" alt="" coords="305,56,396,83">
<area shape="rect" href="$group__core__func__trigonometric.html#gd4d4eda735d915be9af695fe2b4cded2" title="glm::sin" alt="" coords="317,107,384,133">
