<area shape="rect" href="$group__gtc__quaternion.html#g96dbce7a48d76fa63e65c4ba949a3bc4" title="glm::angleAxis" alt="" coords="195,5,301,32">
<area shape="rect" href="$group__gtx__polar__coordinates.html#g3bd21c0f1b1d99a2f8e9cfc85bca488e" title="glm::euclidean" alt="" coords="196,56,300,83">
<area shape="rect" href="$group__gtc__matrix__transform.html#g2b5303a99580dc5a2ffe4cd9303397a9" title="glm::infinitePerspective" alt="" coords="171,107,325,133">
<area shape="rect" href="$group__gtc__matrix__transform.html#g6f705d60660ad2d4ef540ca0bb59273e" title="glm::perspective" alt="" coords="191,157,305,184">
<area shape="rect" href="$group__gtc__matrix__transform.html#gc9db4ea8ecdcb00f1d06d29603b5df52" title="glm::perspectiveFov" alt="" coords="180,208,316,235">
<area shape="rect" href="$group__gtc__quaternion.html#gca43bc964b553c2bde6a60499c1f2b50" title="glm::rotate" alt="" coords="207,259,289,285">
<area shape="rect" href="$group__gtx__rotate__normalized__axis.html#g9fc93bb16dd6719fc660a506cb833fb0" title="glm::rotateNormalizedAxis" alt="" coords="161,309,335,336">
<area shape="rect" href="$group__gtx__rotate__vector.html#g29ccc284b661dc52c457959f8cbf8af6" title="glm::rotateX" alt="" coords="203,360,293,387">
<area shape="rect" href="$group__gtx__rotate__vector.html#g8e792cb7fbd2ad57a4eafcccc62c523c" title="glm::rotateY" alt="" coords="203,411,293,437">
<area shape="rect" href="$group__gtx__rotate__vector.html#g67b56c3da73e7da777810b2a82bab4f8" title="glm::rotateZ" alt="" coords="203,461,293,488">
<area shape="rect" href="$group__gtc__matrix__transform.html#gb4748de5e549cbd83682c9d28a9ccdac" title="glm::tweakedInfinitePerspective" alt="" coords="147,512,349,539">
<area shape="rect" href="$group__gtx__quaternion.html#gf7a15242ef69e5c997df231b28b92cef" title="glm::rotation" alt="" coords="432,5,525,32">
<area shape="rect" href="$class_camera.html#621b0ca0ddcab43fb95ee754c443dfa4" title="Default constructor." alt="" coords="399,157,559,184">
