<area shape="rect" href="$group__core__func__geometric.html#gd21e00cab9f8b4eb6d1214a16dee06c7" title="glm::distance" alt="" coords="252,19,351,45">
<area shape="rect" href="$group__gtx__intersect.html#g95b17f6f08015c92fc8ac3e83010492d" title="glm::intersectRaySphere" alt="" coords="220,95,383,121">
<area shape="rect" href="$group__core__func__geometric.html#gd73a94d9c967e619e670156356e93b7e" title="glm::length" alt="" coords="436,5,521,32">
<area shape="rect" href="$group__core__func__common.html#gab4b95b47f2918ce6e7ac279a0ba27c1" title="glm::abs" alt="" coords="573,5,645,32">
<area shape="rect" href="$group__core__func__geometric.html#gc64a3b29d01336161a668d328cac97eb" title="glm::dot" alt="" coords="445,56,512,83">
<area shape="rect" href="$group__gtc__constants.html#g136c74927d8ab624f3c008bcd8c4445b" title="glm::epsilon" alt="" coords="433,107,524,133">
<area shape="rect" href="$group__core__func__exponential.html#gfe49b7b63045b6ab94bffbcd7e7a7bc8" title="glm::sqrt" alt="" coords="443,157,515,184">
