<area shape="rect" href="$group__gtc__matrix__transform.html#g1a75da872120125437265872423e0b14" title="glm::rotate" alt="" coords="140,107,223,133">
<area shape="rect" href="$group__gtc__quaternion.html#g5c243b588291c790bf1b5ec3f0f08d1b" title="glm::axis" alt="" coords="288,5,363,32">
<area shape="rect" href="$group__core__func__trigonometric.html#gfef15df90786cd24fe786cc0ff2cbc98" title="glm::cos" alt="" coords="289,56,361,83">
<area shape="rect" href="$group__core__func__geometric.html#g0feb2bb89ee2743677ad2cb84544bd83" title="glm::normalize" alt="" coords="272,107,379,133">
<area shape="rect" href="$group__core__func__trigonometric.html#g87953103f3ac701b8440a7d904fa2e4d" title="glm::radians" alt="" coords="280,157,371,184">
<area shape="rect" href="$group__core__func__trigonometric.html#gd4d4eda735d915be9af695fe2b4cded2" title="glm::sin" alt="" coords="292,208,359,235">
<area shape="rect" href="$group__gtx__integer.html#g457e9efca8339bf918d319e9c55f7c8f" title="glm::sqrt" alt="" coords="427,5,499,32">
