<area shape="rect" href="$group__gtx__vector__query.html#g9af1cd34fdb7c3cdeb11c0235fe7c468" title="glm::areOrthogonal" alt="" coords="140,31,271,57">
<area shape="rect" href="$group__gtc__random.html#g8543dd05af529c33cb10deb832aab03a" title="glm::ballRand" alt="" coords="156,107,255,133">
<area shape="rect" href="$group__gtc__random.html#gea707507f941467133dfdd4f3de9eeed" title="glm::diskRand" alt="" coords="153,157,257,184">
<area shape="rect" href="$group__core__func__geometric.html#gd21e00cab9f8b4eb6d1214a16dee06c7" title="glm::distance" alt="" coords="156,208,255,235">
<area shape="rect" href="$group__gtx__quaternion.html#gd4ec8f59911f01bb4c298839017ba91f" title="glm::exp" alt="" coords="169,259,241,285">
<area shape="rect" href="$group__gtx__vector__query.html#g70f64c6df21ad40303809d76b1474fbe" title="glm::isNormalized" alt="" coords="143,360,268,387">
<area shape="rect" href="$group__gtx__vector__query.html#g368e458df5a70d885f5d8a87ec7b8ef8" title="glm::isNull" alt="" coords="164,411,247,437">
<area shape="rect" href="$group__gtx__norm.html#g2c87568b2888f01baf0133320c09b8ca" title="glm::l2Norm" alt="" coords="160,461,251,488">
<area shape="rect" href="$group__gtx__quaternion.html#gbed81c73a777fce84fe442bbc17c13ce" title="glm::log" alt="" coords="172,309,239,336">
<area shape="rect" href="$group__gtc__dual__quaternion.html#g861508468b4982401f1ae5b4919c5678" title="glm::normalize" alt="" coords="152,512,259,539">
<area shape="rect" href="$group__gtx__polar__coordinates.html#g65a075c52ee1c699d77c4a98dd266006" title="glm::polar" alt="" coords="167,563,244,589">
<area shape="rect" href="$group__gtc__quaternion.html#gca43bc964b553c2bde6a60499c1f2b50" title="glm::rotate" alt="" coords="164,613,247,640">
<area shape="rect" href="$group__gtc__matrix__access.html#g4409b9c0604f3ed3e6f116b6680eae44" title="glm::row" alt="" coords="171,664,240,691">
<area shape="rect" href="$group__gtx__matrix__query.html#gbaeee016acd42f7a58bd1de063a3061b" title="glm::isOrthogonal" alt="" coords="479,5,601,32">
<area shape="rect" href="$group__gtx__closest__point.html#g2fe2729eb32015953823c96c2e15daf9" title="glm::closestPointOnLine" alt="" coords="459,208,621,235">
<area shape="rect" href="$classbt_convex_plane_collision_algorithm.html#79f8384fcdc2145be9fca0057edc8b69" title="btConvexPlaneCollisionAlgorithm::collideSingleContact" alt="" coords="372,259,708,285">
<area shape="rect" href="$classbt_convex_plane_collision_algorithm.html#ce95b966a346d00f7666549220f6afb8" title="btConvexPlaneCollisionAlgorithm::processCollision" alt="" coords="825,157,1140,184">
<area shape="rect" href="$classbt_gjk_pair_detector.html#bc29953dd7aee59e9ca887963c26c8c2" title="btGjkPairDetector::getClosestPointsNonVirtual" alt="" coords="395,107,685,133">
<area shape="rect" href="$group__gtx__intersect.html#g2e6a97dd3fcdbf83c24dd3499f81014b" title="glm::intersectRaySphere" alt="" coords="459,157,621,184">
<area shape="rect" href="$group__core__func__exponential.html#g0e7e69c5497cbbfe4afe08ee5449c553" title="glm::exp" alt="" coords="504,360,576,387">
<area shape="rect" href="$group__core__func__exponential.html#g85f6efedaa47799e8f406481baca2171" title="glm::exp2" alt="" coords="501,309,579,336">
<area shape="rect" href="$group__gtx__fast__exponential.html#g399b134d7015729817135440eb047d5a" title="glm::fastPow" alt="" coords="935,360,1031,387">
<area shape="rect" href="$group__gtx__quaternion.html#ge94a070898e8be560a5dcf8e15854b2d" title="glm::intermediate" alt="" coords="923,309,1043,336">
<area shape="rect" href="$group__core__func__exponential.html#gce8148db3949f9260f6f883f8dbae808" title="glm::log" alt="" coords="507,411,573,437">
<area shape="rect" href="$group__core__func__trigonometric.html#g7d91deddd26925a390f08448a1b9ab1a" title="glm::acosh" alt="" coords="940,563,1025,589">
<area shape="rect" href="$group__core__func__trigonometric.html#gaedecffe9a7c10e5930c4ec938a0ca2e" title="glm::asinh" alt="" coords="943,411,1023,437">
<area shape="rect" href="$group__core__func__trigonometric.html#g5207916954ad98477bf488a9a188f045" title="glm::atanh" alt="" coords="941,461,1024,488">
<area shape="rect" href="$group__gtc__random.html#gc045638daf634b0221ef4baaaf643cb2" title="glm::gaussRand" alt="" coords="925,512,1040,539">
<area shape="rect" href="$group__gtc__reciprocal.html#g05d1bc30693d02a9a08c9044d75c5333" title="glm::asech" alt="" coords="1337,563,1423,589">
<area shape="rect" href="$group__gtc__reciprocal.html#gb24c5c23d9d3d10517ad80f5af515b0e" title="glm::acsch" alt="" coords="1337,411,1423,437">
<area shape="rect" href="$group__gtc__reciprocal.html#g651e435e3e8f63b1ea1da0e5e7581864" title="glm::acoth" alt="" coords="1339,461,1421,488">
<area shape="rect" href="$classbt_inverse_dynamics_1_1_multi_body_tree_1_1_multi_body_impl.html#6e4b376b92377b3350d4ebfd94652a0f" title="btInverseDynamics::MultiBodyTree::MultiBodyImpl::calculateMassMatrix" alt="" coords="320,664,760,691">
<area shape="rect" href="$classbt_m_l_c_p_solver.html#b36b9b3bf2bbbd1de7db27ba109e0a8a" title="btMLCPSolver::createMLCPFast" alt="" coords="436,613,644,640">
<area shape="rect" href="$classbt_inverse_dynamics_1_1_multi_body_tree.html#0a767d639bb90ad3b1cb529eb26baa75" title="btInverseDynamics::MultiBodyTree::calculateMassMatrix" alt="" coords="808,664,1157,691">
<area shape="rect" href="$classbt_inverse_dynamics_1_1_multi_body_tree.html#07b710ad4cbbe4cdadd8e2b5ad7c854a" title="btInverseDynamics::MultiBodyTree::calculateMassMatrix" alt="" coords="1205,664,1555,691">
<area shape="rect" href="$classbt_m_l_c_p_solver.html#a465e167537eceb89f7125d3bb2d5321" title="btMLCPSolver::solveGroupCacheFriendlySetup" alt="" coords="837,613,1128,640">
