<area shape="rect" href="$group__gtx__vector__query.html#g9af1cd34fdb7c3cdeb11c0235fe7c468" title="glm::areOrthogonal" alt="" coords="143,5,273,32">
<area shape="rect" href="$group__gtx__vector__query.html#g78e84684059effca3c44c549476db51a" title="glm::areOrthonormal" alt="" coords="139,56,277,83">
<area shape="rect" href="$group__gtx__closest__point.html#g2fe2729eb32015953823c96c2e15daf9" title="glm::closestPointOnLine" alt="" coords="127,107,289,133">
<area shape="rect" href="$group__core__func__geometric.html#ga4cdf87f6fd660e7086776d9abb6cbae" title="glm::faceforward" alt="" coords="151,157,265,184">
<area shape="rect" href="$group__gtx__normalize__dot.html#gb3967681366216d96699232dd5e86d31" title="glm::fastNormalizeDot" alt="" coords="133,208,283,235">
<area shape="rect" href="$group__gtx__intersect.html#g28b9b80acf2ea35780709e01b27ab60f" title="glm::intersectLineSphere" alt="" coords="125,259,291,285">
<area shape="rect" href="$group__gtx__intersect.html#g1aa5d241478d1493ff4d8c22b8d9e293" title="glm::intersectLineTriangle" alt="" coords="124,309,292,336">
<area shape="rect" href="$group__gtx__intersect.html#g1699af184f5244ebe224fd653dd0bfc0" title="glm::intersectRayPlane" alt="" coords="131,360,285,387">
<area shape="rect" href="$group__gtx__intersect.html#g95b17f6f08015c92fc8ac3e83010492d" title="glm::intersectRaySphere" alt="" coords="127,411,289,437">
<area shape="rect" href="$group__gtx__intersect.html#gbf48f0fca6a10a8edb001b3d546de5fe" title="glm::intersectRayTriangle" alt="" coords="124,461,292,488">
<area shape="rect" href="$group__gtc__dual__quaternion.html#g793733e8cc7644ec2ff32a1007e85282" title="glm::inverse" alt="" coords="163,512,253,539">
<area shape="rect" href="$group__gtx__handed__coordinate__space.html#g5613515e0fdb693d30e9e8db0aa17176" title="glm::leftHanded" alt="" coords="152,563,264,589">
<area shape="rect" href="$group__gtc__dual__quaternion.html#gfbbdf3bd28dbfe656af3d86b9c7e0cd3" title="glm::lerp" alt="" coords="172,613,244,640">
<area shape="rect" href="$group__gtx__gradient__paint.html#g8d5ca6ccbfcaf23963228eac37543eeb" title="glm::linearGradient" alt="" coords="143,664,273,691">
<area shape="rect" href="$group__gtc__matrix__transform.html#g7f4f81d4b0d7b492112eb4d5b184d9be" title="glm::lookAt" alt="" coords="164,715,252,741">
<area shape="rect" href="$group__gtx__color__space.html#gdd1c8feae48a4fcf9e575648b25b914f" title="glm::luminosity" alt="" coords="153,765,263,792">
<area shape="rect" href="$group__gtx__mixed__product.html#g996c1d98418ba8e1208e273404158883" title="Mixed product of 3 vectors (from GLM_GTX_mixed_product extension)." alt="" coords="143,816,273,843">
<area shape="rect" href="$group__gtx__normalize__dot.html#g068b0c92713a438533628dd5d0b581d4" title="glm::normalizeDot" alt="" coords="145,867,271,893">
<area shape="rect" href="$group__gtx__rotate__vector.html#g6388a91274507ab81224d8f5d434875e" title="glm::orientation" alt="" coords="153,917,263,944">
<area shape="rect" href="$group__gtx__vector__angle.html#gfd969749b953f7a58da4a2563d06ea36" title="glm::orientedAngle" alt="" coords="144,968,272,995">
<area shape="rect" href="$group__gtx__orthonormalize.html#ge0c06d8312a13b38747271ea68f00121" title="glm::orthonormalize" alt="" coords="140,1019,276,1045">
<area shape="rect" href="$group__gtx__projection.html#g2a2ab28abbc6fa33c226ea8dd9ccd8cd" title="glm::proj" alt="" coords="172,1069,244,1096">
<area shape="rect" href="$group__core__func__geometric.html#gc973ce2bc49f749a469d3ed2e2ac5a54" title="glm::reflect" alt="" coords="165,1120,251,1147">
<area shape="rect" href="$group__core__func__geometric.html#g2020e01c134ebe03c1690306ff93af53" title="glm::refract" alt="" coords="165,1171,251,1197">
<area shape="rect" href="$group__gtx__handed__coordinate__space.html#g65f766ab3c8924b90eabc0e1ecf014d1" title="glm::rightHanded" alt="" coords="148,1221,268,1248">
<area shape="rect" href="$group__gtx__quaternion.html#gf7a15242ef69e5c997df231b28b92cef" title="glm::rotation" alt="" coords="161,1272,255,1299">
<area shape="rect" href="$group__gtx__quaternion.html#g1d83d29dc8f5870d70d2833c64be777c" title="glm::shortMix" alt="" coords="159,1323,257,1349">
<area shape="rect" href="$group__gtx__matrix__query.html#gbaeee016acd42f7a58bd1de063a3061b" title="glm::isOrthogonal" alt="" coords="363,5,485,32">
<area shape="rect" href="$group__gtx__intersect.html#g2e6a97dd3fcdbf83c24dd3499f81014b" title="glm::intersectRaySphere" alt="" coords="343,411,505,437">
<area shape="rect" href="$group__gtx__perpendicular.html#gcd6201d43400cf027df57552bf92301d" title="glm::perp" alt="" coords="387,1069,461,1096">
