<area shape="rect" href="$classbt_inverse_dynamics_1_1_multi_body_tree.html#d1f6d18e60ec7be3ec03b5aa9b8875b6" title="btInverseDynamics::MultiBodyTree::addBody" alt="" coords="149,5,429,32">
<area shape="rect" href="$classbt_continuous_convex_collision.html#fc75a57bddfeded52781bbd65ee16f37" title="cast a convex against another convex object" alt="" coords="140,56,439,83">
<area shape="rect" href="$class_physics_engine.html#f951fe2e462f4b487b653199298a1bb3" title="Create a heightfield terrain shape." alt="" coords="144,107,435,133">
<area shape="rect" href="$classbt_gjk_pair_detector.html#bc29953dd7aee59e9ca887963c26c8c2" title="btGjkPairDetector::getClosestPointsNonVirtual" alt="" coords="144,157,435,184">
<area shape="rect" href="$class_bruteforce.html#adf9803b858d6d43bc887d7a3506fb2a" title="Loads the heightfield data." alt="" coords="201,208,377,235">
<area shape="rect" href="$group__gtc__quaternion.html#g396b587a47d7e611895b2c95892a2e17" title="glm::normalize" alt="" coords="236,259,343,285">
<area shape="rect" href="$struct_vector2.html#34d1ee65e90865a7078dbc7e80e3c7e8" title="Calculates a normalized version of the vector." alt="" coords="220,309,359,336">
