<area shape="rect" href="$group__gtx__matrix__interpolation.html#gf7c0106d03d55a7b670a6261b107f22b" title="glm::axisAngleMatrix" alt="" coords="171,5,315,32">
<area shape="rect" href="$group__gtx__quaternion.html#g0538872e0a23bc7ba865700756c1a3a7" title="glm::fastMix" alt="" coords="197,56,288,83">
<area shape="rect" href="$group__gtx__intersect.html#g28b9b80acf2ea35780709e01b27ab60f" title="glm::intersectLineSphere" alt="" coords="160,107,325,133">
<area shape="rect" href="$group__gtc__matrix__transform.html#g7f4f81d4b0d7b492112eb4d5b184d9be" title="glm::lookAt" alt="" coords="199,157,287,184">
<area shape="rect" href="$group__gtx__orthonormalize.html#ge0c06d8312a13b38747271ea68f00121" title="glm::orthonormalize" alt="" coords="175,208,311,235">
<area shape="rect" href="$group__gtc__matrix__transform.html#g1a75da872120125437265872423e0b14" title="glm::rotate" alt="" coords="201,259,284,285">
<area shape="rect" href="$group__gtx__quaternion.html#gf7a15242ef69e5c997df231b28b92cef" title="glm::rotation" alt="" coords="196,309,289,336">
<area shape="rect" href="$group__gtx__normal.html#g008775be02f71e8673a58e34acbb9a69" title="glm::triangleNormal" alt="" coords="176,360,309,387">
<area shape="rect" href="$group__gtx__matrix__interpolation.html#gc618bbef632f87be5c570aa5afe63f30" title="glm::interpolate" alt="" coords="409,5,519,32">
<area shape="rect" href="$class_camera.html#3518233b244af839db6eefe59e7002de" title="Gets the rotation matrix." alt="" coords="375,183,553,209">
<area shape="rect" href="$group__gtx__rotate__vector.html#g6388a91274507ab81224d8f5d434875e" title="glm::orientation" alt="" coords="409,233,519,260">
<area shape="rect" href="$group__gtx__vector__angle.html#gfd969749b953f7a58da4a2563d06ea36" title="glm::orientedAngle" alt="" coords="400,284,528,311">
<area shape="rect" href="$group__gtx__rotate__vector.html#gf0809ae83e84fc9880b4c8b7093c349c" title="glm::rotate" alt="" coords="423,335,505,361">
<area shape="rect" href="$class_camera.html#ff61f06284cca3216accdf556dfbd3c1" title="Gets the camera position." alt="" coords="627,132,739,159">
<area shape="rect" href="$class_camera.html#338c5baf20b57652828c53e0791adf9a" title="Gets the camera view." alt="" coords="621,183,744,209">
<area shape="rect" href="$class_camera.html#ffa333055635aed96518c4c66be9a70c" title="Gets the view matrix." alt="" coords="603,233,763,260">
<area shape="rect" href="$class_camera.html#ec3a27aa4de4ad2d10d421ee2fa54223" title="Moves the camera." alt="" coords="811,183,960,209">
