<area shape="rect" href="$scene_8h.html" title="Defines the data structures in which the imported scene is returned." alt="" coords="4637,80,5715,107">
<area shape="rect" href="$_model_8h-source.html" title="C:/Users/New/Documents/Games_Technology/Year4_Semester1/ICT397/~My Work/Assignment2/ICT397Carre/CarreGameEngine/CarreGameEngine/AssetFactory/Model.h" alt="" coords="4669,155,5683,181">
<area shape="rect" href="$_dynamic_object_8h-source.html" title="C:/Users/New/Documents/Games_Technology/Year4_Semester1/ICT397/~My Work/Assignment2/ICT397Carre/CarreGameEngine/CarreGameEngine/Animation/DynamicObject.h" alt="" coords="5,304,1053,331">
<area shape="rect" href="$_open_gl_8h-source.html" title="C:/Users/New/Documents/Games_Technology/Year4_Semester1/ICT397/~My Work/Assignment2/ICT397Carre/CarreGameEngine/CarreGameEngine/Renderer/OpenGl.h" alt="" coords="1077,304,2075,331">
<area shape="rect" href="$_game_world_8h-source.html" title="C:/Users/New/Documents/Games_Technology/Year4_Semester1/ICT397/~My Work/Assignment2/ICT397Carre/CarreGameEngine/CarreGameEngine/headers/GameWorld.h" alt="" coords="3500,379,4516,405">
<area shape="rect" href="$_game_control_engine_8h-source.html" title="C:/Users/New/Documents/Games_Technology/Year4_Semester1/ICT397/~My Work/Assignment2/ICT397Carre/CarreGameEngine/CarreGameEngine/headers/GameControlEngine.h" alt="" coords="5201,453,6265,480">
<area shape="rect" href="$_terrain_8h-source.html" title="C:/Users/New/Documents/Games_Technology/Year4_Semester1/ICT397/~My Work/Assignment2/ICT397Carre/CarreGameEngine/CarreGameEngine/AssetFactory/Terrain.h" alt="" coords="3164,229,4183,256">
<area shape="rect" href="$_entity_8h-source.html" title="C:/Users/New/Documents/Games_Technology/Year4_Semester1/ICT397/~My Work/Assignment2/ICT397Carre/CarreGameEngine/CarreGameEngine/AssetFactory/Entity.h" alt="" coords="7472,229,8485,256">
<area shape="rect" href="$_i_game_asset_8h-source.html" title="C:/Users/New/Documents/Games_Technology/Year4_Semester1/ICT397/~My Work/Assignment2/ICT397Carre/CarreGameEngine/CarreGameEngine/AssetFactory/IGameAsset.h" alt="" coords="6296,229,7347,256">
<area shape="rect" href="$_object_8h-source.html" title="C:/Users/New/Documents/Games_Technology/Year4_Semester1/ICT397/~My Work/Assignment2/ICT397Carre/CarreGameEngine/CarreGameEngine/AssetFactory/Object.h" alt="" coords="7685,304,8701,331">
<area shape="rect" href="$_n_p_c_8h-source.html" title="C:/Users/New/Documents/Games_Technology/Year4_Semester1/ICT397/~My Work/Assignment2/ICT397Carre/CarreGameEngine/CarreGameEngine/AssetFactory/NPC.h" alt="" coords="8725,304,9731,331">
<area shape="rect" href="$_model_8cpp-source.html" title="C:/Users/New/Documents/Games_Technology/Year4_Semester1/ICT397/~My Work/Assignment2/ICT397Carre/CarreGameEngine/CarreGameEngine/AssetFactory/Model.cpp" alt="" coords="8509,229,9536,256">
<area shape="rect" href="$_player_8h-source.html" title="C:/Users/New/Documents/Games_Technology/Year4_Semester1/ICT397/~My Work/Assignment2/ICT397Carre/CarreGameEngine/CarreGameEngine/AssetFactory/Player.h" alt="" coords="4668,229,5684,256">
<area shape="rect" href="$_dynamic_object_8cpp-source.html" title="C:/Users/New/Documents/Games_Technology/Year4_Semester1/ICT397/~My Work/Assignment2/ICT397Carre/CarreGameEngine/CarreGameEngine/Animation/DynamicObject.cpp" alt="" coords="255,379,1316,405">
<area shape="rect" href="$_game_world_8cpp-source.html" title="C:/Users/New/Documents/Games_Technology/Year4_Semester1/ICT397/~My Work/Assignment2/ICT397Carre/CarreGameEngine/CarreGameEngine/src/GameWorld.cpp" alt="" coords="1612,453,2615,480">
<area shape="rect" href="$_open_gl_8cpp-source.html" title="C:/Users/New/Documents/Games_Technology/Year4_Semester1/ICT397/~My Work/Assignment2/ICT397Carre/CarreGameEngine/CarreGameEngine/Renderer/OpenGl.cpp" alt="" coords="1340,379,2351,405">
<area shape="rect" href="$_game_control_engine_8cpp-source.html" title="C:/Users/New/Documents/Games_Technology/Year4_Semester1/ICT397/~My Work/Assignment2/ICT397Carre/CarreGameEngine/CarreGameEngine/src/GameControlEngine.cpp" alt="" coords="5209,528,6257,555">
<area shape="rect" href="$_g_l_f_w_manager_8cpp-source.html" title="C:/Users/New/Documents/Games_Technology/Year4_Semester1/ICT397/~My Work/Assignment2/ICT397Carre/CarreGameEngine/CarreGameEngine/src/GLFWManager.cpp" alt="" coords="6288,528,7309,555">
<area shape="rect" href="$_bruteforce_8h-source.html" title="C:/Users/New/Documents/Games_Technology/Year4_Semester1/ICT397/~My Work/Assignment2/ICT397Carre/CarreGameEngine/CarreGameEngine/AssetFactory/Bruteforce.h" alt="" coords="3155,304,4192,331">
<area shape="rect" href="$_terrain_8cpp-source.html" title="C:/Users/New/Documents/Games_Technology/Year4_Semester1/ICT397/~My Work/Assignment2/ICT397Carre/CarreGameEngine/CarreGameEngine/AssetFactory/Terrain.cpp" alt="" coords="2099,304,3131,331">
<area shape="rect" href="$_bruteforce_8cpp-source.html" title="C:/Users/New/Documents/Games_Technology/Year4_Semester1/ICT397/~My Work/Assignment2/ICT397Carre/CarreGameEngine/CarreGameEngine/AssetFactory/Bruteforce.cpp" alt="" coords="2425,379,3476,405">
<area shape="rect" href="$_entity_8cpp-source.html" title="C:/Users/New/Documents/Games_Technology/Year4_Semester1/ICT397/~My Work/Assignment2/ICT397Carre/CarreGameEngine/CarreGameEngine/AssetFactory/Entity.cpp" alt="" coords="9755,304,10781,331">
<area shape="rect" href="$_game_asset_factory_8h-source.html" title="C:/Users/New/Documents/Games_Technology/Year4_Semester1/ICT397/~My Work/Assignment2/ICT397Carre/CarreGameEngine/CarreGameEngine/AssetFactory/GameAssetFactory.h" alt="" coords="6571,304,7661,331">
<area shape="rect" href="$_game_asset_factory_8cpp-source.html" title="C:/Users/New/Documents/Games_Technology/Year4_Semester1/ICT397/~My Work/Assignment2/ICT397Carre/CarreGameEngine/CarreGameEngine/AssetFactory/GameAssetFactory.cpp" alt="" coords="7171,379,8277,405">
<area shape="rect" href="$_object_8cpp-source.html" title="C:/Users/New/Documents/Games_Technology/Year4_Semester1/ICT397/~My Work/Assignment2/ICT397Carre/CarreGameEngine/CarreGameEngine/AssetFactory/Object.cpp" alt="" coords="8301,379,9333,405">
<area shape="rect" href="$_n_p_c_8cpp-source.html" title="C:/Users/New/Documents/Games_Technology/Year4_Semester1/ICT397/~My Work/Assignment2/ICT397Carre/CarreGameEngine/CarreGameEngine/AssetFactory/NPC.cpp" alt="" coords="9357,379,10376,405">
<area shape="rect" href="$_player_8cpp-source.html" title="C:/Users/New/Documents/Games_Technology/Year4_Semester1/ICT397/~My Work/Assignment2/ICT397Carre/CarreGameEngine/CarreGameEngine/AssetFactory/Player.cpp" alt="" coords="4368,304,5397,331">
<area shape="rect" href="$_input_manager_8h-source.html" title="C:/Users/New/Documents/Games_Technology/Year4_Semester1/ICT397/~My Work/Assignment2/ICT397Carre/CarreGameEngine/CarreGameEngine/headers/InputManager.h" alt="" coords="5472,304,6496,331">
<area shape="rect" href="$_window_manager_8h-source.html" title="C:/Users/New/Documents/Games_Technology/Year4_Semester1/ICT397/~My Work/Assignment2/ICT397Carre/CarreGameEngine/CarreGameEngine/headers/WindowManager.h" alt="" coords="6053,379,7096,405">
<area shape="rect" href="$_input_manager_8cpp-source.html" title="C:/Users/New/Documents/Games_Technology/Year4_Semester1/ICT397/~My Work/Assignment2/ICT397Carre/CarreGameEngine/CarreGameEngine/src/InputManager.cpp" alt="" coords="4917,379,5928,405">
<area shape="rect" href="$_g_l_f_w_manager_8h-source.html" title="C:/Users/New/Documents/Games_Technology/Year4_Semester1/ICT397/~My Work/Assignment2/ICT397Carre/CarreGameEngine/CarreGameEngine/headers/GLFWManager.h" alt="" coords="6289,453,7324,480">
