<area shape="rect" href="$_model_8h-source.html" title="C:/Users/New/Documents/Games_Technology/Year4_Semester1/ICT397/~My Work/Assignment2/ICT397Carre/CarreGameEngine/CarreGameEngine/AssetFactory/Model.h" alt="" coords="4669,80,5683,107">
<area shape="rect" href="$_dynamic_object_8h-source.html" title="C:/Users/New/Documents/Games_Technology/Year4_Semester1/ICT397/~My Work/Assignment2/ICT397Carre/CarreGameEngine/CarreGameEngine/Animation/DynamicObject.h" alt="" coords="5,229,1053,256">
<area shape="rect" href="$_open_gl_8h-source.html" title="C:/Users/New/Documents/Games_Technology/Year4_Semester1/ICT397/~My Work/Assignment2/ICT397Carre/CarreGameEngine/CarreGameEngine/Renderer/OpenGl.h" alt="" coords="1077,229,2075,256">
<area shape="rect" href="$_game_world_8h-source.html" title="C:/Users/New/Documents/Games_Technology/Year4_Semester1/ICT397/~My Work/Assignment2/ICT397Carre/CarreGameEngine/CarreGameEngine/headers/GameWorld.h" alt="" coords="3500,304,4516,331">
<area shape="rect" href="$_game_control_engine_8h-source.html" title="C:/Users/New/Documents/Games_Technology/Year4_Semester1/ICT397/~My Work/Assignment2/ICT397Carre/CarreGameEngine/CarreGameEngine/headers/GameControlEngine.h" alt="" coords="5201,379,6265,405">
<area shape="rect" href="$_terrain_8h-source.html" title="C:/Users/New/Documents/Games_Technology/Year4_Semester1/ICT397/~My Work/Assignment2/ICT397Carre/CarreGameEngine/CarreGameEngine/AssetFactory/Terrain.h" alt="" coords="3164,155,4183,181">
<area shape="rect" href="$_entity_8h-source.html" title="C:/Users/New/Documents/Games_Technology/Year4_Semester1/ICT397/~My Work/Assignment2/ICT397Carre/CarreGameEngine/CarreGameEngine/AssetFactory/Entity.h" alt="" coords="7472,155,8485,181">
<area shape="rect" href="$_i_game_asset_8h-source.html" title="C:/Users/New/Documents/Games_Technology/Year4_Semester1/ICT397/~My Work/Assignment2/ICT397Carre/CarreGameEngine/CarreGameEngine/AssetFactory/IGameAsset.h" alt="" coords="6296,155,7347,181">
<area shape="rect" href="$_object_8h-source.html" title="C:/Users/New/Documents/Games_Technology/Year4_Semester1/ICT397/~My Work/Assignment2/ICT397Carre/CarreGameEngine/CarreGameEngine/AssetFactory/Object.h" alt="" coords="7685,229,8701,256">
<area shape="rect" href="$_n_p_c_8h-source.html" title="C:/Users/New/Documents/Games_Technology/Year4_Semester1/ICT397/~My Work/Assignment2/ICT397Carre/CarreGameEngine/CarreGameEngine/AssetFactory/NPC.h" alt="" coords="8725,229,9731,256">
<area shape="rect" href="$_model_8cpp-source.html" title="C:/Users/New/Documents/Games_Technology/Year4_Semester1/ICT397/~My Work/Assignment2/ICT397Carre/CarreGameEngine/CarreGameEngine/AssetFactory/Model.cpp" alt="" coords="8509,155,9536,181">
<area shape="rect" href="$_player_8h-source.html" title="C:/Users/New/Documents/Games_Technology/Year4_Semester1/ICT397/~My Work/Assignment2/ICT397Carre/CarreGameEngine/CarreGameEngine/AssetFactory/Player.h" alt="" coords="4668,155,5684,181">
<area shape="rect" href="$_dynamic_object_8cpp-source.html" title="C:/Users/New/Documents/Games_Technology/Year4_Semester1/ICT397/~My Work/Assignment2/ICT397Carre/CarreGameEngine/CarreGameEngine/Animation/DynamicObject.cpp" alt="" coords="255,304,1316,331">
<area shape="rect" href="$_game_world_8cpp-source.html" title="C:/Users/New/Documents/Games_Technology/Year4_Semester1/ICT397/~My Work/Assignment2/ICT397Carre/CarreGameEngine/CarreGameEngine/src/GameWorld.cpp" alt="" coords="1612,379,2615,405">
<area shape="rect" href="$_open_gl_8cpp-source.html" title="C:/Users/New/Documents/Games_Technology/Year4_Semester1/ICT397/~My Work/Assignment2/ICT397Carre/CarreGameEngine/CarreGameEngine/Renderer/OpenGl.cpp" alt="" coords="1340,304,2351,331">
<area shape="rect" href="$_game_control_engine_8cpp-source.html" title="C:/Users/New/Documents/Games_Technology/Year4_Semester1/ICT397/~My Work/Assignment2/ICT397Carre/CarreGameEngine/CarreGameEngine/src/GameControlEngine.cpp" alt="" coords="5209,453,6257,480">
<area shape="rect" href="$_g_l_f_w_manager_8cpp-source.html" title="C:/Users/New/Documents/Games_Technology/Year4_Semester1/ICT397/~My Work/Assignment2/ICT397Carre/CarreGameEngine/CarreGameEngine/src/GLFWManager.cpp" alt="" coords="6288,453,7309,480">
<area shape="rect" href="$_bruteforce_8h-source.html" title="C:/Users/New/Documents/Games_Technology/Year4_Semester1/ICT397/~My Work/Assignment2/ICT397Carre/CarreGameEngine/CarreGameEngine/AssetFactory/Bruteforce.h" alt="" coords="3155,229,4192,256">
<area shape="rect" href="$_terrain_8cpp-source.html" title="C:/Users/New/Documents/Games_Technology/Year4_Semester1/ICT397/~My Work/Assignment2/ICT397Carre/CarreGameEngine/CarreGameEngine/AssetFactory/Terrain.cpp" alt="" coords="2099,229,3131,256">
<area shape="rect" href="$_bruteforce_8cpp-source.html" title="C:/Users/New/Documents/Games_Technology/Year4_Semester1/ICT397/~My Work/Assignment2/ICT397Carre/CarreGameEngine/CarreGameEngine/AssetFactory/Bruteforce.cpp" alt="" coords="2425,304,3476,331">
<area shape="rect" href="$_entity_8cpp-source.html" title="C:/Users/New/Documents/Games_Technology/Year4_Semester1/ICT397/~My Work/Assignment2/ICT397Carre/CarreGameEngine/CarreGameEngine/AssetFactory/Entity.cpp" alt="" coords="9755,229,10781,256">
<area shape="rect" href="$_game_asset_factory_8h-source.html" title="C:/Users/New/Documents/Games_Technology/Year4_Semester1/ICT397/~My Work/Assignment2/ICT397Carre/CarreGameEngine/CarreGameEngine/AssetFactory/GameAssetFactory.h" alt="" coords="6571,229,7661,256">
<area shape="rect" href="$_game_asset_factory_8cpp-source.html" title="C:/Users/New/Documents/Games_Technology/Year4_Semester1/ICT397/~My Work/Assignment2/ICT397Carre/CarreGameEngine/CarreGameEngine/AssetFactory/GameAssetFactory.cpp" alt="" coords="7171,304,8277,331">
<area shape="rect" href="$_object_8cpp-source.html" title="C:/Users/New/Documents/Games_Technology/Year4_Semester1/ICT397/~My Work/Assignment2/ICT397Carre/CarreGameEngine/CarreGameEngine/AssetFactory/Object.cpp" alt="" coords="8301,304,9333,331">
<area shape="rect" href="$_n_p_c_8cpp-source.html" title="C:/Users/New/Documents/Games_Technology/Year4_Semester1/ICT397/~My Work/Assignment2/ICT397Carre/CarreGameEngine/CarreGameEngine/AssetFactory/NPC.cpp" alt="" coords="9357,304,10376,331">
<area shape="rect" href="$_player_8cpp-source.html" title="C:/Users/New/Documents/Games_Technology/Year4_Semester1/ICT397/~My Work/Assignment2/ICT397Carre/CarreGameEngine/CarreGameEngine/AssetFactory/Player.cpp" alt="" coords="4368,229,5397,256">
<area shape="rect" href="$_input_manager_8h-source.html" title="C:/Users/New/Documents/Games_Technology/Year4_Semester1/ICT397/~My Work/Assignment2/ICT397Carre/CarreGameEngine/CarreGameEngine/headers/InputManager.h" alt="" coords="5472,229,6496,256">
<area shape="rect" href="$_window_manager_8h-source.html" title="C:/Users/New/Documents/Games_Technology/Year4_Semester1/ICT397/~My Work/Assignment2/ICT397Carre/CarreGameEngine/CarreGameEngine/headers/WindowManager.h" alt="" coords="6053,304,7096,331">
<area shape="rect" href="$_input_manager_8cpp-source.html" title="C:/Users/New/Documents/Games_Technology/Year4_Semester1/ICT397/~My Work/Assignment2/ICT397Carre/CarreGameEngine/CarreGameEngine/src/InputManager.cpp" alt="" coords="4917,304,5928,331">
<area shape="rect" href="$_g_l_f_w_manager_8h-source.html" title="C:/Users/New/Documents/Games_Technology/Year4_Semester1/ICT397/~My Work/Assignment2/ICT397Carre/CarreGameEngine/CarreGameEngine/headers/GLFWManager.h" alt="" coords="6289,379,7324,405">
