<area shape="rect" href="$structb3_dynamic_bvh.html" title="b3DynamicBvh" alt="" coords="1785,33,1892,60">
<area shape="rect" href="$classb3_aligned_object_array.html" title="b3AlignedObjectArray\&lt; const b3DbvtNode * \&gt;" alt="" coords="1328,33,1613,60">
<area shape="rect" href="$classb3_aligned_allocator.html" title="b3AlignedAllocator\&lt; const b3DbvtNode *, 16 \&gt;" alt="" coords="649,5,937,32">
<area shape="rect" href="$classb3_aligned_allocator.html" title="b3AlignedAllocator\&lt; T, Alignment \&gt;" alt="" coords="5,68,232,95">
<area shape="rect" href="$classb3_aligned_allocator.html" title="b3AlignedAllocator\&lt; T, 16 \&gt;" alt="" coords="441,68,623,95">
<area shape="rect" href="$classb3_aligned_allocator.html" title="b3AlignedAllocator\&lt; b3DbvtProxy, 16 \&gt;" alt="" coords="669,124,917,151">
<area shape="rect" href="$classb3_aligned_object_array.html" title="b3AlignedObjectArray\&lt; T \&gt;" alt="" coords="963,68,1141,95">
<area shape="rect" href="$classb3_aligned_object_array.html" title="b3AlignedObjectArray\&lt; b3DbvtProxy \&gt;" alt="" coords="1349,87,1592,113">
<area shape="rect" href="$classb3_overlapping_pair_cache.html" title="b3OverlappingPairCache" alt="" coords="1757,148,1920,175">
