<area shape="rect" href="$classbt_hash_map.html" title="btInternalTriangleInfoMap" alt="" coords="743,59,905,85">
<area shape="rect" href="$classbt_aligned_object_array.html" title="btAlignedObjectArray\&lt; int \&gt;" alt="" coords="400,8,581,35">
<area shape="rect" href="$classbt_aligned_allocator.html" title="btAlignedAllocator\&lt; int, 16 \&gt;" alt="" coords="36,8,223,35">
<area shape="rect" href="$classbt_aligned_object_array.html" title="btAlignedObjectArray\&lt; btHashInt \&gt;" alt="" coords="379,59,603,85">
<area shape="rect" href="$classbt_aligned_allocator.html" title="btAlignedAllocator\&lt; btHashInt, 16 \&gt;" alt="" coords="16,59,243,85">
<area shape="rect" href="$classbt_aligned_object_array.html" title="btAlignedObjectArray\&lt; btTriangleInfo \&gt;" alt="" coords="369,109,612,136">
<area shape="rect" href="$classbt_aligned_allocator.html" title="btAlignedAllocator\&lt; btTriangleInfo, 16 \&gt;" alt="" coords="5,109,253,136">
<area shape="rect" href="$structbt_triangle_info.html" title="btTriangleInfo" alt="" coords="81,160,177,187">
