<area shape="rect" href="$types_8h.html" title="types.h" alt="" coords="760,80,824,107">
<area shape="rect" href="$pushpack1_8h-source.html" title="./Compiler/pushpack1.h" alt="" coords="977,229,1135,256">
<area shape="rect" href="$poppack1_8h-source.html" title="./Compiler/poppack1.h" alt="" coords="1395,229,1547,256">
<area shape="rect" href="$defs_8h.html" title="Assimp build configuration setup. See the notes in the comment blocks to find out..." alt="" coords="208,304,264,331">
<area shape="rect" href="$vector3_8h.html" title="3D vector structure, including operators when compiling in C++" alt="" coords="309,229,381,256">
<area shape="rect" href="$vector2_8h.html" title="2D vector structure, including operators when compiling in C++" alt="" coords="387,155,459,181">
<area shape="rect" href="$color4_8h.html" title="RGBA color structure, including operators when compiling in C++." alt="" coords="168,229,235,256">
<area shape="rect" href="$matrix3x3_8h.html" title="Definition of a 3x3 matrix, including operators when compiling in C++." alt="" coords="5,229,93,256">
<area shape="rect" href="$matrix4x4_8h.html" title="4x4 matrix structure, including operators when compiling in C++" alt="" coords="224,155,312,181">
<area shape="rect" href="$quaternion_8h.html" title="Quaternion structure, including operators when compiling in C++." alt="" coords="483,155,573,181">
<area shape="rect" href="$vector2_8inl.html" title="Inline implementation of aiVector2t&lt;TReal&gt; operators." alt="" coords="597,155,677,181">
<area shape="rect" href="$vector3_8inl.html" title="Inline implementation of aiVector3t&lt;TReal&gt; operators." alt="" coords="701,155,781,181">
<area shape="rect" href="$color4_8inl.html" title="Inline implementation of aiColor4t&lt;TReal&gt; operators." alt="" coords="805,155,877,181">
<area shape="rect" href="$assimp-4_81_80_2include_2assimp_2quaternion_8inl-source.html" title="quaternion.inl" alt="" coords="901,155,1000,181">
<area shape="rect" href="$matrix3x3_8inl.html" title="Inline implementation of the 3x3 matrix operators." alt="" coords="1024,155,1120,181">
<area shape="rect" href="$matrix4x4_8inl.html" title="Inline implementation of the 4x4 matrix operators." alt="" coords="1144,155,1240,181">
<area shape="rect" href="$config_8h.html" title="Defines constants for configurable properties for the library." alt="" coords="180,379,292,405">
